Component: ARM Compiler 5.06 update 5 (build 528) Tool: armlink [4d35e2]

==============================================================================

Section Cross References

    startup_stm32f407xx.o(STACK) refers (Special) to heapauxi.o(.text) for __use_two_region_memory
    startup_stm32f407xx.o(HEAP) refers (Special) to heapauxi.o(.text) for __use_two_region_memory
    startup_stm32f407xx.o(RESET) refers (Special) to heapauxi.o(.text) for __use_two_region_memory
    startup_stm32f407xx.o(RESET) refers to startup_stm32f407xx.o(STACK) for __initial_sp
    startup_stm32f407xx.o(RESET) refers to startup_stm32f407xx.o(.text) for Reset_Handler
    startup_stm32f407xx.o(RESET) refers to stm32f4xx_it.o(i.NMI_Handler) for NMI_Handler
    startup_stm32f407xx.o(RESET) refers to stm32f4xx_it.o(i.HardFault_Handler) for HardFault_Handler
    startup_stm32f407xx.o(RESET) refers to stm32f4xx_it.o(i.MemManage_Handler) for MemManage_Handler
    startup_stm32f407xx.o(RESET) refers to stm32f4xx_it.o(i.BusFault_Handler) for BusFault_Handler
    startup_stm32f407xx.o(RESET) refers to stm32f4xx_it.o(i.UsageFault_Handler) for UsageFault_Handler
    startup_stm32f407xx.o(RESET) refers to port.o(.emb_text) for SVC_Handler
    startup_stm32f407xx.o(RESET) refers to stm32f4xx_it.o(i.DebugMon_Handler) for DebugMon_Handler
    startup_stm32f407xx.o(RESET) refers to cmsis_os2.o(i.SysTick_Handler) for SysTick_Handler
    startup_stm32f407xx.o(RESET) refers to stm32f4xx_it.o(i.DMA1_Stream1_IRQHandler) for DMA1_Stream1_IRQHandler
    startup_stm32f407xx.o(RESET) refers to stm32f4xx_it.o(i.DMA1_Stream2_IRQHandler) for DMA1_Stream2_IRQHandler
    startup_stm32f407xx.o(RESET) refers to stm32f4xx_it.o(i.DMA1_Stream3_IRQHandler) for DMA1_Stream3_IRQHandler
    startup_stm32f407xx.o(RESET) refers to stm32f4xx_it.o(i.DMA1_Stream4_IRQHandler) for DMA1_Stream4_IRQHandler
    startup_stm32f407xx.o(RESET) refers to stm32f4xx_it.o(i.DMA1_Stream5_IRQHandler) for DMA1_Stream5_IRQHandler
    startup_stm32f407xx.o(RESET) refers to stm32f4xx_it.o(i.DMA1_Stream6_IRQHandler) for DMA1_Stream6_IRQHandler
    startup_stm32f407xx.o(RESET) refers to stm32f4xx_it.o(i.CAN1_TX_IRQHandler) for CAN1_TX_IRQHandler
    startup_stm32f407xx.o(RESET) refers to stm32f4xx_it.o(i.CAN1_RX0_IRQHandler) for CAN1_RX0_IRQHandler
    startup_stm32f407xx.o(RESET) refers to stm32f4xx_it.o(i.EXTI9_5_IRQHandler) for EXTI9_5_IRQHandler
    startup_stm32f407xx.o(RESET) refers to stm32f4xx_it.o(i.TIM3_IRQHandler) for TIM3_IRQHandler
    startup_stm32f407xx.o(RESET) refers to stm32f4xx_it.o(i.TIM4_IRQHandler) for TIM4_IRQHandler
    startup_stm32f407xx.o(RESET) refers to stm32f4xx_it.o(i.USART1_IRQHandler) for USART1_IRQHandler
    startup_stm32f407xx.o(RESET) refers to stm32f4xx_it.o(i.USART2_IRQHandler) for USART2_IRQHandler
    startup_stm32f407xx.o(RESET) refers to stm32f4xx_it.o(i.USART3_IRQHandler) for USART3_IRQHandler
    startup_stm32f407xx.o(RESET) refers to stm32f4xx_it.o(i.UART4_IRQHandler) for UART4_IRQHandler
    startup_stm32f407xx.o(RESET) refers to stm32f4xx_it.o(i.TIM6_DAC_IRQHandler) for TIM6_DAC_IRQHandler
    startup_stm32f407xx.o(RESET) refers to stm32f4xx_it.o(i.DMA2_Stream1_IRQHandler) for DMA2_Stream1_IRQHandler
    startup_stm32f407xx.o(RESET) refers to stm32f4xx_it.o(i.DMA2_Stream2_IRQHandler) for DMA2_Stream2_IRQHandler
    startup_stm32f407xx.o(RESET) refers to stm32f4xx_it.o(i.DMA2_Stream3_IRQHandler) for DMA2_Stream3_IRQHandler
    startup_stm32f407xx.o(RESET) refers to stm32f4xx_it.o(i.CAN2_TX_IRQHandler) for CAN2_TX_IRQHandler
    startup_stm32f407xx.o(RESET) refers to stm32f4xx_it.o(i.CAN2_RX0_IRQHandler) for CAN2_RX0_IRQHandler
    startup_stm32f407xx.o(RESET) refers to stm32f4xx_it.o(i.DMA2_Stream6_IRQHandler) for DMA2_Stream6_IRQHandler
    startup_stm32f407xx.o(RESET) refers to stm32f4xx_it.o(i.DMA2_Stream7_IRQHandler) for DMA2_Stream7_IRQHandler
    startup_stm32f407xx.o(RESET) refers to stm32f4xx_it.o(i.USART6_IRQHandler) for USART6_IRQHandler
    startup_stm32f407xx.o(.text) refers (Special) to heapauxi.o(.text) for __use_two_region_memory
    startup_stm32f407xx.o(.text) refers to system_stm32f4xx.o(i.SystemInit) for SystemInit
    startup_stm32f407xx.o(.text) refers to __main.o(!!!main) for __main
    startup_stm32f407xx.o(.text) refers to startup_stm32f407xx.o(HEAP) for Heap_Mem
    startup_stm32f407xx.o(.text) refers to startup_stm32f407xx.o(STACK) for Stack_Mem
    main.o(i.HAL_TIM_PeriodElapsedCallback) refers to stm32f4xx_hal.o(i.HAL_IncTick) for HAL_IncTick
    main.o(i.HAL_TIM_PeriodElapsedCallback) refers to drive_tim.o(i.Update_SystemTick) for Update_SystemTick
    main.o(i.SystemClock_Config) refers to rt_memclr_w.o(.text) for __aeabi_memclr4
    main.o(i.SystemClock_Config) refers to stm32f4xx_hal_rcc.o(i.HAL_RCC_OscConfig) for HAL_RCC_OscConfig
    main.o(i.SystemClock_Config) refers to main.o(i.Error_Handler) for Error_Handler
[...]
    0x08000304   0x08000304   0x00000000   Code   RO         9827    .ARM.Collect$$libshutdown$$0000000F  c_w.l(libshutdown2.o)
    0x08000304   0x08000304   0x00000002   Code   RO         9828    .ARM.Collect$$libshutdown$$00000010  c_w.l(libshutdown2.o)
    0x08000306   0x08000306   0x00000000   Code   RO         9441    .ARM.Collect$$rtentry$$00000000  c_w.l(__rtentry.o)
    0x08000306   0x08000306   0x00000000   Code   RO         9733    .ARM.Collect$$rtentry$$00000002  c_w.l(__rtentry2.o)
    0x08000306   0x08000306   0x00000006   Code   RO         9745    .ARM.Collect$$rtentry$$00000004  c_w.l(__rtentry4.o)
    0x0800030c   0x0800030c   0x00000000   Code   RO         9735    .ARM.Collect$$rtentry$$00000009  c_w.l(__rtentry2.o)
    0x0800030c   0x0800030c   0x00000004   Code   RO         9736    .ARM.Collect$$rtentry$$0000000A  c_w.l(__rtentry2.o)
    0x08000310   0x08000310   0x00000000   Code   RO         9738    .ARM.Collect$$rtentry$$0000000C  c_w.l(__rtentry2.o)
    0x08000310   0x08000310   0x00000008   Code   RO         9739    .ARM.Collect$$rtentry$$0000000D  c_w.l(__rtentry2.o)
    0x08000318   0x08000318   0x00000002   Code   RO         9953    .ARM.Collect$$rtexit$$00000000  c_w.l(rtexit.o)
    0x0800031a   0x0800031a   0x00000000   Code   RO         9988    .ARM.Collect$$rtexit$$00000002  c_w.l(rtexit2.o)
    0x0800031a   0x0800031a   0x00000004   Code   RO         9989    .ARM.Collect$$rtexit$$00000003  c_w.l(rtexit2.o)
    0x0800031e   0x0800031e   0x00000006   Code   RO         9990    .ARM.Collect$$rtexit$$00000004  c_w.l(rtexit2.o)
    0x08000324   0x08000324   0x000000be   Code   RO         5685    .emb_text           port.o
    0x080003e2   0x080003e2   0x00000002   PAD
    0x080003e4   0x080003e4   0x00000000   Code   RO         9867    .emb_text           c_w.l(maybetermalloc1.o)
    0x080003e4   0x080003e4   0x00000040   Code   RO            4    .text               startup_stm32f407xx.o
    0x08000424   0x08000424   0x000000ee   Code   RO         9173    .text               c_w.l(lludivv7m.o)
    0x08000512   0x08000512   0x00000002   PAD
    0x08000514   0x08000514   0x00000034   Code   RO         9175    .text               c_w.l(vsnprintf.o)
    0x08000548   0x08000548   0x0000001a   Code   RO         9177    .text               c_w.l(atoi.o)
    0x08000562   0x08000562   0x0000002e   Code   RO         9182    .text               c_w.l(aeabi_atexit.o)
    0x08000590   0x08000590   0x00000014   Code   RO         9185    .text               c_w.l(strchr.o)
    0x080005a4   0x080005a4   0x0000003e   Code   RO         9187    .text               c_w.l(strlen.o)
    0x080005e2   0x080005e2   0x0000008a   Code   RO         9189    .text               c_w.l(rt_memcpy_v6.o)
    0x0800066c   0x0800066c   0x00000064   Code   RO         9191    .text               c_w.l(rt_memcpy_w.o)
    0x080006d0   0x080006d0   0x00000010   Code   RO         9195    .text               c_w.l(aeabi_memset.o)
    0x080006e0   0x080006e0   0x0000004e   Code   RO         9197    .text               c_w.l(rt_memclr_w.o)
    0x0800072e   0x0800072e   0x00000002   PAD
    0x08000730   0x08000730   0x00000080   Code   RO         9199    .text               c_w.l(strcmpv7m.o)
    0x080007b0   0x080007b0   0x00000006   Code   RO         9201    .text               c_w.l(heapauxi.o)
    0x080007b6   0x080007b6   0x00000002   PAD
    0x080007b8   0x080007b8   0x00000024   Code   RO         9208    .text               c_w.l(init_aeabi.o)
    0x080007dc   0x080007dc   0x00000022   Code   RO         9332    .text               cpprt_w.l(aeabi_vec_dtor_noexceptions.o)
    0x080007fe   0x080007fe   0x00000002   PAD
    0x08000800   0x08000800   0x00000008   Code   RO         9449    .text               c_w.l(rt_ddtor_pointer_addr_intlibspace.o)
    0x08000808   0x08000808   0x00000008   Code   RO         9454    .text               c_w.l(rt_errno_addr_intlibspace.o)
    0x08000810   0x08000810   0x0000005e   Code   RO         9460    .text               c_w.l(h1_alloc.o)
    0x0800086e   0x0800086e   0x0000004e   Code   RO         9462    .text               c_w.l(h1_free.o)
    0x080008bc   0x080008bc   0x00000016   Code   RO         9518    .text               c_w.l(_rserrno.o)
    0x080008d2   0x080008d2   0x0000004e   Code   RO         9522    .text               c_w.l(_printf_pad.o)
    0x08000920   0x08000920   0x00000024   Code   RO         9524    .text               c_w.l(_printf_truncate.o)
    0x08000944   0x08000944   0x00000052   Code   RO         9526    .text               c_w.l(_printf_str.o)
    0x08000996   0x08000996   0x00000002   PAD
    0x08000998   0x08000998   0x00000078   Code   RO         9528    .text               c_w.l(_printf_dec.o)
    0x08000a10   0x08000a10   0x00000028   Code   RO         9530    .text               c_w.l(_printf_charcount.o)
    0x08000a38   0x08000a38   0x00000030   Code   RO         9532    .text               c_w.l(_printf_char_common.o)
    0x08000a68   0x08000a68   0x0000000a   Code   RO         9534    .text               c_w.l(_sputc.o)
    0x08000a72   0x08000a72   0x00000010   Code   RO         9536    .text               c_w.l(_snputc.o)
    0x08000a82   0x08000a82   0x00000002   PAD
    0x08000a84   0x08000a84   0x000000bc   Code   RO         9538    .text               c_w.l(_printf_wctomb.o)
    0x08000b40   0x08000b40   0x0000007c   Code   RO         9541    .text               c_w.l(_printf_longlong_dec.o)
    0x08000bbc   0x08000bbc   0x00000070   Code   RO         9547    .text               c_w.l(_printf_oct_int_ll.o)
    0x08000c2c   0x08000c2c   0x00000094   Code   RO         9567    .text               c_w.l(_printf_hex_int_ll_ptr.o)
    0x08000cc0   0x08000cc0   0x00000188   Code   RO         9587    .text               c_w.l(__printf_flags_ss_wp.o)
    0x08000e48   0x08000e48   0x000000a4   Code   RO         9613    .text               c_w.l(strtod.o)
    0x08000eec   0x08000eec   0x00000070   Code   RO         9615    .text               c_w.l(strtol.o)
    0x08000f5c   0x08000f5c   0x00000042   Code   RO         9617    .text               c_w.l(cxa_finalize.o)
    0x08000f9e   0x08000f9e   0x00000044   Code   RO         9624    .text               c_w.l(rt_memclr.o)
    0x08000fe2   0x08000fe2   0x00000002   PAD
    0x08000fe4   0x08000fe4   0x00000008   Code   RO         9727    .text               c_w.l(libspace.o)
    0x08000fec   0x08000fec   0x00000010   Code   RO         9747    .text               c_w.l(rt_ctype_table.o)
    0x08000ffc   0x08000ffc   0x00000008   Code   RO         9756    .text               c_w.l(rt_heap_descriptor_intlibspace.o)
    0x08001004   0x08001004   0x00000004   Code   RO         9758    .text               c_w.l(hguard.o)
    0x08001008   0x08001008   0x0000008a   Code   RO         9760    .text               c_w.l(init_alloc.o)
    0x08001092   0x08001092   0x0000000e   Code   RO         9764    .text               c_w.l(h1_init.o)
    0x080010a0   0x080010a0   0x0000008a   Code   RO         9778    .text               c_w.l(lludiv10.o)
    0x0800112a   0x0800112a   0x00000012   Code   RO         9780    .text               c_w.l(isspace.o)
    0x0800113c   0x0800113c   0x000000b2   Code   RO         9782    .text               c_w.l(_printf_intcommon.o)
    0x080011ee   0x080011ee   0x0000041e   Code   RO         9784    .text               c_w.l(_printf_fp_dec.o)
    0x0800160c   0x0800160c   0x000002fc   Code   RO         9786    .text               c_w.l(_printf_fp_hex.o)
    0x08001908   0x08001908   0x0000002c   Code   RO         9791    .text               c_w.l(_printf_char.o)
    0x08001934   0x08001934   0x0000002c   Code   RO         9793    .text               c_w.l(_printf_wchar.o)
    0x08001960   0x08001960   0x00000040   Code   RO         9796    .text               c_w.l(_sgetc.o)
    0x080019a0   0x080019a0   0x0000009e   Code   RO         9798    .text               c_w.l(_strtoul.o)
    0x08001a3e   0x08001a3e   0x00000040   Code   RO         9800    .text               c_w.l(_wcrtomb.o)
    0x08001a7e   0x08001a7e   0x0000000a   Code   RO         9805    .text               c_w.l(defsig_exit.o)
    0x08001a88   0x08001a88   0x0000000c   Code   RO         9851    .text               c_w.l(sys_exit.o)
    0x08001a94   0x08001a94   0x0000004a   Code   RO         9853    .text               c_w.l(sys_stackheap_outer.o)
    0x08001ade   0x08001ade   0x00000002   PAD
    0x08001ae0   0x08001ae0   0x00000008   Code   RO         9858    .text               c_w.l(rt_locale_intlibspace.o)
    0x08001ae8   0x08001ae8   0x00000034   Code   RO         9869    .text               c_w.l(h1_extend.o)
    0x08001b1c   0x08001b1c   0x00000080   Code   RO         9873    .text               c_w.l(_printf_fp_infnan.o)
    0x08001b9c   0x08001b9c   0x0000001c   Code   RO         9875    .text               c_w.l(_chval.o)
    0x08001bb8   0x08001bb8   0x000004f8   Code   RO         9877    .text               c_w.l(scanf_fp.o)
    0x080020b0   0x080020b0   0x000000e4   Code   RO         9879    .text               c_w.l(bigflt0.o)
    0x08002194   0x08002194   0x00000012   Code   RO         9907    .text               c_w.l(exit.o)
    0x080021a6   0x080021a6   0x00000032   Code   RO         9913    .text               c_w.l(defsig_general.o)
    0x080021d8   0x080021d8   0x0000000e   Code   RO         9919    .text               c_w.l(defsig_rtmem_outer.o)
    0x080021e6   0x080021e6   0x0000000e   Code   RO         9948    .text               c_w.l(sys_wrch.o)
    0x080021f4   0x080021f4   0x00000002   Code   RO         9950    .text               c_w.l(use_no_semi.o)
    0x080021f6   0x080021f6   0x00000000   Code   RO         9952    .text               c_w.l(indicate_semi.o)
    0x080021f6   0x080021f6   0x00000002   PAD
    0x080021f8   0x080021f8   0x00000050   Code   RO         9965    .text               c_w.l(defsig_rtmem_inner.o)
    0x08002248   0x08002248   0x00000320   Code   RO         9998    .text               c_w.l(scanf_hexfp.o)
    0x08002568   0x08002568   0x00000134   Code   RO        10000    .text               c_w.l(scanf_infnan.o)
    0x0800269c   0x0800269c   0x00000026   Code   RO        10022    .text               c_w.l(llshl.o)
    0x080026c2   0x080026c2   0x0000003e   Code   RO         9882    CL$$btod_d2e        c_w.l(btod.o)
    0x08002700   0x08002700   0x00000046   Code   RO         9884    CL$$btod_d2e_denorm_low  c_w.l(btod.o)
    0x08002746   0x08002746   0x00000060   Code   RO         9883    CL$$btod_d2e_norm_op1  c_w.l(btod.o)
    0x080027a6   0x080027a6   0x00000338   Code   RO         9892    CL$$btod_div_common  c_w.l(btod.o)
    0x08002ade   0x08002ade   0x00000002   PAD
    0x08002ae0   0x08002ae0   0x00000084   Code   RO         9890    CL$$btod_e2d        c_w.l(btod.o)
    0x08002b64   0x08002b64   0x000000dc   Code   RO         9889    CL$$btod_e2e        c_w.l(btod.o)
    0x08002c40   0x08002c40   0x0000002a   Code   RO         9886    CL$$btod_ediv       c_w.l(btod.o)
    0x08002c6a   0x08002c6a   0x0000002a   Code   RO         9888    CL$$btod_edivd      c_w.l(btod.o)
    0x08002c94   0x08002c94   0x0000002a   Code   RO         9885    CL$$btod_emul       c_w.l(btod.o)
    0x08002cbe   0x08002cbe   0x0000002a   Code   RO         9887    CL$$btod_emuld      c_w.l(btod.o)
    0x08002ce8   0x08002ce8   0x00000244   Code   RO         9891    CL$$btod_mult_common  c_w.l(btod.o)
    0x08002f2c   0x08002f2c   0x0000046c   Code   RO         8587    i.Air_Joy_Task      fsm_joy.o
    0x08003398   0x08003398   0x00000020   Code   RO         8256    i.App_Init          service_config.o
    0x080033b8   0x080033b8   0x00000004   Code   RO          565    i.BusFault_Handler  stm32f4xx_it.o
    0x080033bc   0x080033bc   0x00000010   Code   RO          566    i.CAN1_RX0_IRQHandler  stm32f4xx_it.o
    0x080033cc   0x080033cc   0x0000008c   Code   RO         8134    i.CAN1_RxCallBack   service_communication.o
    0x08003458   0x08003458   0x00000040   Code   RO         8135    i.CAN1_Send_Task    service_communication.o
    0x08003498   0x08003498   0x00000010   Code   RO          567    i.CAN1_TX_IRQHandler  stm32f4xx_it.o
    0x080034a8   0x080034a8   0x00000010   Code   RO          568    i.CAN2_RX0_IRQHandler  stm32f4xx_it.o
    0x080034b8   0x080034b8   0x0000002c   Code   RO         8136    i.CAN2_RxCallBack   service_communication.o
    0x080034e4   0x080034e4   0x00000040   Code   RO         8137    i.CAN2_Send_Task    service_communication.o
    0x08003524   0x08003524   0x00000010   Code   RO          569    i.CAN2_TX_IRQHandler  stm32f4xx_it.o
    0x08003534   0x08003534   0x00000074   Code   RO         5765    i.CAN_Filter_Init   drive_can.o
    0x080035a8   0x080035a8   0x00000070   Code   RO         5766    i.CAN_Init          drive_can.o
    0x08003618   0x08003618   0x0000056c   Code   RO         8646    i.Chassis_Task      chassis_task.o
    0x08003b84   0x08003b84   0x00000010   Code   RO          570    i.DMA1_Stream1_IRQHandler  stm32f4xx_it.o
    0x08003b94   0x08003b94   0x00000010   Code   RO          571    i.DMA1_Stream2_IRQHandler  stm32f4xx_it.o
    0x08003ba4   0x08003ba4   0x00000010   Code   RO          572    i.DMA1_Stream3_IRQHandler  stm32f4xx_it.o
    0x08003bb4   0x08003bb4   0x00000010   Code   RO          573    i.DMA1_Stream4_IRQHandler  stm32f4xx_it.o
    0x08003bc4   0x08003bc4   0x00000010   Code   RO          574    i.DMA1_Stream5_IRQHandler  stm32f4xx_it.o
    0x08003bd4   0x08003bd4   0x00000010   Code   RO          575    i.DMA1_Stream6_IRQHandler  stm32f4xx_it.o
    0x08003be4   0x08003be4   0x00000010   Code   RO          576    i.DMA2_Stream1_IRQHandler  stm32f4xx_it.o
    0x08003bf4   0x08003bf4   0x00000010   Code   RO          577    i.DMA2_Stream2_IRQHandler  stm32f4xx_it.o
    0x08003c04   0x08003c04   0x00000010   Code   RO          578    i.DMA2_Stream3_IRQHandler  stm32f4xx_it.o
    0x08003c14   0x08003c14   0x00000010   Code   RO          579    i.DMA2_Stream6_IRQHandler  stm32f4xx_it.o
    0x08003c24   0x08003c24   0x00000010   Code   RO          580    i.DMA2_Stream7_IRQHandler  stm32f4xx_it.o
    0x08003c34   0x08003c34   0x00000034   Code   RO         2555    i.DMA_CalcBaseAndBitshift  stm32f4xx_hal_dma.o
    0x08003c68   0x08003c68   0x000000aa   Code   RO         2556    i.DMA_CheckFifoParam  stm32f4xx_hal_dma.o
    0x08003d12   0x08003d12   0x0000002c   Code   RO         2557    i.DMA_SetConfig     stm32f4xx_hal_dma.o
    0x08003d3e   0x08003d3e   0x00000002   PAD
    0x08003d40   0x08003d40   0x000000dc   Code   RO         8049    i.DataPool_Init     data_pool.o
    0x08003e1c   0x08003e1c   0x00000002   Code   RO          581    i.DebugMon_Handler  stm32f4xx_it.o
    0x08003e1e   0x08003e1e   0x0000000a   Code   RO          582    i.EXTI9_5_IRQHandler  stm32f4xx_it.o
    0x08003e28   0x08003e28   0x00000006   Code   RO           13    i.Error_Handler     main.o
    0x08003e2e   0x08003e2e   0x00000004   Code   RO         5951    i.Error_Handler     drive_tim.o
    0x08003e32   0x08003e32   0x00000002   PAD
    0x08003e34   0x08003e34   0x0000001c   Code   RO         5952    i.Get_SystemTimer   drive_tim.o
    0x08003e50   0x08003e50   0x0000002a   Code   RO         1818    i.HAL_CAN_ActivateNotification  stm32f4xx_hal_can.o
    0x08003e7a   0x08003e7a   0x00000156   Code   RO         1819    i.HAL_CAN_AddTxMessage  stm32f4xx_hal_can.o
    0x08003fd0   0x08003fd0   0x00000124   Code   RO         1820    i.HAL_CAN_ConfigFilter  stm32f4xx_hal_can.o
    0x080040f4   0x080040f4   0x00000002   Code   RO         1823    i.HAL_CAN_ErrorCallback  stm32f4xx_hal_can.o
    0x080040f6   0x080040f6   0x0000017a   Code   RO         1826    i.HAL_CAN_GetRxMessage  stm32f4xx_hal_can.o
    0x08004270   0x08004270   0x00000036   Code   RO         1828    i.HAL_CAN_GetTxMailboxesFreeLevel  stm32f4xx_hal_can.o
    0x080042a6   0x080042a6   0x0000024e   Code   RO         1830    i.HAL_CAN_IRQHandler  stm32f4xx_hal_can.o
    0x080044f4   0x080044f4   0x00000174   Code   RO         1831    i.HAL_CAN_Init      stm32f4xx_hal_can.o
    0x08004668   0x08004668   0x00000184   Code   RO          325    i.HAL_CAN_MspInit   can.o
    0x080047ec   0x080047ec   0x00000002   Code   RO         1838    i.HAL_CAN_RxFifo0FullCallback  stm32f4xx_hal_can.o
    0x080047ee   0x080047ee   0x00000002   PAD
    0x080047f0   0x080047f0   0x00000058   Code   RO         5767    i.HAL_CAN_RxFifo0MsgPendingCallback  drive_can.o
    0x08004848   0x08004848   0x00000002   Code   RO         1840    i.HAL_CAN_RxFifo1FullCallback  stm32f4xx_hal_can.o
    0x0800484a   0x0800484a   0x00000002   PAD
    0x0800484c   0x0800484c   0x00000058   Code   RO         5768    i.HAL_CAN_RxFifo1MsgPendingCallback  drive_can.o
    0x080048a4   0x080048a4   0x00000002   Code   RO         1842    i.HAL_CAN_SleepCallback  stm32f4xx_hal_can.o
    0x080048a6   0x080048a6   0x0000005e   Code   RO         1843    i.HAL_CAN_Start     stm32f4xx_hal_can.o
    0x08004904   0x08004904   0x00000002   Code   RO         1845    i.HAL_CAN_TxMailbox0AbortCallback  stm32f4xx_hal_can.o
    0x08004906   0x08004906   0x00000002   Code   RO         1846    i.HAL_CAN_TxMailbox0CompleteCallback  stm32f4xx_hal_can.o
    0x08004908   0x08004908   0x00000002   Code   RO         1847    i.HAL_CAN_TxMailbox1AbortCallback  stm32f4xx_hal_can.o
    0x0800490a   0x0800490a   0x00000002   Code   RO         1848    i.HAL_CAN_TxMailbox1CompleteCallback  stm32f4xx_hal_can.o
    0x0800490c   0x0800490c   0x00000002   Code   RO         1849    i.HAL_CAN_TxMailbox2AbortCallback  stm32f4xx_hal_can.o
    0x0800490e   0x0800490e   0x00000002   Code   RO         1850    i.HAL_CAN_TxMailbox2CompleteCallback  stm32f4xx_hal_can.o
    0x08004910   0x08004910   0x00000002   Code   RO         1852    i.HAL_CAN_WakeUpFromRxMsgCallback  stm32f4xx_hal_can.o
    0x08004912   0x08004912   0x000000ac   Code   RO         2558    i.HAL_DMA_Abort     stm32f4xx_hal_dma.o
    0x080049be   0x080049be   0x00000028   Code   RO         2559    i.HAL_DMA_Abort_IT  stm32f4xx_hal_dma.o
    0x080049e6   0x080049e6   0x00000006   Code   RO         2561    i.HAL_DMA_GetError  stm32f4xx_hal_dma.o
    0x080049ec   0x080049ec   0x00000240   Code   RO         2563    i.HAL_DMA_IRQHandler  stm32f4xx_hal_dma.o
    0x08004c2c   0x08004c2c   0x000000ec   Code   RO         2564    i.HAL_DMA_Init      stm32f4xx_hal_dma.o
    0x08004d18   0x08004d18   0x00000092   Code   RO         2568    i.HAL_DMA_Start_IT  stm32f4xx_hal_dma.o
    0x08004daa   0x08004daa   0x00000002   PAD
    0x08004dac   0x08004dac   0x00000014   Code   RO         6874    i.HAL_GPIO_EXTI_Callback  air_joy.o
    0x08004dc0   0x08004dc0   0x0000001c   Code   RO         2450    i.HAL_GPIO_EXTI_IRQHandler  stm32f4xx_hal_gpio.o
    0x08004ddc   0x08004ddc   0x000001f4   Code   RO         2451    i.HAL_GPIO_Init     stm32f4xx_hal_gpio.o
    0x08004fd0   0x08004fd0   0x0000000c   Code   RO         2455    i.HAL_GPIO_WritePin  stm32f4xx_hal_gpio.o
    0x08004fdc   0x08004fdc   0x0000000c   Code   RO         2988    i.HAL_GetTick       stm32f4xx_hal.o
    0x08004fe8   0x08004fe8   0x00000018   Code   RO         2994    i.HAL_IncTick       stm32f4xx_hal.o
    0x08005000   0x08005000   0x0000003c   Code   RO         2995    i.HAL_Init          stm32f4xx_hal.o
    0x0800503c   0x0800503c   0x000000b4   Code   RO          794    i.HAL_InitTick      stm32f4xx_hal_timebase_tim.o
    0x080050f0   0x080050f0   0x00000054   Code   RO          770    i.HAL_MspInit       stm32f4xx_hal_msp.o
    0x08005144   0x08005144   0x00000020   Code   RO         2840    i.HAL_NVIC_EnableIRQ  stm32f4xx_hal_cortex.o
    0x08005164   0x08005164   0x0000007c   Code   RO         2846    i.HAL_NVIC_SetPriority  stm32f4xx_hal_cortex.o
    0x080051e0   0x080051e0   0x00000028   Code   RO         2847    i.HAL_NVIC_SetPriorityGrouping  stm32f4xx_hal_cortex.o
    0x08005208   0x08005208   0x00000184   Code   RO         2052    i.HAL_RCC_ClockConfig  stm32f4xx_hal_rcc.o
    0x0800538c   0x0800538c   0x00000044   Code   RO         2056    i.HAL_RCC_GetClockConfig  stm32f4xx_hal_rcc.o
    0x080053d0   0x080053d0   0x0000000c   Code   RO         2057    i.HAL_RCC_GetHCLKFreq  stm32f4xx_hal_rcc.o
    0x080053dc   0x080053dc   0x00000020   Code   RO         2059    i.HAL_RCC_GetPCLK1Freq  stm32f4xx_hal_rcc.o
    0x080053fc   0x080053fc   0x00000020   Code   RO         2060    i.HAL_RCC_GetPCLK2Freq  stm32f4xx_hal_rcc.o
    0x0800541c   0x0800541c   0x000000b0   Code   RO         2061    i.HAL_RCC_GetSysClockFreq  stm32f4xx_hal_rcc.o
    0x080054cc   0x080054cc   0x0000049c   Code   RO         2064    i.HAL_RCC_OscConfig  stm32f4xx_hal_rcc.o
    0x08005968   0x08005968   0x00000002   Code   RO         3240    i.HAL_SPI_ErrorCallback  stm32f4xx_hal_spi.o
    0x0800596a   0x0800596a   0x000000c8   Code   RO         3244    i.HAL_SPI_Init      stm32f4xx_hal_spi.o
    0x08005a32   0x08005a32   0x00000002   PAD
    0x08005a34   0x08005a34   0x000000cc   Code   RO          398    i.HAL_SPI_MspInit   spi.o
    0x08005b00   0x08005b00   0x000000fc   Code   RO         3256    i.HAL_SPI_Transmit_DMA  stm32f4xx_hal_spi.o
    0x08005bfc   0x08005bfc   0x00000002   Code   RO         3258    i.HAL_SPI_TxCpltCallback  stm32f4xx_hal_spi.o
    0x08005bfe   0x08005bfe   0x00000002   Code   RO         3259    i.HAL_SPI_TxHalfCpltCallback  stm32f4xx_hal_spi.o
    0x08005c00   0x08005c00   0x00000002   Code   RO         1550    i.HAL_TIMEx_BreakCallback  stm32f4xx_hal_tim_ex.o
    0x08005c02   0x08005c02   0x00000002   Code   RO         1551    i.HAL_TIMEx_CommutCallback  stm32f4xx_hal_tim_ex.o
    0x08005c04   0x08005c04   0x000000b4   Code   RO         1569    i.HAL_TIMEx_MasterConfigSynchronization  stm32f4xx_hal_tim_ex.o
    0x08005cb8   0x08005cb8   0x00000066   Code   RO          835    i.HAL_TIM_Base_Init  stm32f4xx_hal_tim.o
    0x08005d1e   0x08005d1e   0x00000002   PAD
    0x08005d20   0x08005d20   0x000000b8   Code   RO          440    i.HAL_TIM_Base_MspInit  tim.o
    0x08005dd8   0x08005dd8   0x000000a8   Code   RO          840    i.HAL_TIM_Base_Start_IT  stm32f4xx_hal_tim.o
    0x08005e80   0x08005e80   0x0000010c   Code   RO          844    i.HAL_TIM_ConfigClockSource  stm32f4xx_hal_tim.o
    0x08005f8c   0x08005f8c   0x00000002   Code   RO          869    i.HAL_TIM_IC_CaptureCallback  stm32f4xx_hal_tim.o
    0x08005f8e   0x08005f8e   0x00000196   Code   RO          883    i.HAL_TIM_IRQHandler  stm32f4xx_hal_tim.o
    0x08006124   0x08006124   0x00000060   Code   RO          441    i.HAL_TIM_MspPostInit  tim.o
    0x08006184   0x08006184   0x00000002   Code   RO          886    i.HAL_TIM_OC_DelayElapsedCallback  stm32f4xx_hal_tim.o
    0x08006186   0x08006186   0x00000104   Code   RO          907    i.HAL_TIM_PWM_ConfigChannel  stm32f4xx_hal_tim.o
    0x0800628a   0x0800628a   0x00000066   Code   RO          910    i.HAL_TIM_PWM_Init  stm32f4xx_hal_tim.o
    0x080062f0   0x080062f0   0x00000002   Code   RO          912    i.HAL_TIM_PWM_MspInit  stm32f4xx_hal_tim.o
    0x080062f2   0x080062f2   0x00000002   Code   RO          913    i.HAL_TIM_PWM_PulseFinishedCallback  stm32f4xx_hal_tim.o
    0x080062f4   0x080062f4   0x0000010c   Code   RO          915    i.HAL_TIM_PWM_Start  stm32f4xx_hal_tim.o
    0x08006400   0x08006400   0x00000028   Code   RO           14    i.HAL_TIM_PeriodElapsedCallback  main.o
    0x08006428   0x08006428   0x00000002   Code   RO          926    i.HAL_TIM_TriggerCallback  stm32f4xx_hal_tim.o
    0x0800642a   0x0800642a   0x00000002   Code   RO         3566    i.HAL_UARTEx_RxEventCallback  stm32f4xx_hal_uart.o
    0x0800642c   0x0800642c   0x0000011a   Code   RO         3567    i.HAL_UART_Abort    stm32f4xx_hal_uart.o
    0x08006546   0x08006546   0x0000008a   Code   RO         3578    i.HAL_UART_DMAStop  stm32f4xx_hal_uart.o
    0x080065d0   0x080065d0   0x00000002   Code   RO         3580    i.HAL_UART_ErrorCallback  stm32f4xx_hal_uart.o
    0x080065d2   0x080065d2   0x00000014   Code   RO         3582    i.HAL_UART_GetState  stm32f4xx_hal_uart.o
    0x080065e6   0x080065e6   0x00000002   PAD
    0x080065e8   0x080065e8   0x000002e0   Code   RO         3583    i.HAL_UART_IRQHandler  stm32f4xx_hal_uart.o
    0x080068c8   0x080068c8   0x00000072   Code   RO         3584    i.HAL_UART_Init     stm32f4xx_hal_uart.o
    0x0800693a   0x0800693a   0x00000002   PAD
    0x0800693c   0x0800693c   0x00000544   Code   RO          500    i.HAL_UART_MspInit  usart.o
    0x08006e80   0x08006e80   0x00000042   Code   RO         3588    i.HAL_UART_Receive_DMA  stm32f4xx_hal_uart.o
    0x08006ec2   0x08006ec2   0x00000002   Code   RO         3590    i.HAL_UART_RxCpltCallback  stm32f4xx_hal_uart.o
    0x08006ec4   0x08006ec4   0x00000002   Code   RO         3591    i.HAL_UART_RxHalfCpltCallback  stm32f4xx_hal_uart.o
    0x08006ec6   0x08006ec6   0x000000d2   Code   RO         3592    i.HAL_UART_Transmit  stm32f4xx_hal_uart.o
    0x08006f98   0x08006f98   0x00000002   Code   RO         3595    i.HAL_UART_TxCpltCallback  stm32f4xx_hal_uart.o
    0x08006f9a   0x08006f9a   0x00000004   Code   RO          583    i.HardFault_Handler  stm32f4xx_it.o
    0x08006f9e   0x08006f9e   0x0000000e   Code   RO         6171    i.LED_CATCH         drive_ws2812.o
    0x08006fac   0x08006fac   0x0000000e   Code   RO         6172    i.LED_FAIL          drive_ws2812.o
    0x08006fba   0x08006fba   0x0000000e   Code   RO         6173    i.LED_NORMAL        drive_ws2812.o
    0x08006fc8   0x08006fc8   0x0000000e   Code   RO         6174    i.LED_OFF           drive_ws2812.o
    0x08006fd6   0x08006fd6   0x0000000e   Code   RO         6175    i.LED_SHOOT         drive_ws2812.o
    0x08006fe4   0x08006fe4   0x000000e0   Code   RO         8965    i.LED_Task          led.o
    0x080070c4   0x080070c4   0x0000000e   Code   RO         6176    i.LED_WAIT          drive_ws2812.o
    0x080070d2   0x080070d2   0x0000001c   Code   RO         8855    i.LaserModuleGroup_AnalysisModulesMeasurementResults  laserpositioning_task.o
    0x080070ee   0x080070ee   0x00000002   PAD
    0x080070f0   0x080070f0   0x000000dc   Code   RO         8856    i.LaserModuleGroup_Init  laserpositioning_task.o
    0x080071cc   0x080071cc   0x0000007c   Code   RO         8857    i.LaserModule_AnalysisModulesMeasurementResults  laserpositioning_task.o
    0x08007248   0x08007248   0x00000060   Code   RO         8858    i.LaserModule_StateContinuousAutomaticMeasurement  laserpositioning_task.o
    0x080072a8   0x080072a8   0x00000024   Code   RO         8859    i.LaserModule_StopContinuousAutomaticMeasurement  laserpositioning_task.o
    0x080072cc   0x080072cc   0x00000094   Code   RO         8860    i.LaserModule_TurnOnTheLaserPointer  laserpositioning_task.o
    0x08007360   0x08007360   0x00000040   Code   RO         8138    i.LaserPositionin_UART4_RxCallback  service_communication.o
    0x080073a0   0x080073a0   0x00000040   Code   RO         8139    i.LaserPositionin_UART6_RxCallback  service_communication.o
    0x080073e0   0x080073e0   0x0000009c   Code   RO         8862    i.LaserPositioning_SendXYWorldCoordinates  laserpositioning_task.o
    0x0800747c   0x0800747c   0x00000120   Code   RO         8863    i.LaserPositioning_Task  laserpositioning_task.o
    0x0800759c   0x0800759c   0x000000d4   Code   RO         8864    i.LaserPositioning_XYWorldCoordinatesCalculate  laserpositioning_task.o
    0x08007670   0x08007670   0x00000004   Code   RO         8865    i.LaserPositioning_XYWorldCoordinatesVerification  laserpositioning_task.o
    0x08007674   0x08007674   0x00000004   Code   RO         8866    i.LaserPositioning_YawJudgment  laserpositioning_task.o
    0x08007678   0x08007678   0x000000a4   Code   RO         8532    i.Lora_Task1        lora.o
    0x0800771c   0x0800771c   0x000001a0   Code   RO         6118    i.Lora_UART2_RxCallback  drive_atk_mw1278d_uart.o
    0x080078bc   0x080078bc   0x00000044   Code   RO          326    i.MX_CAN1_Init      can.o
    0x08007900   0x08007900   0x00000044   Code   RO          327    i.MX_CAN2_Init      can.o
    0x08007944   0x08007944   0x000000f8   Code   RO          373    i.MX_DMA_Init       dma.o
    0x08007a3c   0x08007a3c   0x000000f0   Code   RO          282    i.MX_FREERTOS_Init  freertos.o
    0x08007b2c   0x08007b2c   0x00000150   Code   RO          257    i.MX_GPIO_Init      gpio.o
    0x08007c7c   0x08007c7c   0x00000044   Code   RO          399    i.MX_SPI1_Init      spi.o
    0x08007cc0   0x08007cc0   0x0000006c   Code   RO          442    i.MX_TIM10_Init     tim.o
    0x08007d2c   0x08007d2c   0x0000006c   Code   RO          443    i.MX_TIM4_Init      tim.o
    0x08007d98   0x08007d98   0x0000004c   Code   RO          444    i.MX_TIM6_Init      tim.o
    0x08007de4   0x08007de4   0x00000038   Code   RO          501    i.MX_UART4_Init     usart.o
    0x08007e1c   0x08007e1c   0x00000038   Code   RO          502    i.MX_USART1_UART_Init  usart.o
    0x08007e54   0x08007e54   0x00000038   Code   RO          503    i.MX_USART2_UART_Init  usart.o
    0x08007e8c   0x08007e8c   0x00000038   Code   RO          504    i.MX_USART3_UART_Init  usart.o
    0x08007ec4   0x08007ec4   0x00000038   Code   RO          505    i.MX_USART6_UART_Init  usart.o
    0x08007efc   0x08007efc   0x00000004   Code   RO          584    i.MemManage_Handler  stm32f4xx_it.o
    0x08007f00   0x08007f00   0x0000002e   Code   RO         8868    i.MyUART_Transmit   laserpositioning_task.o
    0x08007f2e   0x08007f2e   0x00000004   Code   RO          585    i.NMI_Handler       stm32f4xx_it.o
    0x08007f32   0x08007f32   0x00000022   Code   RO         5953    i.PWM_ReInit        drive_tim.o
    0x08007f54   0x08007f54   0x000000ec   Code   RO         7610    i.Position_UART3_RxCallback  position.o
    0x08008040   0x08008040   0x000000b0   Code   RO         7611    i.Reposition_SendData  position.o
    0x080080f0   0x080080f0   0x00000028   Code   RO         3272    i.SPI_DMAError      stm32f4xx_hal_spi.o
    0x08008118   0x08008118   0x0000000e   Code   RO         3274    i.SPI_DMAHalfTransmitCplt  stm32f4xx_hal_spi.o
    0x08008126   0x08008126   0x00000080   Code   RO         3278    i.SPI_DMATransmitCplt  stm32f4xx_hal_spi.o
    0x080081a6   0x080081a6   0x00000002   PAD
    0x080081a8   0x080081a8   0x0000006c   Code   RO         3282    i.SPI_EndRxTxTransaction  stm32f4xx_hal_spi.o
    0x08008214   0x08008214   0x000000d8   Code   RO         3287    i.SPI_WaitFlagStateUntilTimeout  stm32f4xx_hal_spi.o
    0x080082ec   0x080082ec   0x00000002   Code   RO         8870    i.SendPositionXYCoordinates  laserpositioning_task.o
    0x080082ee   0x080082ee   0x00000036   Code   RO         5954    i.Set_PwmDuty       drive_tim.o
    0x08008324   0x08008324   0x00000016   Code   RO         5100    i.SysTick_Handler   cmsis_os2.o
    0x0800833a   0x0800833a   0x00000002   PAD
    0x0800833c   0x0800833c   0x000000b4   Code   RO           15    i.SystemClock_Config  main.o
    0x080083f0   0x080083f0   0x00000014   Code   RO         3923    i.SystemInit        system_stm32f4xx.o
    0x08008404   0x08008404   0x000000f4   Code   RO         8257    i.System_Resource_Init  service_config.o
    0x080084f8   0x080084f8   0x00000010   Code   RO          586    i.TIM3_IRQHandler   stm32f4xx_it.o
    0x08008508   0x08008508   0x00000010   Code   RO          587    i.TIM4_IRQHandler   stm32f4xx_it.o
    0x08008518   0x08008518   0x00000010   Code   RO          588    i.TIM6_DAC_IRQHandler  stm32f4xx_it.o
    0x08008528   0x08008528   0x000000d8   Code   RO          928    i.TIM_Base_SetConfig  stm32f4xx_hal_tim.o
    0x08008600   0x08008600   0x00000022   Code   RO          929    i.TIM_CCxChannelCmd  stm32f4xx_hal_tim.o
    0x08008622   0x08008622   0x00000016   Code   RO          939    i.TIM_ETR_SetConfig  stm32f4xx_hal_tim.o
    0x08008638   0x08008638   0x00000012   Code   RO          940    i.TIM_ITRx_SetConfig  stm32f4xx_hal_tim.o
    0x0800864a   0x0800864a   0x00000002   PAD
    0x0800864c   0x0800864c   0x00000070   Code   RO          941    i.TIM_OC1_SetConfig  stm32f4xx_hal_tim.o
    0x080086bc   0x080086bc   0x0000007c   Code   RO          942    i.TIM_OC2_SetConfig  stm32f4xx_hal_tim.o
    0x08008738   0x08008738   0x00000078   Code   RO          943    i.TIM_OC3_SetConfig  stm32f4xx_hal_tim.o
    0x080087b0   0x080087b0   0x00000054   Code   RO          944    i.TIM_OC4_SetConfig  stm32f4xx_hal_tim.o
    0x08008804   0x08008804   0x00000026   Code   RO          946    i.TIM_TI1_ConfigInputStage  stm32f4xx_hal_tim.o
    0x0800882a   0x0800882a   0x00000028   Code   RO          948    i.TIM_TI2_ConfigInputStage  stm32f4xx_hal_tim.o
    0x08008852   0x08008852   0x00000002   PAD
    0x08008854   0x08008854   0x00000020   Code   RO         5956    i.Timer_Init        drive_tim.o
    0x08008874   0x08008874   0x00000018   Code   RO          589    i.UART4_IRQHandler  stm32f4xx_it.o
    0x0800888c   0x0800888c   0x00000014   Code   RO         3597    i.UART_DMAAbortOnError  stm32f4xx_hal_uart.o
    0x080088a0   0x080088a0   0x00000050   Code   RO         3598    i.UART_DMAError     stm32f4xx_hal_uart.o
    0x080088f0   0x080088f0   0x000000b0   Code   RO         3599    i.UART_DMAReceiveCplt  stm32f4xx_hal_uart.o
    0x080089a0   0x080089a0   0x00000020   Code   RO         3601    i.UART_DMARxHalfCplt  stm32f4xx_hal_uart.o
    0x080089c0   0x080089c0   0x0000006c   Code   RO         3607    i.UART_EndRxTransfer  stm32f4xx_hal_uart.o
    0x08008a2c   0x08008a2c   0x00000020   Code   RO         3608    i.UART_EndTransmit_IT  stm32f4xx_hal_uart.o
    0x08008a4c   0x08008a4c   0x00000026   Code   RO         3609    i.UART_EndTxTransfer  stm32f4xx_hal_uart.o
    0x08008a72   0x08008a72   0x000000f8   Code   RO         3610    i.UART_Receive_IT   stm32f4xx_hal_uart.o
    0x08008b6a   0x08008b6a   0x00000002   PAD
    0x08008b6c   0x08008b6c   0x0000022c   Code   RO         3611    i.UART_SetConfig    stm32f4xx_hal_uart.o
    0x08008d98   0x08008d98   0x000000d0   Code   RO         3612    i.UART_Start_Receive_DMA  stm32f4xx_hal_uart.o
    0x08008e68   0x08008e68   0x00000060   Code   RO         3614    i.UART_Transmit_IT  stm32f4xx_hal_uart.o
    0x08008ec8   0x08008ec8   0x00000092   Code   RO         3615    i.UART_WaitOnFlagUntilTimeout  stm32f4xx_hal_uart.o
    0x08008f5a   0x08008f5a   0x00000002   PAD
    0x08008f5c   0x08008f5c   0x00000018   Code   RO          590    i.USART1_IRQHandler  stm32f4xx_it.o
    0x08008f74   0x08008f74   0x00000010   Code   RO          591    i.USART2_IRQHandler  stm32f4xx_it.o
    0x08008f84   0x08008f84   0x00000018   Code   RO          592    i.USART3_IRQHandler  stm32f4xx_it.o
    0x08008f9c   0x08008f9c   0x00000018   Code   RO          593    i.USART6_IRQHandler  stm32f4xx_it.o
    0x08008fb4   0x08008fb4   0x00000194   Code   RO         6025    i.Uart_Init         drive_uart.o
    0x08009148   0x08009148   0x00000018   Code   RO         6026    i.Uart_Receive_Handler  drive_uart.o
    0x08009160   0x08009160   0x00000050   Code   RO         6027    i.Uart_Rx_Idle_Callback  drive_uart.o
    0x080091b0   0x080091b0   0x0000007c   Code   RO         7612    i.Update_RawPosition  position.o
    0x0800922c   0x0800922c   0x00000010   Code   RO         5957    i.Update_SystemTick  drive_tim.o
    0x0800923c   0x0800923c   0x00000004   Code   RO          594    i.UsageFault_Handler  stm32f4xx_it.o
    0x08009240   0x08009240   0x00000004   Code   RO         6028    i.Usart_Rx_Callback_Register  drive_uart.o
    0x08009244   0x08009244   0x0000000a   Code   RO         8315    i.User_Debug_Task   user_debug.o
    0x0800924e   0x0800924e   0x00000002   PAD
    0x08009250   0x08009250   0x00000174   Code   RO         7997    i.View_UART1_RxCallback  viewcommunication.o
    0x080093c4   0x080093c4   0x00000030   Code   RO         6177    i.WS2812B_SetAllColor  drive_ws2812.o
    0x080093f4   0x080093f4   0x00000048   Code   RO         6178    i.WS2812b_Send      drive_ws2812.o
    0x0800943c   0x0800943c   0x000000bc   Code   RO         6179    i.WS2812b_Set       drive_ws2812.o
    0x080094f8   0x080094f8   0x00000020   Code   RO         7886    i._Z11locate_initv  speed_action.o
    0x08009518   0x08009518   0x00000200   Code   RO         8648    i._Z12PidParamInitv  chassis_task.o
    0x08009718   0x08009718   0x00000040   Code   RO         6347    i._Z14pid_param_initP6_PID_T6pid_stffffffff  pid.o
    0x08009758   0x08009758   0x00000032   Code   RO         7890    i._Z15vector_subtract8Vector2DS_  speed_action.o
    0x0800978a   0x0800978a   0x00000002   PAD
    0x0800978c   0x0800978c   0x00000334   Code   RO         7891    i._Z16Lock_other_robotv  speed_action.o
    0x08009ac0   0x08009ac0   0x0000008c   Code   RO         8649    i._Z16UpdatePitchLevelfi  chassis_task.o
    0x08009b4c   0x08009b4c   0x00000024   Code   RO         7892    i._Z16vector_magnitude8Vector2D  speed_action.o
    0x08009b70   0x08009b70   0x00000058   Code   RO         7893    i._Z16vector_normalize8Vector2D  speed_action.o
    0x08009bc8   0x08009bc8   0x00000074   Code   RO         7894    i._Z18ChassisYaw_ControlfPf  speed_action.o
    0x08009c3c   0x08009c3c   0x00000020   Code   RO         7803    i._Z21speed_lock_otherRobotPf  speed_calculate.o
    0x08009c5c   0x08009c5c   0x00000088   Code   RO         7804    i._Z21speed_world_calculatePfS_  speed_calculate.o
    0x08009ce4   0x08009ce4   0x0000001c   Code   RO         6495    i._Z22_tool_buffer_get_int16PKhPi  tool.o
    0x08009d00   0x08009d00   0x00000030   Code   RO         6496    i._Z22_tool_buffer_get_int32PKhPi  tool.o
    0x08009d30   0x08009d30   0x000001c0   Code   RO         7895    i._Z23ChassisYawError_ControlPf  speed_action.o
    0x08009ef0   0x08009ef0   0x0000002e   Code   RO         6502    i._Z25_tool_buffer_append_int32PhiPi  tool.o
    0x08009f1e   0x08009f1e   0x00000002   PAD
    0x08009f20   0x08009f20   0x00000290   Code   RO         6349    i._Z8pid_calcP6_PID_Tff  pid.o
    0x0800a1b0   0x0800a1b0   0x0000001a   Code   RO         6702    i._Z9max_floatff    relocate.o
    0x0800a1ca   0x0800a1ca   0x0000001a   Code   RO         6696    i._Z9min_floatff    relocate.o
    0x0800a1e4   0x0800a1e4   0x000000dc   Code   RO         7414    i._ZN10Motor_Base12update_angleEPh  chassis_swerve.o
    0x0800a2c0   0x0800a2c0   0x0000004e   Code   RO         8420    i._ZN10Motor_C62014CanMsg_ProcessER9CAN_TxMsg  user_debug.o
    0x0800a30e   0x0800a30e   0x00000028   Code   RO         8208    i._ZN10Motor_C6206updateEPh  service_communication.o
    0x0800a336   0x0800a336   0x00000002   PAD
    0x0800a338   0x0800a338   0x00000034   Code   RO         8713    i._ZN10Motor_C620C1Eh  chassis_task.o
    0x0800a36c   0x0800a36c   0x0000000e   Code   RO         8354    i._ZN10Motor_C620D1Ev  user_debug.o
    0x0800a37a   0x0800a37a   0x00000002   PAD
    0x0800a37c   0x0800a37c   0x00000090   Code   RO         6672    i._ZN10Relocation18LaserPosition_calcERK16LaserMeasurement  relocate.o
    0x0800a40c   0x0800a40c   0x00000074   Code   RO         6673    i._ZN10Relocation18updatePositionDataERK10position2DS2_  relocate.o
    0x0800a480   0x0800a480   0x0000000e   Code   RO         7448    i._ZN11Motor_Speed12update_speedEPh  chassis_swerve.o
    0x0800a48e   0x0800a48e   0x00000002   PAD
    0x0800a490   0x0800a490   0x00000048   Code   RO         8348    i._ZN11Motor_SpeedC2Eh  user_debug.o
    0x0800a4d8   0x0800a4d8   0x00000008   Code   RO         7362    i._ZN11Motor_SpeedD2Ev  chassis_swerve.o
    0x0800a4e0   0x0800a4e0   0x00000024   Code   RO         7051    i._ZN12Chassis_Base25ChassisVel_Trans_MotorRPMEff  omni_chassis.o
    0x0800a504   0x0800a504   0x00000014   Code   RO         6997    i._ZN12Omni_Chassis13Motor_ControlEv  omni_chassis.o
    0x0800a518   0x0800a518   0x00000026   Code   RO         6998    i._ZN12Omni_Chassis13Pid_Mode_InitEiffbb  omni_chassis.o
    0x0800a53e   0x0800a53e   0x00000052   Code   RO         6999    i._ZN12Omni_Chassis14Pid_Param_InitEiffffff  omni_chassis.o
    0x0800a590   0x0800a590   0x00000384   Code   RO         7000    i._ZN12Omni_Chassis18Velocity_CalculateE13Robot_Twist_t  omni_chassis.o
    0x0800a914   0x0800a914   0x0000009e   Code   RO         7001    i._ZN12Omni_Chassis7ControlE13Robot_Twist_t  omni_chassis.o
    0x0800a9b2   0x0800a9b2   0x00000002   PAD
    0x0800a9b4   0x0800a9b4   0x00000134   Code   RO         8725    i._ZN12Omni_ChassisC1Effif  chassis_task.o
    0x0800aae8   0x0800aae8   0x0000002c   Code   RO         8749    i._ZN12Omni_ChassisD1Ev  chassis_task.o
    0x0800ab14   0x0800ab14   0x000002f4   Code   RO         6440    i._ZN12TrapePlanner4PlanEfff  speed_plan.o
    0x0800ae08   0x0800ae08   0x0000000c   Code   RO         6464    i._ZN12TrapePlanner5ResetEv  speed_plan.o
    0x0800ae14   0x0800ae14   0x00000048   Code   RO         8731    i._ZN12TrapePlannerC1Efffff  chassis_task.o
    0x0800ae5c   0x0800ae5c   0x0000001a   Code   RO         6244    i._ZN13LowPassFilter1fEf  filter.o
    0x0800ae76   0x0800ae76   0x0000000e   Code   RO         6245    i._ZN13LowPassFilter2inEf  filter.o
    0x0800ae84   0x0800ae84   0x00000022   Code   RO         6246    i._ZN13LowPassFilter3outEv  filter.o
    0x0800aea6   0x0800aea6   0x00000002   PAD
    0x0800aea8   0x0800aea8   0x00000018   Code   RO         8743    i._ZN13LowPassFilterC1Ef  chassis_task.o
    0x0800aec0   0x0800aec0   0x00000056   Code   RO         6615    i._ZN15ShootController13GetShootSpeedEfi  shoot.o
    0x0800af16   0x0800af16   0x00000030   Code   RO         6616    i._ZN15ShootController4InitEPKNS_13SplineSegmentEPKfti  shoot.o
    0x0800af46   0x0800af46   0x00000002   PAD
    0x0800af48   0x0800af48   0x000000a0   Code   RO         6617    i._ZN15ShootController9CalcSpeedEfPKNS_13SplineSegmentEPKft  shoot.o
    0x0800afe8   0x0800afe8   0x0000001a   Code   RO         6618    i._ZN15ShootControllerC1Ev  shoot.o
    0x0800b002   0x0800b002   0x00000012   Code   RO         7726    i._ZN3PID13PID_Mode_InitEffbb  launcher.o
    0x0800b014   0x0800b014   0x00000018   Code   RO         6351    i._ZN3PID14PID_Param_InitEffffff  pid.o
    0x0800b02c   0x0800b02c   0x000002b8   Code   RO         6352    i._ZN3PID6AdjustEv  pid.o
    0x0800b2e4   0x0800b2e4   0x000000e0   Code   RO         8707    i._ZN3PIDC1Ev       chassis_task.o
    0x0800b3c4   0x0800b3c4   0x00000014   Code   RO         8755    i._ZN3PIDD1Ev       chassis_task.o
    0x0800b3d8   0x0800b3d8   0x0000002c   Code   RO         8215    i._ZN4VESC11update_vescEP13CAN_RxMessage  service_communication.o
    0x0800b404   0x0800b404   0x00000024   Code   RO         7482    i._ZN4VESC12update_angleEPh  chassis_swerve.o
    0x0800b428   0x0800b428   0x00000060   Code   RO         7476    i._ZN4VESC12update_speedEPh  chassis_swerve.o
    0x0800b488   0x0800b488   0x000000e0   Code   RO         7463    i._ZN4VESC14CanMsg_ProcessER9CAN_TxMsg  chassis_swerve.o
    0x0800b568   0x0800b568   0x00000030   Code   RO         7469    i._ZN4VESC6updateEPh  chassis_swerve.o
    0x0800b598   0x0800b598   0x00000078   Code   RO         7335    i._ZN4VESCC1ERKS_   chassis_swerve.o
    0x0800b610   0x0800b610   0x00000034   Code   RO         8719    i._ZN4VESCC1Eh      chassis_task.o
    0x0800b644   0x0800b644   0x00000010   Code   RO         7329    i._ZN4VESCD1Ev      chassis_swerve.o
    0x0800b654   0x0800b654   0x000000c8   Code   RO         6875    i._ZN6AirJoy11data_updateEtt  air_joy.o
    0x0800b71c   0x0800b71c   0x000000e4   Code   RO         7663    i._ZN8Launcher12PitchControlEf  launcher.o
    0x0800b800   0x0800b800   0x00000274   Code   RO         7664    i._ZN8Launcher12ShootControlEbbf  launcher.o
    0x0800ba74   0x0800ba74   0x0000008c   Code   RO         8695    i._ZN8Launcher13Pid_Mode_InitEiffbb  chassis_task.o
    0x0800bb00   0x0800bb00   0x00000130   Code   RO         7665    i._ZN8Launcher14Catch_Ctrl_SpdEbf  launcher.o
    0x0800bc30   0x0800bc30   0x000000c4   Code   RO         8701    i._ZN8Launcher14Pid_Param_InitEiffffff  chassis_task.o
    0x0800bcf4   0x0800bcf4   0x00000280   Code   RO         7666    i._ZN8Launcher14Pitch_AutoCtrlEf  launcher.o
    0x0800bf74   0x0800bf74   0x0000007c   Code   RO         7667    i._ZN8Launcher15LaunchMotorCtrlEv  launcher.o
    0x0800bff0   0x0800bff0   0x000000b8   Code   RO         7668    i._ZN8Launcher5ResetEv  launcher.o
    0x0800c0a8   0x0800c0a8   0x000001c8   Code   RO         8737    i._ZN8LauncherC1Efff  chassis_task.o
    0x0800c270   0x0800c270   0x0000006c   Code   RO         8752    i._ZN8LauncherD1Ev  chassis_task.o
    0x0800c2dc   0x0800c2dc   0x0000007c   Code   RO         6353    i._ZN8PidTimer16update_timeStampEv  pid.o
    0x0800c358   0x0800c358   0x00000014   Code   RO         6354    i._ZN8PidTimer19getMicroTick_registEPFjvE  pid.o
    0x0800c36c   0x0800c36c   0x00000010   Code   RO         8357    i._ZN9DM_DriverD1Ev  user_debug.o
    0x0800c37c   0x0800c37c   0x00000010   Code   RO         8363    i._ZN9RM_CommonD2Ev  user_debug.o
    0x0800c38c   0x0800c38c   0x0000000c   Code   RO         7738    i._ZNK10Motor_Base11get_encoderEv  launcher.o
    0x0800c398   0x0800c398   0x0000000c   Code   RO         7427    i._ZNK10Motor_Base19ENCODER_ANGLE_RATIOEv  chassis_swerve.o
    0x0800c3a4   0x0800c3a4   0x00000006   Code   RO         7408    i._ZNK10Motor_Base21GET_MOTOR_DESCRIPTIONEv  chassis_swerve.o
    0x0800c3aa   0x0800c3aa   0x00000006   Code   RO         7732    i._ZNK10Motor_Base9get_angleEv  launcher.o
    0x0800c3b0   0x0800c3b0   0x0000000c   Code   RO         8414    i._ZNK10Motor_C62011MAX_CURRENTEv  user_debug.o
    0x0800c3bc   0x0800c3bc   0x00000006   Code   RO         8427    i._ZNK10Motor_C62021GET_MOTOR_DESCRIPTIONEv  user_debug.o
    0x0800c3c2   0x0800c3c2   0x00000008   Code   RO         7442    i._ZNK11Motor_Speed9get_speedEv  chassis_swerve.o
    0x0800c3ca   0x0800c3ca   0x00000084   Code   RO         6619    i._ZNK15ShootController11FindSegmentEfPKft  shoot.o
    0x0800c44e   0x0800c44e   0x00000006   Code   RO         7454    i._ZNK4VESC14GET_MOTOR_FLAGEv  chassis_swerve.o
    0x0800c454   0x0800c454   0x00000008   Code   RO         7338    i._ZNK4VESC9get_speedEv  chassis_swerve.o
    0x0800c45c   0x0800c45c   0x00000008   Code   RO         8402    i._ZNK9RM_Common11send_id_lowEv  user_debug.o
    0x0800c464   0x0800c464   0x00000008   Code   RO         8396    i._ZNK9RM_Common12send_id_highEv  user_debug.o
    0x0800c46c   0x0800c46c   0x00000070   Code   RO         8469    i._ZNK9RM_Common13prepareCANMsgER9CAN_TxMsgs  user_debug.o
    0x0800c4dc   0x0800c4dc   0x00000006   Code   RO         8381    i._ZNK9RM_Common14GET_MOTOR_FLAGEv  user_debug.o
    0x0800c4e2   0x0800c4e2   0x00000018   Code   RO         7350    i._ZSt3cosf         chassis_swerve.o
    0x0800c4fa   0x0800c4fa   0x00000018   Code   RO         7356    i._ZSt3sinf         chassis_swerve.o
    0x0800c512   0x0800c512   0x00000018   Code   RO         6452    i._ZSt4sqrtf        speed_plan.o
    0x0800c52a   0x0800c52a   0x00000030   Code   RO         9946    i.__ARM_fpclassify  m_wm.l(fpclassify.o)
    0x0800c55a   0x0800c55a   0x00000026   Code   RO         9708    i.__ARM_fpclassifyf  m_wm.l(fpclassifyf.o)
    0x0800c580   0x0800c580   0x00000010   Code   RO         2853    i.__NVIC_GetPriorityGrouping  stm32f4xx_hal_cortex.o
    0x0800c590   0x0800c590   0x00000028   Code   RO         2854    i.__NVIC_SetPriority  stm32f4xx_hal_cortex.o
    0x0800c5b8   0x0800c5b8   0x00000024   Code   RO         9329    i.__aeabi_vec_ctor_nocookie_nodtor  cpprt_w.l(aeabi_vec_ctor_nocookie_nodtor.o)
    0x0800c5dc   0x0800c5dc   0x00000010   Code   RO         9217    i.__cxa_guard_acquire  cpprt_w.l(cxa_guard_acquire.o)
    0x0800c5ec   0x0800c5ec   0x00000006   Code   RO         5102    i.__get_IPSR        cmsis_os2.o
    0x0800c5f2   0x0800c5f2   0x00000006   PAD
    0x0800c5f8   0x0800c5f8   0x000000f8   Code   RO         9979    i.__hardfp___mathlib_tofloat  m_wm.l(narrow.o)
    0x0800c6f0   0x0800c6f0   0x0000012c   Code   RO         9361    i.__hardfp_asinf    m_wm.l(asinf.o)
    0x0800c81c   0x0800c81c   0x00000250   Code   RO         9373    i.__hardfp_atan2f   m_wm.l(atan2f.o)
    0x0800ca6c   0x0800ca6c   0x00000150   Code   RO         9391    i.__hardfp_cosf     m_wm.l(cosf.o)
    0x0800cbbc   0x0800cbbc   0x00000004   PAD
    0x0800cbc0   0x0800cbc0   0x000000d0   Code   RO        10027    i.__hardfp_ldexp    m_wm.l(ldexp.o)
    0x0800cc90   0x0800cc90   0x00000664   Code   RO         9403    i.__hardfp_powf     m_wm.l(powf.o)
    0x0800d2f4   0x0800d2f4   0x00000190   Code   RO         9417    i.__hardfp_sinf     m_wm.l(sinf.o)
    0x0800d484   0x0800d484   0x0000003a   Code   RO         9429    i.__hardfp_sqrtf    m_wm.l(sqrtf.o)
    0x0800d4be   0x0800d4be   0x00000002   PAD
    0x0800d4c0   0x0800d4c0   0x00000020   Code   RO        10049    i.__mathlib_dbl_overflow  m_wm.l(dunder.o)
    0x0800d4e0   0x0800d4e0   0x00000020   Code   RO        10051    i.__mathlib_dbl_underflow  m_wm.l(dunder.o)
    0x0800d500   0x0800d500   0x00000014   Code   RO         9710    i.__mathlib_flt_divzero  m_wm.l(funder.o)
    0x0800d514   0x0800d514   0x00000006   Code   RO         9711    i.__mathlib_flt_infnan  m_wm.l(funder.o)
    0x0800d51a   0x0800d51a   0x00000006   Code   RO         9712    i.__mathlib_flt_infnan2  m_wm.l(funder.o)
    0x0800d520   0x0800d520   0x00000010   Code   RO         9713    i.__mathlib_flt_invalid  m_wm.l(funder.o)
    0x0800d530   0x0800d530   0x00000010   Code   RO         9714    i.__mathlib_flt_overflow  m_wm.l(funder.o)
    0x0800d540   0x0800d540   0x00000010   Code   RO         9716    i.__mathlib_flt_underflow  m_wm.l(funder.o)
    0x0800d550   0x0800d550   0x00000012   Code   RO         9980    i.__mathlib_narrow  m_wm.l(narrow.o)
    0x0800d562   0x0800d562   0x00000002   PAD
    0x0800d564   0x0800d564   0x00000154   Code   RO         9724    i.__mathlib_rredf2  m_wm.l(rredf.o)
    0x0800d6b8   0x0800d6b8   0x00000038   Code   RO         6876    i.__sti___11_air_joy_cpp_air_joy  air_joy.o
    0x0800d6f0   0x0800d6f0   0x00000028   Code   RO         8588    i.__sti___11_fsm_joy_cpp_24180372  fsm_joy.o
    0x0800d718   0x0800d718   0x00000028   Code   RO         7669    i.__sti___12_launcher_cpp_5270b09b  launcher.o
    0x0800d740   0x0800d740   0x00000028   Code   RO         8050    i.__sti___13_data_pool_cpp_35791fe7  data_pool.o
    0x0800d768   0x0800d768   0x0000010c   Code   RO         8316    i.__sti___14_user_debug_cpp_M3508  user_debug.o
    0x0800d874   0x0800d874   0x000000a4   Code   RO         8650    i.__sti___16_chassis_task_cpp_ebda1355  chassis_task.o
    0x0800d918   0x0800d918   0x00000030   Code   RO         9107    i.__sti___17_relocate_task_cpp_filed  relocate_task.o
    0x0800d948   0x0800d948   0x00000028   Code   RO         8258    i.__sti___18_service_config_cpp_be46bf9b  service_config.o
    0x0800d970   0x0800d970   0x00000028   Code   RO         8142    i.__sti___25_service_communication_cpp_06a294b1  service_communication.o
    0x0800d998   0x0800d998   0x00000014   Code   RO        10029    i.__support_ldexp   m_wm.l(ldexp.o)
    0x0800d9ac   0x0800d9ac   0x0000000e   Code   RO         9580    i._is_digit         c_w.l(__printf_wp.o)
    0x0800d9ba   0x0800d9ba   0x00000002   PAD
    0x0800d9bc   0x0800d9bc   0x00000058   Code   RO         6119    i.atk_mw1278d_uart_printf  drive_atk_mw1278d_uart.o
    0x0800da14   0x0800da14   0x00000004   PAD
    0x0800da18   0x0800da18   0x00000038   Code   RO         9387    i.atof              m_wm.l(atof.o)
    0x0800da50   0x0800da50   0x0000003c   Code   RO         5769    i.comm_can_transmit_extid  drive_can.o
    0x0800da8c   0x0800da8c   0x0000003a   Code   RO         5770    i.comm_can_transmit_stdid  drive_can.o
    0x0800dac6   0x0800dac6   0x00000002   PAD
    0x0800dac8   0x0800dac8   0x0000008c   Code   RO        10018    i.frexp             m_wm.l(frexp.o)
    0x0800db54   0x0800db54   0x00000158   Code   RO         6121    i.is_valid_data     drive_atk_mw1278d_uart.o
    0x0800dcac   0x0800dcac   0x00000050   Code   RO           16    i.main              main.o
    0x0800dcfc   0x0800dcfc   0x0000001e   Code   RO         5103    i.osDelay           cmsis_os2.o
    0x0800dd1a   0x0800dd1a   0x00000002   PAD
    0x0800dd1c   0x0800dd1c   0x0000002c   Code   RO         5117    i.osKernelInitialize  cmsis_os2.o
    0x0800dd48   0x0800dd48   0x00000060   Code   RO         5120    i.osKernelStart     cmsis_os2.o
    0x0800dda8   0x0800dda8   0x000000b8   Code   RO         5162    i.osThreadNew       cmsis_os2.o
    0x0800de60   0x0800de60   0x000000ac   Code   RO         6122    i.parse_data        drive_atk_mw1278d_uart.o
    0x0800df0c   0x0800df0c   0x0000005c   Code   RO         6030    i.printf_UART       drive_uart.o
    0x0800df68   0x0800df68   0x0000007c   Code   RO         4540    i.prvAddCurrentTaskToDelayedList  tasks.o
    0x0800dfe4   0x0800dfe4   0x000000b8   Code   RO         4541    i.prvAddNewTaskToReadyList  tasks.o
    0x0800e09c   0x0800e09c   0x00000074   Code   RO         4916    i.prvCheckForValidListAndQueue  timers.o
    0x0800e110   0x0800e110   0x00000048   Code   RO         4542    i.prvCheckTasksWaitingTermination  tasks.o
    0x0800e158   0x0800e158   0x0000002a   Code   RO         4127    i.prvCopyDataFromQueue  queue.o
    0x0800e182   0x0800e182   0x0000007e   Code   RO         4128    i.prvCopyDataToQueue  queue.o
    0x0800e200   0x0800e200   0x00000050   Code   RO         4543    i.prvDeleteTCB      tasks.o
    0x0800e250   0x0800e250   0x00000028   Code   RO         4917    i.prvGetNextExpireTime  timers.o
    0x0800e278   0x0800e278   0x0000007c   Code   RO         5630    i.prvHeapInit       heap_4.o
    0x0800e2f4   0x0800e2f4   0x00000028   Code   RO         4544    i.prvIdleTask       tasks.o
    0x0800e31c   0x0800e31c   0x0000002a   Code   RO         4131    i.prvInitialiseNewQueue  queue.o
    0x0800e346   0x0800e346   0x000000be   Code   RO         4545    i.prvInitialiseNewTask  tasks.o
    0x0800e404   0x0800e404   0x00000068   Code   RO         4546    i.prvInitialiseTaskLists  tasks.o
    0x0800e46c   0x0800e46c   0x00000068   Code   RO         5631    i.prvInsertBlockIntoFreeList  heap_4.o
    0x0800e4d4   0x0800e4d4   0x00000058   Code   RO         4919    i.prvInsertTimerInActiveList  timers.o
    0x0800e52c   0x0800e52c   0x0000001a   Code   RO         4132    i.prvIsQueueEmpty   queue.o
    0x0800e546   0x0800e546   0x0000001e   Code   RO         4133    i.prvIsQueueFull    queue.o
    0x0800e564   0x0800e564   0x00000074   Code   RO         4920    i.prvProcessExpiredTimer  timers.o
    0x0800e5d8   0x0800e5d8   0x00000164   Code   RO         4921    i.prvProcessReceivedCommands  timers.o
    0x0800e73c   0x0800e73c   0x00000074   Code   RO         4922    i.prvProcessTimerOrBlockTask  timers.o
    0x0800e7b0   0x0800e7b0   0x00000034   Code   RO         4548    i.prvResetNextTaskUnblockTime  tasks.o
    0x0800e7e4   0x0800e7e4   0x0000002c   Code   RO         4923    i.prvSampleTimeNow  timers.o
    0x0800e810   0x0800e810   0x000000a4   Code   RO         4924    i.prvSwitchTimerLists  timers.o
    0x0800e8b4   0x0800e8b4   0x00000040   Code   RO         5686    i.prvTaskExitError  port.o
    0x0800e8f4   0x0800e8f4   0x0000001a   Code   RO         4925    i.prvTimerTask      timers.o
    0x0800e90e   0x0800e90e   0x0000007e   Code   RO         4134    i.prvUnlockQueue    queue.o
    0x0800e98c   0x0800e98c   0x0000014c   Code   RO         5632    i.pvPortMalloc      heap_4.o
    0x0800ead8   0x0800ead8   0x0000002c   Code   RO         5687    i.pxPortInitialiseStack  port.o
    0x0800eb04   0x0800eb04   0x00000104   Code   RO         9108    i.relocate_task     relocate_task.o
    0x0800ec08   0x0800ec08   0x0000003e   Code   RO         9431    i.sqrtf             m_wm.l(sqrtf.o)
    0x0800ec46   0x0800ec46   0x00000028   Code   RO         4087    i.uxListRemove      list.o
    0x0800ec6e   0x0800ec6e   0x00000002   PAD
    0x0800ec70   0x0800ec70   0x00000018   Code   RO         5174    i.vApplicationGetIdleTaskMemory  cmsis_os2.o
    0x0800ec88   0x0800ec88   0x00000018   Code   RO         5175    i.vApplicationGetTimerTaskMemory  cmsis_os2.o
    0x0800eca0   0x0800eca0   0x0000001a   Code   RO         4088    i.vListInitialise   list.o
    0x0800ecba   0x0800ecba   0x00000006   Code   RO         4089    i.vListInitialiseItem  list.o
    0x0800ecc0   0x0800ecc0   0x00000034   Code   RO         4090    i.vListInsert       list.o
    0x0800ecf4   0x0800ecf4   0x00000018   Code   RO         4091    i.vListInsertEnd    list.o
    0x0800ed0c   0x0800ed0c   0x00000054   Code   RO         5689    i.vPortEnterCritical  port.o
    0x0800ed60   0x0800ed60   0x0000003c   Code   RO         5690    i.vPortExitCritical  port.o
    0x0800ed9c   0x0800ed9c   0x000000a4   Code   RO         5633    i.vPortFree         heap_4.o
    0x0800ee40   0x0800ee40   0x00000028   Code   RO         5691    i.vPortSetupTimerInterrupt  port.o
    0x0800ee68   0x0800ee68   0x00000078   Code   RO         5692    i.vPortValidateInterruptPriority  port.o
    0x0800eee0   0x0800eee0   0x0000002c   Code   RO         4140    i.vQueueAddToRegistry  queue.o
    0x0800ef0c   0x0800ef0c   0x0000004a   Code   RO         4144    i.vQueueWaitForMessageRestricted  queue.o
    0x0800ef56   0x0800ef56   0x00000002   PAD
    0x0800ef58   0x0800ef58   0x0000005c   Code   RO         4561    i.vTaskDelay        tasks.o
    0x0800efb4   0x0800efb4   0x000000d4   Code   RO         4562    i.vTaskDelayUntil   tasks.o
    0x0800f088   0x0800f088   0x00000018   Code   RO         4566    i.vTaskInternalSetTimeOutState  tasks.o
    0x0800f0a0   0x0800f0a0   0x0000000c   Code   RO         4567    i.vTaskMissedYield  tasks.o
    0x0800f0ac   0x0800f0ac   0x00000038   Code   RO         4569    i.vTaskPlaceOnEventList  tasks.o
    0x0800f0e4   0x0800f0e4   0x00000040   Code   RO         4570    i.vTaskPlaceOnEventListRestricted  tasks.o
    0x0800f124   0x0800f124   0x000000b8   Code   RO         4578    i.vTaskStartScheduler  tasks.o
    0x0800f1dc   0x0800f1dc   0x00000010   Code   RO         4580    i.vTaskSuspendAll   tasks.o
    0x0800f1ec   0x0800f1ec   0x00000090   Code   RO         4581    i.vTaskSwitchContext  tasks.o
    0x0800f27c   0x0800f27c   0x00000168   Code   RO         5693    i.xPortStartScheduler  port.o
    0x0800f3e4   0x0800f3e4   0x00000034   Code   RO         5694    i.xPortSysTickHandler  port.o
    0x0800f418   0x0800f418   0x0000005a   Code   RO         4149    i.xQueueGenericCreate  queue.o
    0x0800f472   0x0800f472   0x000000e0   Code   RO         4150    i.xQueueGenericCreateStatic  queue.o
    0x0800f552   0x0800f552   0x00000002   PAD
    0x0800f554   0x0800f554   0x00000098   Code   RO         4151    i.xQueueGenericReset  queue.o
    0x0800f5ec   0x0800f5ec   0x000001a8   Code   RO         4152    i.xQueueGenericSend  queue.o
    0x0800f794   0x0800f794   0x000000fc   Code   RO         4153    i.xQueueGenericSendFromISR  queue.o
    0x0800f890   0x0800f890   0x00000168   Code   RO         4162    i.xQueueReceive     queue.o
    0x0800f9f8   0x0800f9f8   0x0000008c   Code   RO         4583    i.xTaskCheckForTimeOut  tasks.o
    0x0800fa84   0x0800fa84   0x00000064   Code   RO         4584    i.xTaskCreate       tasks.o
    0x0800fae8   0x0800fae8   0x000000ba   Code   RO         4585    i.xTaskCreateStatic  tasks.o
    0x0800fba2   0x0800fba2   0x00000002   PAD
    0x0800fba4   0x0800fba4   0x00000020   Code   RO         4589    i.xTaskGetSchedulerState  tasks.o
    0x0800fbc4   0x0800fbc4   0x0000000c   Code   RO         4590    i.xTaskGetTickCount  tasks.o
    0x0800fbd0   0x0800fbd0   0x00000144   Code   RO         4592    i.xTaskIncrementTick  tasks.o
    0x0800fd14   0x0800fd14   0x000000a4   Code   RO         4595    i.xTaskPriorityDisinherit  tasks.o
    0x0800fdb8   0x0800fdb8   0x00000098   Code   RO         4597    i.xTaskRemoveFromEventList  tasks.o
    0x0800fe50   0x0800fe50   0x00000104   Code   RO         4598    i.xTaskResumeAll    tasks.o
    0x0800ff54   0x0800ff54   0x00000078   Code   RO         4934    i.xTimerCreateTimerTask  timers.o
    0x0800ffcc   0x0800ffcc   0x00000084   Code   RO         4935    i.xTimerGenericCommand  timers.o
    0x08010050   0x08010050   0x0000002c   Code   RO         9803    locale$$code        c_w.l(lc_numeric_c.o)
    0x0801007c   0x0801007c   0x0000002c   Code   RO         9905    locale$$code        c_w.l(lc_ctype_c.o)
    0x080100a8   0x080100a8   0x000001a4   Code   RO         7043    t._Z14Motor_SendMsgsI10Motor_C620Li3EEvP19__CAN_HandleTypeDefRAT0__T_  omni_chassis.o
    0x0801024c   0x0801024c   0x000001a4   Code   RO         7718    t._Z14Motor_SendMsgsI10Motor_C620Li4EEvP19__CAN_HandleTypeDefRAT0__T_  launcher.o
    0x080103f0   0x080103f0   0x0000002c   Code   RO         7315    t._Z14Motor_SendMsgsI4VESCEvP19__CAN_HandleTypeDefRT_  chassis_swerve.o
    0x0801041c   0x0801041c   0x00000160   Code   RO         7307    t._Z14Motor_SendMsgsI4VESCLi1EEvP19__CAN_HandleTypeDefRAT0__T_  chassis_swerve.o
    0x0801057c   0x0801057c   0x00000028   Code   RO         6417    t._Z15_tool_ConstrainIfEvPT_S0_S0_  pid.o
    0x080105a4   0x080105a4   0x00000028   Code   RO         8341    t._Z16motor_constraintIfEvPT_S0_S0_  user_debug.o
    0x080105cc   0x080105cc   0x0000001a   Code   RO         6410    t._Z9_tool_AbsIfET_S0_  pid.o
    0x080105e6   0x080105e6   0x0000000e   Code   RO         8614    t._Z9_tool_AbsIiET_S0_  fsm_joy.o
    0x080105f4   0x080105f4   0x00000062   Code   RO         9335    x$fpl$d2f           fz_wm.l(d2f.o)
    0x08010656   0x08010656   0x00000002   PAD
    0x08010658   0x08010658   0x00000150   Code   RO         9337    x$fpl$dadd          fz_wm.l(daddsub_clz.o)
    0x080107a8   0x080107a8   0x00000010   Code   RO        10060    x$fpl$dcheck1       fz_wm.l(dcheck1.o)
    0x080107b8   0x080107b8   0x00000018   Code   RO         9687    x$fpl$dcmpinf       fz_wm.l(dcmpi.o)
    0x080107d0   0x080107d0   0x000002b0   Code   RO         9344    x$fpl$ddiv          fz_wm.l(ddiv.o)
    0x08010a80   0x08010a80   0x00000078   Code   RO        10014    x$fpl$deqf          fz_wm.l(deqf.o)
    0x08010af8   0x08010af8   0x0000002e   Code   RO         9348    x$fpl$dflt          fz_wm.l(dflt_clz.o)
    0x08010b26   0x08010b26   0x00000002   PAD
    0x08010b28   0x08010b28   0x00000078   Code   RO         9353    x$fpl$dleqf         fz_wm.l(dleqf.o)
    0x08010ba0   0x08010ba0   0x00000154   Code   RO         9355    x$fpl$dmul          fz_wm.l(dmul.o)
    0x08010cf4   0x08010cf4   0x0000009c   Code   RO         9689    x$fpl$dnaninf       fz_wm.l(dnaninf.o)
    0x08010d90   0x08010d90   0x0000000c   Code   RO         9691    x$fpl$dretinf       fz_wm.l(dretinf.o)
    0x08010d9c   0x08010d9c   0x0000006c   Code   RO         9357    x$fpl$drleqf        fz_wm.l(drleqf.o)
    0x08010e08   0x08010e08   0x000001d4   Code   RO         9339    x$fpl$dsub          fz_wm.l(daddsub_clz.o)
    0x08010fdc   0x08010fdc   0x00000056   Code   RO         9359    x$fpl$f2d           fz_wm.l(f2d.o)
    0x08011032   0x08011032   0x0000008c   Code   RO         9693    x$fpl$fnaninf       fz_wm.l(fnaninf.o)
    0x080110be   0x080110be   0x0000000a   Code   RO         9845    x$fpl$fpinit        fz_wm.l(fpinit.o)
    0x080110c8   0x080110c8   0x0000000a   Code   RO         9695    x$fpl$fretinf       fz_wm.l(fretinf.o)
    0x080110d2   0x080110d2   0x00000006   Code   RO         9697    x$fpl$ieeestatus    fz_wm.l(istatus.o)
    0x080110d8   0x080110d8   0x00000004   Code   RO         9699    x$fpl$printf1       fz_wm.l(printf1.o)
    0x080110dc   0x080110dc   0x00000004   Code   RO         9701    x$fpl$printf2       fz_wm.l(printf2.o)
    0x080110e0   0x080110e0   0x00000064   Code   RO        10062    x$fpl$retnan        fz_wm.l(retnan.o)
    0x08011144   0x08011144   0x0000005c   Code   RO        10043    x$fpl$scalbn        fz_wm.l(scalbn.o)
    0x080111a0   0x080111a0   0x00000004   Code   RO         9847    x$fpl$scanf1        fz_wm.l(scanf1.o)
    0x080111a4   0x080111a4   0x00000008   Code   RO         9973    x$fpl$scanf2        fz_wm.l(scanf2.o)
    0x080111ac   0x080111ac   0x00000030   Code   RO        10064    x$fpl$trapveneer    fz_wm.l(trapv.o)
    0x080111dc   0x080111dc   0x00000000   Code   RO         9707    x$fpl$usenofp       fz_wm.l(usenofp.o)
    0x080111dc   0x080111dc   0x00000144   Data   RO          283    .constdata          freertos.o
    0x08011320   0x08011320   0x00000008   Data   RO         2570    .constdata          stm32f4xx_hal_dma.o
    0x08011328   0x08011328   0x00000018   Data   RO         3924    .constdata          system_stm32f4xx.o
    0x08011340   0x08011340   0x00000014   Data   RO         6881    .constdata          air_joy.o
    0x08011354   0x08011354   0x00000020   Data   RO         8592    .constdata          fsm_joy.o
    0x08011374   0x08011374   0x00000174   Data   RO         8657    .constdata          chassis_task.o
    0x080114e8   0x080114e8   0x00000140   Data   RO         9406    .constdata          m_wm.l(powf.o)
    0x08011628   0x08011628   0x00000008   Data   RO         9539    .constdata          c_w.l(_printf_wctomb.o)
    0x08011630   0x08011630   0x00000028   Data   RO         9568    .constdata          c_w.l(_printf_hex_int_ll_ptr.o)
    0x08011658   0x08011658   0x00000011   Data   RO         9588    .constdata          c_w.l(__printf_flags_ss_wp.o)
    0x08011669   0x08011669   0x00000003   PAD
    0x0801166c   0x0801166c   0x00000020   Data   RO         9725    .constdata          m_wm.l(rredf.o)
    0x0801168c   0x0801168c   0x00000026   Data   RO         9787    .constdata          c_w.l(_printf_fp_hex.o)
    0x080116b2   0x080116b2   0x00000002   PAD
    0x080116b4   0x080116b4   0x00000094   Data   RO         9880    .constdata          c_w.l(bigflt0.o)
    0x08011748   0x08011748   0x00000038   Data   RO         7369    .constdata__ZTV10Motor_Base  chassis_swerve.o
    0x08011780   0x08011780   0x00000048   Data   RO         8372    .constdata__ZTV10Motor_C620  user_debug.o
    0x080117c8   0x080117c8   0x00000040   Data   RO         7371    .constdata__ZTV11Motor_Speed  chassis_swerve.o
    0x08011808   0x08011808   0x00000014   Data   RO         8759    .constdata__ZTV11PlannerBase  chassis_task.o
    0x0801181c   0x0801181c   0x00000014   Data   RO         6451    .constdata__ZTV12TrapePlanner  speed_plan.o
    0x08011830   0x08011830   0x00000040   Data   RO         7373    .constdata__ZTV4VESC  chassis_swerve.o
    0x08011870   0x08011870   0x00000044   Data   RO         8374    .constdata__ZTV9DM_Driver  user_debug.o
    0x080118b4   0x080118b4   0x00000048   Data   RO         8370    .constdata__ZTV9RM_Common  user_debug.o
    0x080118fc   0x080118fc   0x00000064   Data   RO          284    .conststring        freertos.o
    0x08011960   0x08011960   0x00000020   Data   RO        10066    Region$$Table       anon$$obj.o
    0x08011980   0x08011980   0x00000008   Data   RO         9969    c$$dinf             fz_wm.l(fpconst.o)
    0x08011988   0x08011988   0x00000008   Data   RO         9972    c$$dmax             fz_wm.l(fpconst.o)
    0x08011990   0x08011990   0x0000001c   Data   RO         9802    locale$$data        c_w.l(lc_numeric_c.o)
    0x080119ac   0x080119ac   0x00000110   Data   RO         9904    locale$$data        c_w.l(lc_ctype_c.o)
    0x08011abc   0x08011abc   0x00000004   Data   RO         6882    .init_array         air_joy.o
    0x08011ac0   0x08011abc   0x00000004   Data   RO         7678    .init_array         launcher.o
    0x08011ac4   0x08011abc   0x00000004   Data   RO         8055    .init_array         data_pool.o
    0x08011ac8   0x08011abc   0x00000004   Data   RO         8153    .init_array         service_communication.o
    0x08011acc   0x08011abc   0x00000004   Data   RO         8263    .init_array         service_config.o
    0x08011ad0   0x08011abc   0x00000004   Data   RO         8320    .init_array         user_debug.o
    0x08011ad4   0x08011abc   0x00000004   Data   RO         8594    .init_array         fsm_joy.o
    0x08011ad8   0x08011abc   0x00000004   Data   RO         8659    .init_array         chassis_task.o
    0x08011adc   0x08011abc   0x00000004   Data   RO         9113    .init_array         relocate_task.o
    0x08011ae0   0x08011abc   0x00000000   Data   RO         9206    .init_array         c_w.l(init_aeabi.o)


    Execution Region RW_IRAM1 (Exec base: 0x20000000, Load base: 0x08011ae0, Size: 0x00006d18, Max: 0x00020000, ABSOLUTE, COMPRESSED[0x00000068])

    Exec Addr    Load Addr    Size         Type   Attr      Idx    E Section Name        Object

    0x20000000   COMPRESSED   0x00000024   Data   RW          285    .data               freertos.o
    0x20000024   COMPRESSED   0x00000004   Data   RW          329    .data               can.o
    0x20000028   COMPRESSED   0x00000009   Data   RW         3002    .data               stm32f4xx_hal.o
    0x20000031   COMPRESSED   0x00000003   PAD
    0x20000034   COMPRESSED   0x00000004   Data   RW         3925    .data               system_stm32f4xx.o
    0x20000038   COMPRESSED   0x0000003c   Data   RW         4601    .data               tasks.o
    0x20000074   COMPRESSED   0x00000014   Data   RW         4943    .data               timers.o
    0x20000088   COMPRESSED   0x00000004   Data   RW         5177    .data               cmsis_os2.o
    0x2000008c   COMPRESSED   0x00000020   Data   RW         5639    .data               heap_4.o
    0x200000ac   COMPRESSED   0x0000000c   Data   RW         5695    .data               port.o
    0x200000b8   COMPRESSED   0x00000008   Data   RW         5772    .data               drive_can.o
    0x200000c0   COMPRESSED   0x0000000c   Data   RW         5960    .data               drive_tim.o
    0x200000cc   COMPRESSED   0x00000002   Data   RW         6033    .data               drive_uart.o
    0x200000ce   COMPRESSED   0x00000002   PAD
    0x200000d0   COMPRESSED   0x00000036   Data   RW         6124    .data               drive_atk_mw1278d_uart.o
    0x20000106   COMPRESSED   0x00000078   Data   RW         6181    .data               drive_ws2812.o
    0x2000017e   COMPRESSED   0x00000002   PAD
    0x20000180   COMPRESSED   0x00000004   Data   RW         6364    .data               pid.o
    0x20000184   COMPRESSED   0x00000001   Data   RW         7614    .data               position.o
    0x20000185   COMPRESSED   0x00000003   PAD
    0x20000188   COMPRESSED   0x0000005c   Data   RW         7677    .data               launcher.o
    0x200001e4   COMPRESSED   0x00000044   Data   RW         7907    .data               speed_action.o
    0x20000228   COMPRESSED   0x0000000c   Data   RW         7999    .data               viewcommunication.o
    0x20000234   COMPRESSED   0x00000044   Data   RW         8054    .data               data_pool.o
    0x20000278   COMPRESSED   0x00000010   Data   RW         8152    .data               service_communication.o
    0x20000288   COMPRESSED   0x00000010   Data   RW         8262    .data               service_config.o
    0x20000298   COMPRESSED   0x0000001c   Data   RW         8593    .data               fsm_joy.o
    0x200002b4   COMPRESSED   0x0000004a   Data   RW         8658    .data               chassis_task.o
    0x200002fe   COMPRESSED   0x00000002   PAD
    0x20000300   COMPRESSED   0x00000024   Data   RW         8872    .data               laserpositioning_task.o
    0x20000324   COMPRESSED   0x00000002   Data   RW         8967    .data               led.o
    0x20000326   COMPRESSED   0x00000002   PAD
    0x20000328   COMPRESSED   0x00000028   Data   RW         9112    .data               relocate_task.o
    0x20000350        -       0x00000050   Zero   RW          328    .bss                can.o
    0x200003a0        -       0x000000b8   Zero   RW          400    .bss                spi.o
    0x20000458        -       0x000000d8   Zero   RW          445    .bss                tim.o
    0x20000530        -       0x00000514   Zero   RW          506    .bss                usart.o
    0x20000a44        -       0x00000048   Zero   RW          797    .bss                stm32f4xx_hal_timebase_tim.o
    0x20000a8c        -       0x00000040   Zero   RW         4166    .bss                queue.o
    0x20000acc        -       0x000004c4   Zero   RW         4600    .bss                tasks.o
    0x20000f90        -       0x00000118   Zero   RW         4942    .bss                timers.o
    0x200010a8        -       0x000006d8   Zero   RW         5176    .bss                cmsis_os2.o
    0x20001780        -       0x00003c00   Zero   RW         5638    .bss                heap_4.o
    0x20005380        -       0x00000048   Zero   RW         5771    .bss                drive_can.o
    0x200053c8        -       0x000000b4   Zero   RW         6032    .bss                drive_uart.o
    0x2000547c        -       0x00000128   Zero   RW         6123    .bss                drive_atk_mw1278d_uart.o
    0x200055a4        -       0x000003c0   Zero   RW         6180    .bss                drive_ws2812.o
    0x20005964        -       0x0000003c   Zero   RW         6880    .bss                air_joy.o
    0x200059a0        -       0x00000058   Zero   RW         7613    .bss                position.o
    0x200059f8        -       0x0000002c   Zero   RW         7998    .bss                viewcommunication.o
    0x20005a24        -       0x000000b9   Zero   RW         8053    .bss                data_pool.o
    0x20005add   COMPRESSED   0x00000003   PAD
    0x20005ae0        -       0x000000bc   Zero   RW         8319    .bss                user_debug.o
    0x20005b9c        -       0x00000014   Zero   RW         8535    .bss                lora.o
    0x20005bb0        -       0x0000002c   Zero   RW         8591    .bss                fsm_joy.o
    0x20005bdc   COMPRESSED   0x00000004   PAD
    0x20005be0        -       0x00000a80   Zero   RW         8656    .bss                chassis_task.o
    0x20006660        -       0x00000038   Zero   RW         8871    .bss                laserpositioning_task.o
    0x20006698        -       0x0000001c   Zero   RW         9111    .bss                relocate_task.o
    0x200066b4        -       0x00000060   Zero   RW         9728    .bss                c_w.l(libspace.o)
    0x20006714   COMPRESSED   0x00000004   PAD
    0x20006718        -       0x00000200   Zero   RW            2    HEAP                startup_stm32f407xx.o
    0x20006918        -       0x00000400   Zero   RW            1    STACK               startup_stm32f407xx.o


==============================================================================

Image component sizes


      Code (inc. data)   RO Data    RW Data    ZI Data      Debug   Object Name

       276         18         24          0         60       6159   air_joy.o
       524         46          0          4         80       2746   can.o
      1266         82        184          0          0      21485   chassis_swerve.o
      3900        462        396         74       2688      32240   chassis_task.o
       430         38          0          4       1752      65987   cmsis_os2.o
       260         60          4         68        185      16781   data_pool.o
       248          6          0          0          0        998   dma.o
      1020        116          0         54        296       4993   drive_atk_mw1278d_uart.o
       522         60          0          8         72       5517   drive_can.o
       168         16          0         12          0       4549   drive_tim.o
       604         54          0          2        180       5947   drive_uart.o
       392         26          0        120        960       6638   drive_ws2812.o
         0          0          0          0          0      19740   event_groups.o
        74          0          0          0          0       5700   filter.o
       240        110        424         36          0       2268   freertos.o
      1186         76         36         28         44       3495   fsm_joy.o
       336         14          0          0          0       1247   gpio.o
       724         74          0         32      15360       5215   heap_4.o
      1364        112          0         36         56      13336   laserpositioning_task.o
      2604        222          4         92          0      19826   launcher.o
       224         26          0          2          0       5230   led.o
       148          0          0          0          0       3914   list.o
       164         34          0          0         20        958   lora.o
       306         20          0          0          0     727120   main.o
      1654         42          0          0          0     625590   omni_chassis.o
      1650         34          0          4          0      10870   pid.o
      1014         92          0         12          0      12381   port.o
       536         34          0          1         88       4424   position.o
      2012         20          0          0         64      19382   queue.o
       312          4          0          0          0       8352   relocate.o
       308         56          4         40         28       2861   relocate_task.o
       564         70          4         16          0      17535   service_communication.o
       316        104          4         16          0      13850   service_config.o
       452          6          0          0          0       6416   shoot.o
      1590        170          0         68          0       6593   speed_action.o
       168         16          0          0          0       1696   speed_calculate.o
       792          6         20          0          0       4367   speed_plan.o
       272         30          0          0        184       1990   spi.o
        64         26        392          0       1536        900   startup_stm32f407xx.o
        96         20          0          9          0       8422   stm32f4xx_hal.o
      2186          6          0          0          0      15581   stm32f4xx_hal_can.o
       252         22          0          0          0      34022   stm32f4xx_hal_cortex.o
      1442         16          8          0          0       8201   stm32f4xx_hal_dma.o
       540         50          0          0          0       2975   stm32f4xx_hal_gpio.o
        84          6          0          0          0        974   stm32f4xx_hal_msp.o
      1888         94          0          0          0       6729   stm32f4xx_hal_rcc.o
       964         26          0          0          0       8284   stm32f4xx_hal_spi.o
      2392        142          0          0          0      17740   stm32f4xx_hal_tim.o
       184         30          0          0          0       2725   stm32f4xx_hal_tim_ex.o
       180         20          0          0         72       1643   stm32f4xx_hal_timebase_tim.o
      3316         26          0          0          0      20638   stm32f4xx_hal_uart.o
       432        146          0          0          0      16603   stm32f4xx_it.o
         0          0          0          0          0        392   stream_buffer.o
        20          6         24          4          0       1303   system_stm32f4xx.o
      3020        358          0         60       1220      30364   tasks.o
       572         56          0          0        216       4056   tim.o
      1318        124          0         20        280      31403   timers.o
       122          0          0          0          0       3810   tool.o
      1628        152          0          0       1300       5768   usart.o
       666         78        216          0        188      14525   user_debug.o
       372         38          0         12         44       3621   viewcommunication.o

    ----------------------------------------------------------------------
     50432       3802       1776        848      26980    1959075   Object Totals
         0          0         32          0          0          0   (incl. Generated)
        74          4          0         14          7          0   (incl. Padding)

    ----------------------------------------------------------------------

      Code (inc. data)   RO Data    RW Data    ZI Data      Debug   Library Member Name

        90          0          0          0          0          0   __dczerorl2.o
         8          0          0          0          0         68   __main.o
       392          4         17          0          0         92   __printf_flags_ss_wp.o
        14          0          0          0          0         68   __printf_wp.o
         0          0          0          0          0          0   __rtentry.o
        12          0          0          0          0          0   __rtentry2.o
         6          0          0          0          0          0   __rtentry4.o
        52          8          0          0          0          0   __scatter.o
        28          0          0          0          0          0   __scatter_zi.o
        28          0          0          0          0         68   _chval.o
         6          0          0          0          0          0   _printf_a.o
         6          0          0          0          0          0   _printf_c.o
        44          0          0          0          0        108   _printf_char.o
        48          6          0          0          0         96   _printf_char_common.o
        40          0          0          0          0         68   _printf_charcount.o
         6          0          0          0          0          0   _printf_d.o
       120         16          0          0          0         92   _printf_dec.o
         6          0          0          0          0          0   _printf_e.o
         6          0          0          0          0          0   _printf_f.o
      1054          0          0          0          0        216   _printf_fp_dec.o
       764          8         38          0          0        100   _printf_fp_hex.o
       128         16          0          0          0         84   _printf_fp_infnan.o
         6          0          0          0          0          0   _printf_g.o
       148          4         40          0          0        160   _printf_hex_int_ll_ptr.o
         6          0          0          0          0          0   _printf_i.o
       178          0          0          0          0         88   _printf_intcommon.o
        10          0          0          0          0          0   _printf_l.o
         6          0          0          0          0          0   _printf_lc.o
        10          0          0          0          0          0   _printf_ll.o
         6          0          0          0          0          0   _printf_lld.o
         6          0          0          0          0          0   _printf_lli.o
         6          0          0          0          0          0   _printf_llo.o
         6          0          0          0          0          0   _printf_llu.o
         6          0          0          0          0          0   _printf_llx.o
       124         16          0          0          0         92   _printf_longlong_dec.o
         6          0          0          0          0          0   _printf_ls.o
         6          0          0          0          0          0   _printf_n.o
         6          0          0          0          0          0   _printf_o.o
       112         10          0          0          0        124   _printf_oct_int_ll.o
         6          0          0          0          0          0   _printf_p.o
        78          0          0          0          0        108   _printf_pad.o
         0          0          0          0          0          0   _printf_percent.o
         4          0          0          0          0          0   _printf_percent_end.o
         6          0          0          0          0          0   _printf_s.o
        82          0          0          0          0         80   _printf_str.o
        36          0          0          0          0         84   _printf_truncate.o
         6          0          0          0          0          0   _printf_u.o
        44          0          0          0          0        108   _printf_wchar.o
       188          6          8          0          0         92   _printf_wctomb.o
         6          0          0          0          0          0   _printf_x.o
        22          0          0          0          0        100   _rserrno.o
        64          0          0          0          0         84   _sgetc.o
        16          0          0          0          0         68   _snputc.o
        10          0          0          0          0         68   _sputc.o
       158          0          0          0          0         92   _strtoul.o
        64          0          0          0          0         92   _wcrtomb.o
        46          0          0          0          0         84   aeabi_atexit.o
        16          0          0          0          0         68   aeabi_memset.o
        26          0          0          0          0         80   atoi.o
       228          4        148          0          0         96   bigflt0.o
      2152        136          0          0          0        960   btod.o
        66          0          0          0          0         84   cxa_finalize.o
        10          0          0          0          0         68   defsig_exit.o
        50          0          0          0          0         88   defsig_general.o
        80         58          0          0          0         76   defsig_rtmem_inner.o
        14          0          0          0          0         80   defsig_rtmem_outer.o
        18          0          0          0          0         80   exit.o
        94          0          0          0          0         80   h1_alloc.o
        52          0          0          0          0         68   h1_extend.o
        78          0          0          0          0         80   h1_free.o
        14          0          0          0          0         84   h1_init.o
         6          0          0          0          0        152   heapauxi.o
         4          0          0          0          0        136   hguard.o
         0          0          0          0          0          0   indicate_semi.o
        36         10          0          0          0         80   init_aeabi.o
       138          0          0          0          0        168   init_alloc.o
        18          0          0          0          0         76   isspace.o
        44         10        272          0          0         76   lc_ctype_c.o
        44         10         28          0          0         76   lc_numeric_c.o
         2          0          0          0          0          0   libinit.o
        46          0          0          0          0          0   libinit2.o
         2          0          0          0          0          0   libshutdown.o
         8          0          0          0          0          0   libshutdown2.o
         8          4          0          0         96         68   libspace.o
        38          0          0          0          0         68   llshl.o
       138          0          0          0          0         80   lludiv10.o
       238          0          0          0          0        100   lludivv7m.o
         0          0          0          0          0          0   maybetermalloc1.o
        16          4          0          0          0         76   rt_ctype_table.o
         8          4          0          0          0         68   rt_ddtor_pointer_addr_intlibspace.o
         8          4          0          0          0         68   rt_errno_addr_intlibspace.o
         8          4          0          0          0         68   rt_heap_descriptor_intlibspace.o
         8          4          0          0          0         68   rt_locale_intlibspace.o
        68          0          0          0          0         68   rt_memclr.o
        78          0          0          0          0         80   rt_memclr_w.o
       138          0          0          0          0         68   rt_memcpy_v6.o
       100          0          0          0          0         80   rt_memcpy_w.o
         2          0          0          0          0          0   rtexit.o
        10          0          0          0          0          0   rtexit2.o
      1272         16          0          0          0        168   scanf_fp.o
       800         14          0          0          0        100   scanf_hexfp.o
       308         16          0          0          0        100   scanf_infnan.o
        20          0          0          0          0         68   strchr.o
       128          0          0          0          0         68   strcmpv7m.o
        62          0          0          0          0         76   strlen.o
       164         14          0          0          0        120   strtod.o
       112          0          0          0          0         88   strtol.o
        12          4          0          0          0         68   sys_exit.o
        74          0          0          0          0         80   sys_stackheap_outer.o
        14          0          0          0          0         76   sys_wrch.o
         2          0          0          0          0         68   use_no_semi.o
        52          4          0          0          0         80   vsnprintf.o
        36          0          0          0          0         84   aeabi_vec_ctor_nocookie_nodtor.o
        34          0          0          0          0         84   aeabi_vec_dtor_noexceptions.o
        16          0          0          0          0         68   cxa_guard_acquire.o
        98          4          0          0          0        140   d2f.o
       804         16          0          0          0        368   daddsub_clz.o
        16          4          0          0          0        116   dcheck1.o
        24          0          0          0          0        116   dcmpi.o
       688        140          0          0          0        256   ddiv.o
       120          4          0          0          0        140   deqf.o
        46          0          0          0          0        116   dflt_clz.o
       120          4          0          0          0        140   dleqf.o
       340         12          0          0          0        152   dmul.o
       156          4          0          0          0        140   dnaninf.o
        12          0          0          0          0        116   dretinf.o
       108          0          0          0          0        128   drleqf.o
        86          4          0          0          0        132   f2d.o
       140          4          0          0          0        132   fnaninf.o
         0          0         16          0          0          0   fpconst.o
        10          0          0          0          0        116   fpinit.o
        10          0          0          0          0        116   fretinf.o
         6          0          0          0          0        116   istatus.o
         4          0          0          0          0        116   printf1.o
         4          0          0          0          0        116   printf2.o
       100          0          0          0          0        116   retnan.o
        92          0          0          0          0        116   scalbn.o
         4          0          0          0          0        116   scanf1.o
         8          0          0          0          0        132   scanf2.o
        48          0          0          0          0        116   trapv.o
         0          0          0          0          0          0   usenofp.o
       300         42          0          0          0        176   asinf.o
       592         90          0          0          0        184   atan2f.o
        56          8          0          0          0        132   atof.o
       336         56          0          0          0        136   cosf.o
        64         16          0          0          0        248   dunder.o
        48          0          0          0          0        124   fpclassify.o
        38          0          0          0          0        116   fpclassifyf.o
       140         22          0          0          0        132   frexp.o
        80         24          0          0          0        696   funder.o
       228          8          0          0          0        308   ldexp.o
       266         16          0          0          0        308   narrow.o
      1636        110        320          0          0        372   powf.o
       340         24         32          0          0        160   rredf.o
       400         56          0          0          0        212   sinf.o
       120          0          0          0          0        272   sqrtf.o

    ----------------------------------------------------------------------
     19284       1088        924          0        100      14640   Library Totals
        36          6          5          0          4          0   (incl. Padding)

    ----------------------------------------------------------------------

      Code (inc. data)   RO Data    RW Data    ZI Data      Debug   Library Name

     11474        414        551          0         96       7460   c_w.l
        86          0          0          0          0        236   cpprt_w.l
      3044        196         16          0          0       3368   fz_wm.l
      4644        472        352          0          0       3576   m_wm.l

    ----------------------------------------------------------------------
     19284       1088        924          0        100      14640   Library Totals

    ----------------------------------------------------------------------

==============================================================================


      Code (inc. data)   RO Data    RW Data    ZI Data      Debug   

     69716       4890       2700        848      27080    1924995   Grand Totals
     69716       4890       2700        104      27080    1924995   ELF Image Totals (compressed)
     69716       4890       2700        104          0          0   ROM Totals

==============================================================================

    Total RO  Size (Code + RO Data)                72416 (  70.72kB)
    Total RW  Size (RW Data + ZI Data)             27928 (  27.27kB)
    Total ROM Size (Code + RO Data + RW Data)      72520 (  70.82kB)

==============================================================================

