<html>
<body>
<pre>
<h1>µVision Build Log</h1>
<h2>Tool Versions:</h2>
IDE-Version: ¦ÌVision V5.24.2.0
Copyright (C) 2017 ARM Ltd and ARM Germany GmbH. All rights reserved.
License Information: A 8613005263146, A, LIC=8VRJ7-E4GFT-DY0V3-A243P-H2EW3-5XLMZ
 
Tool Versions:
Toolchain:       MDK-ARM Plus  Version: 5.24.1
Toolchain Path:  C:\Keil_v5\ARM\ARMCC\Bin
C Compiler:      Armcc.exe V5.06 update 5 (build 528)
Assembler:       Armasm.exe V5.06 update 5 (build 528)
Linker/Locator:  ArmLink.exe V5.06 update 5 (build 528)
Library Manager: ArmAr.exe V5.06 update 5 (build 528)
Hex Converter:   FromElf.exe V5.06 update 5 (build 528)
CPU DLL:         SARMCM3.DLL V5.24.1
Dialog DLL:      DCM.DLL V1.16.0.0
Target DLL:      CMSIS_AGDI.dll V1.28.3.0
Dialog DLL:      TCM.DLL V1.32.0.0
 
<h2>Project:</h2>
F:\MyProjectFlies\STM32_CubeMXProject\STM32F4\Project\2025RC-GDUT2-R1\R1_without_dribble_laser\MDK-ARM\MOTOR_CPP.uvprojx
Project File Date:  07/05/2025

<h2>Output:</h2>
*** Using Compiler 'V5.06 update 5 (build 528)', folder: 'C:\Keil_v5\ARM\ARMCC\Bin'
Rebuild target 'MOTOR_CPP'
assembling startup_stm32f407xx.s...
compiling stm32f4xx_it.c...
compiling dma.c...
compiling stm32f4xx_hal_msp.c...
compiling can.c...
compiling tim.c...
compiling stm32f4xx_hal_timebase_tim.c...
compiling freertos.c...
compiling gpio.c...
compiling usart.c...
compiling stm32f4xx_hal_flash_ex.c...
compiling stm32f4xx_hal_can.c...
compiling stm32f4xx_hal_flash.c...
compiling main.c...
compiling stm32f4xx_hal_rcc_ex.c...
compiling croutine.c...
compiling stm32f4xx_hal_rcc.c...
compiling event_groups.c...
compiling list.c...
compiling stm32f4xx_hal_tim_ex.c...
compiling stm32f4xx_hal_dma.c...
compiling stm32f4xx_hal_pwr_ex.c...
compiling stm32f4xx_hal_flash_ramfunc.c...
compiling stm32f4xx_hal_cortex.c...
compiling stream_buffer.c...
compiling tasks.c...
compiling queue.c...
compiling stm32f4xx_hal_dma_ex.c...
compiling system_stm32f4xx.c...
compiling stm32f4xx_hal_uart.c...
compiling stm32f4xx_hal_gpio.c...
compiling stm32f4xx_hal_exti.c...
compiling stm32f4xx_hal_pwr.c...
compiling stm32f4xx_hal.c...
compiling heap_4.c...
compiling timers.c...
compiling stm32f4xx_hal_tim.c...
compiling tool.cpp...
compiling pid.cpp...
compiling speed_plan.cpp...
compiling shoot.cpp...
compiling filter.cpp...
compiling port.c...
compiling position.c...
compiling drive_tim.c...
compiling drive_iic.c...
compiling drive_uart.c...
compiling cmsis_os2.c...
compiling air_joy.cpp...
compiling drive_can.c...
compiling action.c...
compiling InterBoardCommunication.c...
compiling launcher.cpp...
compiling speed_calculate.c...
compiling omni_chassis.cpp...
compiling drive_exti.c...
compiling chassis_swerve.cpp...
compiling speed_action.cpp...
compiling ViewCommunication.c...
compiling user_debug.cpp...
compiling service_communication.cpp...
compiling fsm_joy.cpp...
compiling service_config.cpp...
compiling data_pool.cpp...
compiling chassis_task.cpp...
linking...
Program Size: Code=45644 RO-data=1456 RW-data=544 ZI-data=25040  
FromELF: creating hex file...
"MOTOR_CPP\MOTOR_CPP.axf" - 0 Error(s), 0 Warning(s).

<h2>Software Packages used:</h2>

Package Vendor: ARM
                http://www.keil.com/pack/ARM.CMSIS.5.0.1.pack
                ARM.CMSIS.5.0.1
                CMSIS (Cortex Microcontroller Software Interface Standard)
   * Component: CORE Version: 5.0.1

Package Vendor: Keil
                https://www.keil.com/pack/Keil.STM32F4xx_DFP.2.17.1.pack
                Keil.STM32F4xx_DFP.2.17.1
                STMicroelectronics STM32F4 Series Device Support, Drivers and Examples

<h2>Collection of Component include folders:</h2>
  .\RTE\_MOTOR_CPP
  C:\Keil_v5\ARM\PACK\ARM\CMSIS\5.0.1\CMSIS\Include
  C:\Keil_v5\ARM\PACK\Keil\STM32F4xx_DFP\2.17.1\Drivers\CMSIS\Device\ST\STM32F4xx\Include

<h2>Collection of Component Files used:</h2>

   * Component: ARM::CMSIS:CORE:5.0.1
Build Time Elapsed:  00:00:42
</pre>
</body>
</html>
