Component: ARM Compiler 5.06 update 6 (build 750) Tool: armlink [4d35ed]

==============================================================================

Section Cross References

    startup_stm32f407xx.o(STACK) refers (Special) to heapauxi.o(.text) for __use_two_region_memory
    startup_stm32f407xx.o(HEAP) refers (Special) to heapauxi.o(.text) for __use_two_region_memory
    startup_stm32f407xx.o(RESET) refers (Special) to heapauxi.o(.text) for __use_two_region_memory
    startup_stm32f407xx.o(RESET) refers to startup_stm32f407xx.o(STACK) for __initial_sp
    startup_stm32f407xx.o(RESET) refers to startup_stm32f407xx.o(.text) for Reset_Handler
    startup_stm32f407xx.o(RESET) refers to stm32f4xx_it.o(i.NMI_Handler) for NMI_Handler
    startup_stm32f407xx.o(RESET) refers to stm32f4xx_it.o(i.HardFault_Handler) for HardFault_Handler
    startup_stm32f407xx.o(RESET) refers to stm32f4xx_it.o(i.MemManage_Handler) for MemManage_Handler
    startup_stm32f407xx.o(RESET) refers to stm32f4xx_it.o(i.BusFault_Handler) for BusFault_Handler
    startup_stm32f407xx.o(RESET) refers to stm32f4xx_it.o(i.UsageFault_Handler) for UsageFault_Handler
    startup_stm32f407xx.o(RESET) refers to port.o(.emb_text) for SVC_Handler
    startup_stm32f407xx.o(RESET) refers to stm32f4xx_it.o(i.DebugMon_Handler) for DebugMon_Handler
    startup_stm32f407xx.o(RESET) refers to cmsis_os2.o(i.SysTick_Handler) for SysTick_Handler
    startup_stm32f407xx.o(RESET) refers to stm32f4xx_it.o(i.DMA1_Stream1_IRQHandler) for DMA1_Stream1_IRQHandler
    startup_stm32f407xx.o(RESET) refers to stm32f4xx_it.o(i.DMA1_Stream2_IRQHandler) for DMA1_Stream2_IRQHandler
    startup_stm32f407xx.o(RESET) refers to stm32f4xx_it.o(i.DMA1_Stream3_IRQHandler) for DMA1_Stream3_IRQHandler
    startup_stm32f407xx.o(RESET) refers to stm32f4xx_it.o(i.DMA1_Stream4_IRQHandler) for DMA1_Stream4_IRQHandler
    startup_stm32f407xx.o(RESET) refers to stm32f4xx_it.o(i.DMA1_Stream5_IRQHandler) for DMA1_Stream5_IRQHandler
    startup_stm32f407xx.o(RESET) refers to stm32f4xx_it.o(i.DMA1_Stream6_IRQHandler) for DMA1_Stream6_IRQHandler
    startup_stm32f407xx.o(RESET) refers to stm32f4xx_it.o(i.CAN1_TX_IRQHandler) for CAN1_TX_IRQHandler
    startup_stm32f407xx.o(RESET) refers to stm32f4xx_it.o(i.CAN1_RX0_IRQHandler) for CAN1_RX0_IRQHandler
    startup_stm32f407xx.o(RESET) refers to stm32f4xx_it.o(i.EXTI9_5_IRQHandler) for EXTI9_5_IRQHandler
    startup_stm32f407xx.o(RESET) refers to stm32f4xx_it.o(i.TIM3_IRQHandler) for TIM3_IRQHandler
    startup_stm32f407xx.o(RESET) refers to stm32f4xx_it.o(i.TIM4_IRQHandler) for TIM4_IRQHandler
    startup_stm32f407xx.o(RESET) refers to stm32f4xx_it.o(i.USART1_IRQHandler) for USART1_IRQHandler
    startup_stm32f407xx.o(RESET) refers to stm32f4xx_it.o(i.USART2_IRQHandler) for USART2_IRQHandler
    startup_stm32f407xx.o(RESET) refers to stm32f4xx_it.o(i.USART3_IRQHandler) for USART3_IRQHandler
    startup_stm32f407xx.o(RESET) refers to stm32f4xx_it.o(i.UART4_IRQHandler) for UART4_IRQHandler
    startup_stm32f407xx.o(RESET) refers to stm32f4xx_it.o(i.DMA2_Stream1_IRQHandler) for DMA2_Stream1_IRQHandler
    startup_stm32f407xx.o(RESET) refers to stm32f4xx_it.o(i.DMA2_Stream2_IRQHandler) for DMA2_Stream2_IRQHandler
    startup_stm32f407xx.o(RESET) refers to stm32f4xx_it.o(i.CAN2_TX_IRQHandler) for CAN2_TX_IRQHandler
    startup_stm32f407xx.o(RESET) refers to stm32f4xx_it.o(i.CAN2_RX0_IRQHandler) for CAN2_RX0_IRQHandler
    startup_stm32f407xx.o(RESET) refers to stm32f4xx_it.o(i.DMA2_Stream6_IRQHandler) for DMA2_Stream6_IRQHandler
    startup_stm32f407xx.o(RESET) refers to stm32f4xx_it.o(i.DMA2_Stream7_IRQHandler) for DMA2_Stream7_IRQHandler
    startup_stm32f407xx.o(RESET) refers to stm32f4xx_it.o(i.USART6_IRQHandler) for USART6_IRQHandler
    startup_stm32f407xx.o(.text) refers (Special) to heapauxi.o(.text) for __use_two_region_memory
    startup_stm32f407xx.o(.text) refers to system_stm32f4xx.o(i.SystemInit) for SystemInit
    startup_stm32f407xx.o(.text) refers to __main.o(!!!main) for __main
    startup_stm32f407xx.o(.text) refers to startup_stm32f407xx.o(HEAP) for Heap_Mem
    startup_stm32f407xx.o(.text) refers to startup_stm32f407xx.o(STACK) for Stack_Mem
    main.o(i.HAL_TIM_PeriodElapsedCallback) refers to stm32f4xx_hal.o(i.HAL_IncTick) for HAL_IncTick
    main.o(i.HAL_TIM_PeriodElapsedCallback) refers to drive_tim.o(i.Update_SystemTick) for Update_SystemTick
    main.o(i.SystemClock_Config) refers to rt_memclr_w.o(.text) for __aeabi_memclr4
    main.o(i.SystemClock_Config) refers to stm32f4xx_hal_rcc.o(i.HAL_RCC_OscConfig) for HAL_RCC_OscConfig
    main.o(i.SystemClock_Config) refers to main.o(i.Error_Handler) for Error_Handler
    main.o(i.SystemClock_Config) refers to stm32f4xx_hal_rcc.o(i.HAL_RCC_ClockConfig) for HAL_RCC_ClockConfig
    main.o(i.main) refers to stm32f4xx_hal.o(i.HAL_Init) for HAL_Init
    main.o(i.main) refers to main.o(i.SystemClock_Config) for SystemClock_Config
[...]
    PidTimer::getMicroTick_regist(unsigned(*)()) 0x08007899   Thumb Code    16  pid.o(i._ZN8PidTimer19getMicroTick_registEPFjvE)
    DM_Driver::~DM_Driver()                  0x080078ad   Thumb Code    16  user_debug.o(i._ZN9DM_DriverD1Ev)
    DM_Driver::~DM_Driver__sub_object()      0x080078ad   Thumb Code     0  user_debug.o(i._ZN9DM_DriverD1Ev)
    RM_Common::~RM_Common()                  0x080078bd   Thumb Code     0  user_debug.o(i._ZN9RM_CommonD2Ev)
    RM_Common::~RM_Common__sub_object()      0x080078bd   Thumb Code    16  user_debug.o(i._ZN9RM_CommonD2Ev)
    Motor_Base::get_encoder() const          0x080078cd   Thumb Code    12  launcher.o(i._ZNK10Motor_Base11get_encoderEv)
    Motor_Base::ENCODER_ANGLE_RATIO() const  0x080078d9   Thumb Code     6  chassis_swerve.o(i._ZNK10Motor_Base19ENCODER_ANGLE_RATIOEv)
    Motor_Base::GET_MOTOR_DESCRIPTION() const 0x080078e5   Thumb Code     6  chassis_swerve.o(i._ZNK10Motor_Base21GET_MOTOR_DESCRIPTIONEv)
    Motor_Base::get_angle() const            0x080078eb   Thumb Code     6  launcher.o(i._ZNK10Motor_Base9get_angleEv)
    Motor_C620::MAX_CURRENT() const          0x080078f1   Thumb Code     6  user_debug.o(i._ZNK10Motor_C62011MAX_CURRENTEv)
    Motor_C620::GET_MOTOR_DESCRIPTION() const 0x080078fd   Thumb Code     6  user_debug.o(i._ZNK10Motor_C62021GET_MOTOR_DESCRIPTIONEv)
    Motor_Speed::get_speed() const           0x08007903   Thumb Code     8  chassis_swerve.o(i._ZNK11Motor_Speed9get_speedEv)
    ShootController::FindSegment(float, const float*, unsigned short) const 0x0800790b   Thumb Code   132  shoot.o(i._ZNK15ShootController11FindSegmentEfPKft)
    VESC::GET_MOTOR_FLAG() const             0x0800798f   Thumb Code     6  chassis_swerve.o(i._ZNK4VESC14GET_MOTOR_FLAGEv)
    RM_Common::send_id_low() const           0x08007995   Thumb Code     8  user_debug.o(i._ZNK9RM_Common11send_id_lowEv)
    RM_Common::send_id_high() const          0x0800799d   Thumb Code     8  user_debug.o(i._ZNK9RM_Common12send_id_highEv)
    RM_Common::prepareCANMsg(CAN_TxMsg&, short) const 0x080079a5   Thumb Code   112  user_debug.o(i._ZNK9RM_Common13prepareCANMsgER9CAN_TxMsgs)
    RM_Common::GET_MOTOR_FLAG() const        0x08007a15   Thumb Code     6  user_debug.o(i._ZNK9RM_Common14GET_MOTOR_FLAGEv)
    std::cos(float)                          0x08007a1b   Thumb Code    24  chassis_swerve.o(i._ZSt3cosf)
    std::sin(float)                          0x08007a33   Thumb Code    24  chassis_swerve.o(i._ZSt3sinf)
    std::sqrt(float)                         0x08007a4b   Thumb Code    24  speed_plan.o(i._ZSt4sqrtf)
    __ARM_fpclassifyf                        0x08007a63   Thumb Code    38  fpclassifyf.o(i.__ARM_fpclassifyf)
    __aeabi_vec_ctor_nocookie_nodtor         0x08007ac1   Thumb Code    36  aeabi_vec_ctor_nocookie_nodtor.o(i.__aeabi_vec_ctor_nocookie_nodtor)
    __cxa_guard_acquire                      0x08007ae5   Thumb Code    16  cxa_guard_acquire.o(i.__cxa_guard_acquire)
    __hardfp_atan2f                          0x08007afd   Thumb Code   502  atan2f.o(i.__hardfp_atan2f)
    __hardfp_cosf                            0x08007d4d   Thumb Code   280  cosf.o(i.__hardfp_cosf)
    __hardfp_sinf                            0x08007e9d   Thumb Code   344  sinf.o(i.__hardfp_sinf)
    __hardfp_sqrtf                           0x0800802d   Thumb Code    58  sqrtf.o(i.__hardfp_sqrtf)
    __mathlib_flt_infnan                     0x08008067   Thumb Code     6  funder.o(i.__mathlib_flt_infnan)
    __mathlib_flt_infnan2                    0x0800806d   Thumb Code     6  funder.o(i.__mathlib_flt_infnan2)
    __mathlib_flt_invalid                    0x08008075   Thumb Code    10  funder.o(i.__mathlib_flt_invalid)
    __mathlib_flt_underflow                  0x08008085   Thumb Code    10  funder.o(i.__mathlib_flt_underflow)
    __mathlib_rredf2                         0x08008095   Thumb Code   316  rredf.o(i.__mathlib_rredf2)
    comm_can_transmit_extid                  0x08008449   Thumb Code    60  drive_can.o(i.comm_can_transmit_extid)
    comm_can_transmit_stdid                  0x08008485   Thumb Code    58  drive_can.o(i.comm_can_transmit_stdid)
    main                                     0x080084bf   Thumb Code    72  main.o(i.main)
    osDelay                                  0x08008507   Thumb Code    30  cmsis_os2.o(i.osDelay)
    osKernelInitialize                       0x08008525   Thumb Code    38  cmsis_os2.o(i.osKernelInitialize)
    osKernelStart                            0x08008551   Thumb Code    82  cmsis_os2.o(i.osKernelStart)
    osThreadNew                              0x080085b1   Thumb Code   184  cmsis_os2.o(i.osThreadNew)
    pvPortMalloc                             0x0800908d   Thumb Code   306  heap_4.o(i.pvPortMalloc)
    pxPortInitialiseStack                    0x080091d9   Thumb Code    38  port.o(i.pxPortInitialiseStack)
    uxListRemove                             0x08009205   Thumb Code    40  list.o(i.uxListRemove)
    vApplicationGetIdleTaskMemory            0x0800922d   Thumb Code    14  cmsis_os2.o(i.vApplicationGetIdleTaskMemory)
    vApplicationGetTimerTaskMemory           0x08009245   Thumb Code    16  cmsis_os2.o(i.vApplicationGetTimerTaskMemory)
    vListInitialise                          0x0800925d   Thumb Code    26  list.o(i.vListInitialise)
    vListInitialiseItem                      0x08009277   Thumb Code     6  list.o(i.vListInitialiseItem)
    vListInsert                              0x0800927d   Thumb Code    52  list.o(i.vListInsert)
    vListInsertEnd                           0x080092b1   Thumb Code    24  list.o(i.vListInsertEnd)
    vPortEnterCritical                       0x080092c9   Thumb Code    76  port.o(i.vPortEnterCritical)
    vPortExitCritical                        0x0800931d   Thumb Code    56  port.o(i.vPortExitCritical)
    vPortFree                                0x08009359   Thumb Code   150  heap_4.o(i.vPortFree)
    vPortSetupTimerInterrupt                 0x080093fd   Thumb Code    36  port.o(i.vPortSetupTimerInterrupt)
    vPortValidateInterruptPriority           0x08009425   Thumb Code   106  port.o(i.vPortValidateInterruptPriority)
    vQueueAddToRegistry                      0x0800949d   Thumb Code    38  queue.o(i.vQueueAddToRegistry)
    vQueueWaitForMessageRestricted           0x080094c9   Thumb Code    74  queue.o(i.vQueueWaitForMessageRestricted)
    vTaskDelay                               0x08009515   Thumb Code    82  tasks.o(i.vTaskDelay)
    vTaskInternalSetTimeOutState             0x08009571   Thumb Code    14  tasks.o(i.vTaskInternalSetTimeOutState)
    vTaskMissedYield                         0x08009589   Thumb Code     8  tasks.o(i.vTaskMissedYield)
    vTaskPlaceOnEventList                    0x08009595   Thumb Code    52  tasks.o(i.vTaskPlaceOnEventList)
    vTaskPlaceOnEventListRestricted          0x080095cd   Thumb Code    60  tasks.o(i.vTaskPlaceOnEventListRestricted)
    vTaskStartScheduler                      0x0800960d   Thumb Code   156  tasks.o(i.vTaskStartScheduler)
    vTaskSuspendAll                          0x080096c5   Thumb Code    12  tasks.o(i.vTaskSuspendAll)
    vTaskSwitchContext                       0x080096d5   Thumb Code   122  tasks.o(i.vTaskSwitchContext)
    xPortStartScheduler                      0x08009765   Thumb Code   330  port.o(i.xPortStartScheduler)
    xPortSysTickHandler                      0x080098cd   Thumb Code    46  port.o(i.xPortSysTickHandler)
    xQueueGenericCreate                      0x08009901   Thumb Code    90  queue.o(i.xQueueGenericCreate)
    xQueueGenericCreateStatic                0x0800995b   Thumb Code   224  queue.o(i.xQueueGenericCreateStatic)
    xQueueGenericReset                       0x08009a3d   Thumb Code   146  queue.o(i.xQueueGenericReset)
    xQueueGenericSend                        0x08009ad5   Thumb Code   420  queue.o(i.xQueueGenericSend)
    xQueueGenericSendFromISR                 0x08009c7d   Thumb Code   252  queue.o(i.xQueueGenericSendFromISR)
    xQueueReceive                            0x08009d79   Thumb Code   356  queue.o(i.xQueueReceive)
    xTaskCheckForTimeOut                     0x08009ee1   Thumb Code   132  tasks.o(i.xTaskCheckForTimeOut)
    xTaskCreate                              0x08009f6d   Thumb Code   100  tasks.o(i.xTaskCreate)
    xTaskCreateStatic                        0x08009fd1   Thumb Code   186  tasks.o(i.xTaskCreateStatic)
    xTaskGetSchedulerState                   0x0800a08d   Thumb Code    24  tasks.o(i.xTaskGetSchedulerState)
    xTaskGetTickCount                        0x0800a0ad   Thumb Code     6  tasks.o(i.xTaskGetTickCount)
    xTaskIncrementTick                       0x0800a0b9   Thumb Code   280  tasks.o(i.xTaskIncrementTick)
    xTaskPriorityDisinherit                  0x0800a1fd   Thumb Code   152  tasks.o(i.xTaskPriorityDisinherit)
    xTaskRemoveFromEventList                 0x0800a2a1   Thumb Code   126  tasks.o(i.xTaskRemoveFromEventList)
    xTaskResumeAll                           0x0800a339   Thumb Code   222  tasks.o(i.xTaskResumeAll)
    xTimerCreateTimerTask                    0x0800a43d   Thumb Code   100  timers.o(i.xTimerCreateTimerTask)
    xTimerGenericCommand                     0x0800a4b5   Thumb Code   128  timers.o(i.xTimerGenericCommand)
    void Motor_SendMsgs<Motor_C620, (int)3>(__CAN_HandleTypeDef*, T1(&)[T2]) 0x0800a539   Thumb Code   402  omni_chassis.o(t._Z14Motor_SendMsgsI10Motor_C620Li3EEvP19__CAN_HandleTypeDefRAT0__T_)
    void Motor_SendMsgs<VESC>(__CAN_HandleTypeDef*, T1&) 0x0800a6dd   Thumb Code    40  chassis_swerve.o(t._Z14Motor_SendMsgsI4VESCEvP19__CAN_HandleTypeDefRT_)
    void Motor_SendMsgs<VESC, (int)1>(__CAN_HandleTypeDef*, T1(&)[T2]) 0x0800a709   Thumb Code   336  chassis_swerve.o(t._Z14Motor_SendMsgsI4VESCLi1EEvP19__CAN_HandleTypeDefRAT0__T_)
    void _tool_Constrain<float>(T1*, T1, T1) 0x0800a869   Thumb Code    40  pid.o(t._Z15_tool_ConstrainIfEvPT_S0_S0_)
    void motor_constraint<float>(T1*, T1, T1) 0x0800a891   Thumb Code    40  user_debug.o(t._Z16motor_constraintIfEvPT_S0_S0_)
    T1 _tool_Abs<float>(T1)                  0x0800a8b9   Thumb Code    26  pid.o(t._Z9_tool_AbsIfET_S0_)
    T1 _tool_Abs<int>(T1)                    0x0800a8d3   Thumb Code    14  fsm_joy.o(t._Z9_tool_AbsIiET_S0_)
    __aeabi_d2f                              0x0800a8e1   Thumb Code     0  d2f.o(x$fpl$d2f)
    _d2f                                     0x0800a8e1   Thumb Code    98  d2f.o(x$fpl$d2f)
    __aeabi_dadd                             0x0800a945   Thumb Code     0  daddsub_clz.o(x$fpl$dadd)
    _dadd                                    0x0800a945   Thumb Code   332  daddsub_clz.o(x$fpl$dadd)
    __aeabi_ddiv                             0x0800aa95   Thumb Code     0  ddiv.o(x$fpl$ddiv)
    _ddiv                                    0x0800aa95   Thumb Code   552  ddiv.o(x$fpl$ddiv)
    __aeabi_i2d                              0x0800ad45   Thumb Code     0  dflt_clz.o(x$fpl$dflt)
    _dflt                                    0x0800ad45   Thumb Code    46  dflt_clz.o(x$fpl$dflt)
    __aeabi_dmul                             0x0800ad75   Thumb Code     0  dmul.o(x$fpl$dmul)
    _dmul                                    0x0800ad75   Thumb Code   332  dmul.o(x$fpl$dmul)
    __fpl_dnaninf                            0x0800aec9   Thumb Code   156  dnaninf.o(x$fpl$dnaninf)
    __fpl_dretinf                            0x0800af65   Thumb Code    12  dretinf.o(x$fpl$dretinf)
    __aeabi_dsub                             0x0800af71   Thumb Code     0  daddsub_clz.o(x$fpl$dsub)
    _dsub                                    0x0800af71   Thumb Code   464  daddsub_clz.o(x$fpl$dsub)
    __aeabi_f2d                              0x0800b145   Thumb Code     0  f2d.o(x$fpl$f2d)
    _f2d                                     0x0800b145   Thumb Code    86  f2d.o(x$fpl$f2d)
    __fpl_fnaninf                            0x0800b19b   Thumb Code   140  fnaninf.o(x$fpl$fnaninf)
    _fp_init                                 0x0800b227   Thumb Code    10  fpinit.o(x$fpl$fpinit)
    __fplib_config_fpu_vfp                   0x0800b22f   Thumb Code     0  fpinit.o(x$fpl$fpinit)
    __fplib_config_pureend_doubles           0x0800b22f   Thumb Code     0  fpinit.o(x$fpl$fpinit)
    __fpl_fretinf                            0x0800b231   Thumb Code    10  fretinf.o(x$fpl$fretinf)
    __I$use$fp                               0x0800b23a   Number         0  usenofp.o(x$fpl$usenofp)
    CAN1_Send_attributes                     0x0800b23c   Data          36  freertos.o(.constdata)
    chassic_attributes                       0x0800b260   Data          36  freertos.o(.constdata)
    CAN2_Send_attributes                     0x0800b284   Data          36  freertos.o(.constdata)
    user_debug_attributes                    0x0800b2a8   Data          36  freertos.o(.constdata)
    Air_Joy_attributes                       0x0800b2cc   Data          36  freertos.o(.constdata)
    AHBPrescTable                            0x0800b2f8   Data          16  system_stm32f4xx.o(.constdata)
    APBPrescTable                            0x0800b308   Data           8  system_stm32f4xx.o(.constdata)
    vtable for Motor_Base                    0x0800b5a4   Data          56  chassis_swerve.o(.constdata__ZTV10Motor_Base)
    vtable for Motor_C620                    0x0800b5dc   Data          72  user_debug.o(.constdata__ZTV10Motor_C620)
    vtable for Motor_Speed                   0x0800b624   Data          64  chassis_swerve.o(.constdata__ZTV11Motor_Speed)
    vtable for PlannerBase                   0x0800b664   Data          20  chassis_task.o(.constdata__ZTV11PlannerBase)
    vtable for TrapePlanner                  0x0800b678   Data          20  speed_plan.o(.constdata__ZTV12TrapePlanner)
    vtable for VESC                          0x0800b68c   Data          64  chassis_swerve.o(.constdata__ZTV4VESC)
    vtable for DM_Driver                     0x0800b6cc   Data          68  user_debug.o(.constdata__ZTV9DM_Driver)
    vtable for RM_Common                     0x0800b710   Data          72  user_debug.o(.constdata__ZTV9RM_Common)
    Region$$Table$$Base                      0x0800b78c   Number         0  anon$$obj.o(Region$$Table)
    Region$$Table$$Limit                     0x0800b7ac   Number         0  anon$$obj.o(Region$$Table)
    SHT$$INIT_ARRAY$$Base                    0x0800b7ac   Number         0  air_joy.o(.init_array)
    SHT$$INIT_ARRAY$$Limit                   0x0800b7d0   Number         0  init_aeabi.o(.init_array)
    CAN1_SendHandle                          0x20000000   Data           4  freertos.o(.data)
    chassicHandle                            0x20000004   Data           4  freertos.o(.data)
    CAN2_SendHandle                          0x20000008   Data           4  freertos.o(.data)
    user_debugHandle                         0x2000000c   Data           4  freertos.o(.data)
    Air_JoyHandle                            0x20000010   Data           4  freertos.o(.data)
    uwTick                                   0x20000018   Data           4  stm32f4xx_hal.o(.data)
    uwTickPrio                               0x2000001c   Data           4  stm32f4xx_hal.o(.data)
    uwTickFreq                               0x20000020   Data           1  stm32f4xx_hal.o(.data)
    SystemCoreClock                          0x20000024   Data           4  system_stm32f4xx.o(.data)
    pxCurrentTCB                             0x20000028   Data           4  tasks.o(.data)
    SystemTimerCnt                           0x200000b0   Data           4  drive_tim.o(.data)
    Timer_Manager                            0x200000b4   Data           8  drive_tim.o(.data)
    PidTimer::get_systemTick                 0x200000c0   Data           4  pid.o(.data)
    the_angle                                0x200000cc   Data           4  launcher.o(.data)
    test_start_angle                         0x200000d0   Data           4  launcher.o(.data)
    test_in_motion                           0x200000d4   Data           1  launcher.o(.data)
    test_remain_dis                          0x200000d8   Data           4  launcher.o(.data)
    test_toal_dis                            0x200000dc   Data           4  launcher.o(.data)
    test_target                              0x200000e0   Data           4  launcher.o(.data)
    test_real                                0x200000e4   Data           4  launcher.o(.data)
    test_reach                               0x200000e8   Data           1  launcher.o(.data)
    test_plan                                0x200000e9   Data           1  launcher.o(.data)
    center_point                             0x20000100   Data           8  circle_lock.o(.data)
    nor_dir                                  0x20000108   Data           8  circle_lock.o(.data)
    tan_dir                                  0x20000110   Data           8  circle_lock.o(.data)
    dis_2_center                             0x20000118   Data           4  circle_lock.o(.data)
    center_heading                           0x2000011c   Data           4  circle_lock.o(.data)
    nor_speed                                0x20000120   Data           4  circle_lock.o(.data)
    now_point                                0x20000124   Data           8  circle_lock.o(.data)
    W                                        0x2000012c   Data           4  circle_lock.o(.data)
    target_point                             0x20000130   Data           8  circle_lock.o(.data)
    ralative_yaw                             0x20000138   Data           4  circle_lock.o(.data)
    Port                                     0x20000148   Data           4  data_pool.o(.data)
    CAN1_TxPort                              0x2000014c   Data           4  data_pool.o(.data)
    CAN2_TxPort                              0x20000150   Data           4  data_pool.o(.data)
    UART_TxPort                              0x20000154   Data           4  data_pool.o(.data)
    Recieve_ROS_Port                         0x20000158   Data           4  data_pool.o(.data)
    Send_ROS_Port                            0x2000015c   Data           4  data_pool.o(.data)
    Chassia_Port                             0x20000160   Data           4  data_pool.o(.data)
    Broadcast_Port                           0x20000164   Data           4  data_pool.o(.data)
    Receive_LaserModuleData_1_Port           0x20000168   Data           4  data_pool.o(.data)
    Receive_LaserModuleData_2_Port           0x2000016c   Data           4  data_pool.o(.data)
    Enable_LaserModule_Port                  0x20000170   Data           4  data_pool.o(.data)
    target_angle                             0x20000198   Data           4  chassis_task.o(.data)
    lock_angle                               0x2000019c   Data           4  chassis_task.o(.data)
    target_speed                             0x200001a0   Data           4  chassis_task.o(.data)
    HOOP_X                                   0x200001a4   Data           4  chassis_task.o(.data)
    HOOP_Y                                   0x200001a8   Data           4  chassis_task.o(.data)
    pitch_level                              0x200001ac   Data           4  chassis_task.o(.data)
    i                                        0x200001b0   Data           4  chassis_task.o(.data)
    hcan1                                    0x200001b8   Data          40  can.o(.bss)
    hcan2                                    0x200001e0   Data          40  can.o(.bss)
    htim4                                    0x20000208   Data          72  tim.o(.bss)
    htim10                                   0x20000250   Data          72  tim.o(.bss)
    huart4                                   0x20000298   Data          68  usart.o(.bss)
    huart1                                   0x200002dc   Data          68  usart.o(.bss)
    huart2                                   0x20000320   Data          68  usart.o(.bss)
    huart3                                   0x20000364   Data          68  usart.o(.bss)
    huart6                                   0x200003a8   Data          68  usart.o(.bss)
    hdma_uart4_rx                            0x200003ec   Data          96  usart.o(.bss)
    hdma_uart4_tx                            0x2000044c   Data          96  usart.o(.bss)
    hdma_usart1_tx                           0x200004ac   Data          96  usart.o(.bss)
    hdma_usart1_rx                           0x2000050c   Data          96  usart.o(.bss)
    hdma_usart2_rx                           0x2000056c   Data          96  usart.o(.bss)
    hdma_usart2_tx                           0x200005cc   Data          96  usart.o(.bss)
    hdma_usart3_rx                           0x2000062c   Data          96  usart.o(.bss)
    hdma_usart3_tx                           0x2000068c   Data          96  usart.o(.bss)
    hdma_usart6_rx                           0x200006ec   Data          96  usart.o(.bss)
    hdma_usart6_tx                           0x2000074c   Data          96  usart.o(.bss)
    htim3                                    0x200007ac   Data          72  stm32f4xx_hal_timebase_tim.o(.bss)
    xQueueRegistry                           0x200007f4   Data          64  queue.o(.bss)
    Sendbuf                                  0x20005110   Data         100  drive_uart.o(.bss)
    usart1_manager                           0x20005174   Data          16  drive_uart.o(.bss)
    usart2_manager                           0x20005184   Data          16  drive_uart.o(.bss)
    usart3_manager                           0x20005194   Data          16  drive_uart.o(.bss)
    usart4_manager                           0x200051a4   Data          16  drive_uart.o(.bss)
    usart6_manager                           0x200051b4   Data          16  drive_uart.o(.bss)
    air_joy                                  0x200051c4   Data          60  air_joy.o(.bss)
    RawPosData                               0x20005200   Data          44  position.o(.bss)
    RealPosData                              0x2000522c   Data          12  position.o(.bss)
    posture                                  0x20005238   Data          20  position.o(.bss)
    Uart3_Rx_Buff_for_action                 0x2000524c   Data          35  data_pool.o(.bss)
    Uart3_Rx_Buff_for_position               0x2000526f   Data          35  data_pool.o(.bss)
    Uart6_Rx_Buff                            0x20005292   Data          15  data_pool.o(.bss)
    Uart4_Rx_Buff                            0x200052a1   Data          15  data_pool.o(.bss)
    M3508                                    0x200052b0   Data          44  user_debug.o(.bss)
    MD4219                                   0x200052dc   Data          56  user_debug.o(.bss)
    DM43                                     0x20005314   Data          88  user_debug.o(.bss)
    yaw_pid                                  0x20005398   Data         104  chassis_task.o(.bss)
    point_X_pid                              0x20005400   Data         104  chassis_task.o(.bss)
    chassis                                  0x20005468   Data         808  chassis_task.o(.bss)
    launch                                   0x20005790   Data        1084  chassis_task.o(.bss)
    ctrl                                     0x20005bcc   Data          44  chassis_task.o(.bss)
    SHOOT                                    0x20005bf8   Data          44  chassis_task.o(.bss)
    shoot_info                               0x20005c24   Data          12  chassis_task.o(.bss)
    __libspace_start                         0x20005c30   Data          96  libspace.o(.bss)
    __temporary_stack_top$libspace           0x20005c90   Data           0  libspace.o(.bss)



==============================================================================

Memory Map of the image

  Image Entry point : 0x08000189

  Load Region LR_IROM1 (Base: 0x08000000, Size: 0x0000b988, Max: 0x00100000, ABSOLUTE, COMPRESSED[0x0000b7e8])

    Execution Region ER_IROM1 (Exec base: 0x08000000, Load base: 0x08000000, Size: 0x0000b7d0, Max: 0x00100000, ABSOLUTE)

    Exec Addr    Load Addr    Size         Type   Attr      Idx    E Section Name        Object

    0x08000000   0x08000000   0x00000188   Data   RO            3    RESET               startup_stm32f407xx.o
    0x08000188   0x08000188   0x00000008   Code   RO         8109  * !!!main             c_w.l(__main.o)
    0x08000190   0x08000190   0x00000034   Code   RO         8921    !!!scatter          c_w.l(__scatter.o)
    0x080001c4   0x080001c4   0x0000003a   Code   RO         8919    !!dczerorl          c_w.l(__dczerorl.o)
    0x080001fe   0x080001fe   0x00000002   PAD
    0x08000200   0x08000200   0x0000001c   Code   RO         8923    !!handler_zi        c_w.l(__scatter_zi.o)
    0x0800021c   0x0800021c   0x00000002   Code   RO         8854    .ARM.Collect$$libinit$$00000000  c_w.l(libinit.o)
    0x0800021e   0x0800021e   0x00000004   Code   RO         8515    .ARM.Collect$$libinit$$00000001  c_w.l(libinit2.o)
    0x08000222   0x08000222   0x00000000   Code   RO         8518    .ARM.Collect$$libinit$$00000004  c_w.l(libinit2.o)
    0x08000222   0x08000222   0x00000008   Code   RO         8519    .ARM.Collect$$libinit$$00000005  c_w.l(libinit2.o)
    0x0800022a   0x0800022a   0x00000000   Code   RO         8521    .ARM.Collect$$libinit$$0000000A  c_w.l(libinit2.o)
    0x0800022a   0x0800022a   0x00000000   Code   RO         8523    .ARM.Collect$$libinit$$0000000C  c_w.l(libinit2.o)
    0x0800022a   0x0800022a   0x00000000   Code   RO         8525    .ARM.Collect$$libinit$$0000000E  c_w.l(libinit2.o)
    0x0800022a   0x0800022a   0x00000000   Code   RO         8528    .ARM.Collect$$libinit$$00000011  c_w.l(libinit2.o)
    0x0800022a   0x0800022a   0x00000000   Code   RO         8530    .ARM.Collect$$libinit$$00000013  c_w.l(libinit2.o)
    0x0800022a   0x0800022a   0x00000000   Code   RO         8532    .ARM.Collect$$libinit$$00000015  c_w.l(libinit2.o)
    0x0800022a   0x0800022a   0x00000000   Code   RO         8534    .ARM.Collect$$libinit$$00000017  c_w.l(libinit2.o)
    0x0800022a   0x0800022a   0x00000000   Code   RO         8536    .ARM.Collect$$libinit$$00000019  c_w.l(libinit2.o)
    0x0800022a   0x0800022a   0x00000000   Code   RO         8538    .ARM.Collect$$libinit$$0000001B  c_w.l(libinit2.o)
    0x0800022a   0x0800022a   0x00000000   Code   RO         8540    .ARM.Collect$$libinit$$0000001D  c_w.l(libinit2.o)
    0x0800022a   0x0800022a   0x00000000   Code   RO         8542    .ARM.Collect$$libinit$$0000001F  c_w.l(libinit2.o)
    0x0800022a   0x0800022a   0x00000000   Code   RO         8544    .ARM.Collect$$libinit$$00000021  c_w.l(libinit2.o)
    0x0800022a   0x0800022a   0x00000000   Code   RO         8546    .ARM.Collect$$libinit$$00000023  c_w.l(libinit2.o)
    0x0800022a   0x0800022a   0x00000000   Code   RO         8548    .ARM.Collect$$libinit$$00000025  c_w.l(libinit2.o)
    0x0800022a   0x0800022a   0x00000000   Code   RO         8552    .ARM.Collect$$libinit$$0000002C  c_w.l(libinit2.o)
    0x0800022a   0x0800022a   0x00000000   Code   RO         8554    .ARM.Collect$$libinit$$0000002E  c_w.l(libinit2.o)
    0x0800022a   0x0800022a   0x00000000   Code   RO         8556    .ARM.Collect$$libinit$$00000030  c_w.l(libinit2.o)
    0x0800022a   0x0800022a   0x00000004   Code   RO         8557    .ARM.Collect$$libinit$$00000031  c_w.l(libinit2.o)
    0x0800022e   0x0800022e   0x00000000   Code   RO         8558    .ARM.Collect$$libinit$$00000032  c_w.l(libinit2.o)
    0x0800022e   0x0800022e   0x00000002   Code   RO         8559    .ARM.Collect$$libinit$$00000033  c_w.l(libinit2.o)
    0x08000230   0x08000230   0x00000002   Code   RO         8916    .ARM.Collect$$libshutdown$$00000000  c_w.l(libshutdown.o)
    0x08000232   0x08000232   0x00000006   Code   RO         8722    .ARM.Collect$$libshutdown$$00000001  c_w.l(libshutdown2.o)
    0x08000238   0x08000238   0x00000000   Code   RO         8723    .ARM.Collect$$libshutdown$$00000002  c_w.l(libshutdown2.o)
    0x08000238   0x08000238   0x00000000   Code   RO         8725    .ARM.Collect$$libshutdown$$00000004  c_w.l(libshutdown2.o)
    0x08000238   0x08000238   0x00000000   Code   RO         8728    .ARM.Collect$$libshutdown$$00000007  c_w.l(libshutdown2.o)
    0x08000238   0x08000238   0x00000000   Code   RO         8731    .ARM.Collect$$libshutdown$$0000000A  c_w.l(libshutdown2.o)
    0x08000238   0x08000238   0x00000000   Code   RO         8733    .ARM.Collect$$libshutdown$$0000000C  c_w.l(libshutdown2.o)
    0x08000238   0x08000238   0x00000000   Code   RO         8736    .ARM.Collect$$libshutdown$$0000000F  c_w.l(libshutdown2.o)
    0x08000238   0x08000238   0x00000002   Code   RO         8737    .ARM.Collect$$libshutdown$$00000010  c_w.l(libshutdown2.o)
    0x0800023a   0x0800023a   0x00000000   Code   RO         8339    .ARM.Collect$$rtentry$$00000000  c_w.l(__rtentry.o)
    0x0800023a   0x0800023a   0x00000000   Code   RO         8648    .ARM.Collect$$rtentry$$00000002  c_w.l(__rtentry2.o)
    0x0800023a   0x0800023a   0x00000006   Code   RO         8660    .ARM.Collect$$rtentry$$00000004  c_w.l(__rtentry4.o)
    0x08000240   0x08000240   0x00000000   Code   RO         8650    .ARM.Collect$$rtentry$$00000009  c_w.l(__rtentry2.o)
    0x08000240   0x08000240   0x00000004   Code   RO         8651    .ARM.Collect$$rtentry$$0000000A  c_w.l(__rtentry2.o)
    0x08000244   0x08000244   0x00000000   Code   RO         8653    .ARM.Collect$$rtentry$$0000000C  c_w.l(__rtentry2.o)
    0x08000244   0x08000244   0x00000008   Code   RO         8654    .ARM.Collect$$rtentry$$0000000D  c_w.l(__rtentry2.o)
    0x0800024c   0x0800024c   0x00000002   Code   RO         8872    .ARM.Collect$$rtexit$$00000000  c_w.l(rtexit.o)
    0x0800024e   0x0800024e   0x00000000   Code   RO         8892    .ARM.Collect$$rtexit$$00000002  c_w.l(rtexit2.o)
    0x0800024e   0x0800024e   0x00000004   Code   RO         8893    .ARM.Collect$$rtexit$$00000003  c_w.l(rtexit2.o)
    0x08000252   0x08000252   0x00000006   Code   RO         8894    .ARM.Collect$$rtexit$$00000004  c_w.l(rtexit2.o)
    0x08000258   0x08000258   0x000000be   Code   RO         5290    .emb_text           port.o
    0x08000316   0x08000316   0x00000002   PAD
    0x08000318   0x08000318   0x00000000   Code   RO         8790    .emb_text           c_w.l(maybetermalloc1.o)
    0x08000318   0x08000318   0x00000040   Code   RO            4    .text               startup_stm32f407xx.o
    0x08000358   0x08000358   0x000000ee   Code   RO         8083    .text               c_w.l(lludivv7m.o)
    0x08000446   0x08000446   0x0000002e   Code   RO         8090    .text               c_w.l(aeabi_atexit.o)
    0x08000474   0x08000474   0x0000008a   Code   RO         8095    .text               c_w.l(rt_memcpy_v6.o)
    0x080004fe   0x080004fe   0x00000064   Code   RO         8097    .text               c_w.l(rt_memcpy_w.o)
    0x08000562   0x08000562   0x00000010   Code   RO         8101    .text               c_w.l(aeabi_memset.o)
    0x08000572   0x08000572   0x0000004e   Code   RO         8103    .text               c_w.l(rt_memclr_w.o)
    0x080005c0   0x080005c0   0x00000006   Code   RO         8107    .text               c_w.l(heapauxi.o)
    0x080005c6   0x080005c6   0x00000002   PAD
    0x080005c8   0x080005c8   0x00000024   Code   RO         8114    .text               c_w.l(init_aeabi.o)
    0x080005ec   0x080005ec   0x00000022   Code   RO         8235    .text               cpprt_w.l(aeabi_vec_dtor_noexceptions.o)
    0x0800060e   0x0800060e   0x00000002   PAD
    0x08000610   0x08000610   0x00000008   Code   RO         8347    .text               c_w.l(rt_ddtor_pointer_addr_intlibspace.o)
    0x08000618   0x08000618   0x0000005e   Code   RO         8353    .text               c_w.l(h1_alloc.o)
    0x08000676   0x08000676   0x0000004e   Code   RO         8355    .text               c_w.l(h1_free.o)
    0x080006c4   0x080006c4   0x00000016   Code   RO         8411    .text               c_w.l(_rserrno.o)
    0x080006da   0x080006da   0x00000042   Code   RO         8506    .text               c_w.l(cxa_finalize.o)
    0x0800071c   0x0800071c   0x00000044   Code   RO         8513    .text               c_w.l(rt_memclr.o)
    0x08000760   0x08000760   0x00000008   Code   RO         8642    .text               c_w.l(libspace.o)
    0x08000768   0x08000768   0x00000008   Code   RO         8669    .text               c_w.l(rt_heap_descriptor_intlibspace.o)
    0x08000770   0x08000770   0x00000008   Code   RO         8674    .text               c_w.l(rt_errno_addr_intlibspace.o)
    0x08000778   0x08000778   0x00000004   Code   RO         8676    .text               c_w.l(hguard.o)
    0x0800077c   0x0800077c   0x0000008a   Code   RO         8678    .text               c_w.l(init_alloc.o)
    0x08000806   0x08000806   0x0000000e   Code   RO         8682    .text               c_w.l(h1_init.o)
    0x08000814   0x08000814   0x0000000a   Code   RO         8714    .text               c_w.l(defsig_exit.o)
    0x0800081e   0x0800081e   0x00000002   PAD
    0x08000820   0x08000820   0x0000000c   Code   RO         8772    .text               c_w.l(sys_exit.o)
    0x0800082c   0x0800082c   0x0000004a   Code   RO         8774    .text               c_w.l(sys_stackheap_outer.o)
    0x08000876   0x08000876   0x00000034   Code   RO         8792    .text               c_w.l(h1_extend.o)
    0x080008aa   0x080008aa   0x00000012   Code   RO         8826    .text               c_w.l(exit.o)
    0x080008bc   0x080008bc   0x00000032   Code   RO         8832    .text               c_w.l(defsig_general.o)
    0x080008ee   0x080008ee   0x0000000e   Code   RO         8838    .text               c_w.l(defsig_rtmem_outer.o)
    0x080008fc   0x080008fc   0x0000000e   Code   RO         8867    .text               c_w.l(sys_wrch.o)
    0x0800090a   0x0800090a   0x00000002   Code   RO         8869    .text               c_w.l(use_no_semi.o)
    0x0800090c   0x0800090c   0x00000000   Code   RO         8871    .text               c_w.l(indicate_semi.o)
    0x0800090c   0x0800090c   0x00000050   Code   RO         8887    .text               c_w.l(defsig_rtmem_inner.o)
    0x0800095c   0x0800095c   0x000003f4   Code   RO         7762    i.Air_Joy_Task      fsm_joy.o
    0x08000d50   0x08000d50   0x00000020   Code   RO         7508    i.App_Init          service_config.o
    0x08000d70   0x08000d70   0x00000004   Code   RO          507    i.BusFault_Handler  stm32f4xx_it.o
    0x08000d74   0x08000d74   0x00000010   Code   RO          508    i.CAN1_RX0_IRQHandler  stm32f4xx_it.o
    0x08000d84   0x08000d84   0x0000007c   Code   RO         7393    i.CAN1_RxCallBack   service_communication.o
    0x08000e00   0x08000e00   0x00000040   Code   RO         7394    i.CAN1_Send_Task    service_communication.o
    0x08000e40   0x08000e40   0x00000010   Code   RO          509    i.CAN1_TX_IRQHandler  stm32f4xx_it.o
    0x08000e50   0x08000e50   0x00000010   Code   RO          510    i.CAN2_RX0_IRQHandler  stm32f4xx_it.o
    0x08000e60   0x08000e60   0x0000002c   Code   RO         7395    i.CAN2_RxCallBack   service_communication.o
    0x08000e8c   0x08000e8c   0x00000040   Code   RO         7396    i.CAN2_Send_Task    service_communication.o
    0x08000ecc   0x08000ecc   0x00000010   Code   RO          511    i.CAN2_TX_IRQHandler  stm32f4xx_it.o
    0x08000edc   0x08000edc   0x00000074   Code   RO         5370    i.CAN_Filter_Init   drive_can.o
    0x08000f50   0x08000f50   0x00000070   Code   RO         5371    i.CAN_Init          drive_can.o
    0x08000fc0   0x08000fc0   0x0000046c   Code   RO         7809    i.Chassis_Task      chassis_task.o
    0x0800142c   0x0800142c   0x00000010   Code   RO          512    i.DMA1_Stream1_IRQHandler  stm32f4xx_it.o
    0x0800143c   0x0800143c   0x00000010   Code   RO          513    i.DMA1_Stream2_IRQHandler  stm32f4xx_it.o
    0x0800144c   0x0800144c   0x00000010   Code   RO          514    i.DMA1_Stream3_IRQHandler  stm32f4xx_it.o
    0x0800145c   0x0800145c   0x00000010   Code   RO          515    i.DMA1_Stream4_IRQHandler  stm32f4xx_it.o
    0x0800146c   0x0800146c   0x00000010   Code   RO          516    i.DMA1_Stream5_IRQHandler  stm32f4xx_it.o
    0x0800147c   0x0800147c   0x00000010   Code   RO          517    i.DMA1_Stream6_IRQHandler  stm32f4xx_it.o
    0x0800148c   0x0800148c   0x00000010   Code   RO          518    i.DMA2_Stream1_IRQHandler  stm32f4xx_it.o
    0x0800149c   0x0800149c   0x00000010   Code   RO          519    i.DMA2_Stream2_IRQHandler  stm32f4xx_it.o
    0x080014ac   0x080014ac   0x00000010   Code   RO          520    i.DMA2_Stream6_IRQHandler  stm32f4xx_it.o
    0x080014bc   0x080014bc   0x00000010   Code   RO          521    i.DMA2_Stream7_IRQHandler  stm32f4xx_it.o
    0x080014cc   0x080014cc   0x00000034   Code   RO         1498    i.DMA_CalcBaseAndBitshift  stm32f4xx_hal_dma.o
    0x08001500   0x08001500   0x000000aa   Code   RO         1499    i.DMA_CheckFifoParam  stm32f4xx_hal_dma.o
    0x080015aa   0x080015aa   0x0000002c   Code   RO         1500    i.DMA_SetConfig     stm32f4xx_hal_dma.o
    0x080015d6   0x080015d6   0x00000002   PAD
    0x080015d8   0x080015d8   0x00000094   Code   RO         7322    i.DataPool_Init     data_pool.o
    0x0800166c   0x0800166c   0x00000002   Code   RO          522    i.DebugMon_Handler  stm32f4xx_it.o
    0x0800166e   0x0800166e   0x0000000a   Code   RO          523    i.EXTI9_5_IRQHandler  stm32f4xx_it.o
    0x08001678   0x08001678   0x00000006   Code   RO           13    i.Error_Handler     main.o
    0x0800167e   0x0800167e   0x00000004   Code   RO         5556    i.Error_Handler     drive_tim.o
    0x08001682   0x08001682   0x00000002   PAD
    0x08001684   0x08001684   0x0000001c   Code   RO         5557    i.Get_SystemTimer   drive_tim.o
    0x080016a0   0x080016a0   0x0000002a   Code   RO          761    i.HAL_CAN_ActivateNotification  stm32f4xx_hal_can.o
    0x080016ca   0x080016ca   0x00000156   Code   RO          762    i.HAL_CAN_AddTxMessage  stm32f4xx_hal_can.o
    0x08001820   0x08001820   0x00000124   Code   RO          763    i.HAL_CAN_ConfigFilter  stm32f4xx_hal_can.o
    0x08001944   0x08001944   0x00000002   Code   RO          766    i.HAL_CAN_ErrorCallback  stm32f4xx_hal_can.o
    0x08001946   0x08001946   0x0000017a   Code   RO          769    i.HAL_CAN_GetRxMessage  stm32f4xx_hal_can.o
    0x08001ac0   0x08001ac0   0x00000036   Code   RO          771    i.HAL_CAN_GetTxMailboxesFreeLevel  stm32f4xx_hal_can.o
    0x08001af6   0x08001af6   0x0000024e   Code   RO          773    i.HAL_CAN_IRQHandler  stm32f4xx_hal_can.o
    0x08001d44   0x08001d44   0x00000174   Code   RO          774    i.HAL_CAN_Init      stm32f4xx_hal_can.o
    0x08001eb8   0x08001eb8   0x00000184   Code   RO          315    i.HAL_CAN_MspInit   can.o
    0x0800203c   0x0800203c   0x00000002   Code   RO          781    i.HAL_CAN_RxFifo0FullCallback  stm32f4xx_hal_can.o
    0x0800203e   0x0800203e   0x00000002   PAD
    0x08002040   0x08002040   0x00000058   Code   RO         5372    i.HAL_CAN_RxFifo0MsgPendingCallback  drive_can.o
    0x08002098   0x08002098   0x00000002   Code   RO          783    i.HAL_CAN_RxFifo1FullCallback  stm32f4xx_hal_can.o
    0x0800209a   0x0800209a   0x00000002   PAD
    0x0800209c   0x0800209c   0x00000058   Code   RO         5373    i.HAL_CAN_RxFifo1MsgPendingCallback  drive_can.o
    0x080020f4   0x080020f4   0x00000002   Code   RO          785    i.HAL_CAN_SleepCallback  stm32f4xx_hal_can.o
    0x080020f6   0x080020f6   0x0000005e   Code   RO          786    i.HAL_CAN_Start     stm32f4xx_hal_can.o
    0x08002154   0x08002154   0x00000002   Code   RO          788    i.HAL_CAN_TxMailbox0AbortCallback  stm32f4xx_hal_can.o
    0x08002156   0x08002156   0x00000002   Code   RO          789    i.HAL_CAN_TxMailbox0CompleteCallback  stm32f4xx_hal_can.o
    0x08002158   0x08002158   0x00000002   Code   RO          790    i.HAL_CAN_TxMailbox1AbortCallback  stm32f4xx_hal_can.o
    0x0800215a   0x0800215a   0x00000002   Code   RO          791    i.HAL_CAN_TxMailbox1CompleteCallback  stm32f4xx_hal_can.o
    0x0800215c   0x0800215c   0x00000002   Code   RO          792    i.HAL_CAN_TxMailbox2AbortCallback  stm32f4xx_hal_can.o
    0x0800215e   0x0800215e   0x00000002   Code   RO          793    i.HAL_CAN_TxMailbox2CompleteCallback  stm32f4xx_hal_can.o
    0x08002160   0x08002160   0x00000002   Code   RO          795    i.HAL_CAN_WakeUpFromRxMsgCallback  stm32f4xx_hal_can.o
    0x08002162   0x08002162   0x000000ac   Code   RO         1501    i.HAL_DMA_Abort     stm32f4xx_hal_dma.o
    0x0800220e   0x0800220e   0x00000028   Code   RO         1502    i.HAL_DMA_Abort_IT  stm32f4xx_hal_dma.o
    0x08002236   0x08002236   0x00000002   PAD
    0x08002238   0x08002238   0x00000240   Code   RO         1506    i.HAL_DMA_IRQHandler  stm32f4xx_hal_dma.o
    0x08002478   0x08002478   0x000000ec   Code   RO         1507    i.HAL_DMA_Init      stm32f4xx_hal_dma.o
    0x08002564   0x08002564   0x00000092   Code   RO         1511    i.HAL_DMA_Start_IT  stm32f4xx_hal_dma.o
    0x080025f6   0x080025f6   0x00000002   PAD
    0x080025f8   0x080025f8   0x00000014   Code   RO         6146    i.HAL_GPIO_EXTI_Callback  air_joy.o
    0x0800260c   0x0800260c   0x0000001c   Code   RO         1393    i.HAL_GPIO_EXTI_IRQHandler  stm32f4xx_hal_gpio.o
    0x08002628   0x08002628   0x000001f4   Code   RO         1394    i.HAL_GPIO_Init     stm32f4xx_hal_gpio.o
    0x0800281c   0x0800281c   0x0000000c   Code   RO         1931    i.HAL_GetTick       stm32f4xx_hal.o
    0x08002828   0x08002828   0x00000018   Code   RO         1937    i.HAL_IncTick       stm32f4xx_hal.o
    0x08002840   0x08002840   0x0000003c   Code   RO         1938    i.HAL_Init          stm32f4xx_hal.o
    0x0800287c   0x0800287c   0x000000b4   Code   RO          721    i.HAL_InitTick      stm32f4xx_hal_timebase_tim.o
    0x08002930   0x08002930   0x00000054   Code   RO          697    i.HAL_MspInit       stm32f4xx_hal_msp.o
    0x08002984   0x08002984   0x00000020   Code   RO         1783    i.HAL_NVIC_EnableIRQ  stm32f4xx_hal_cortex.o
    0x080029a4   0x080029a4   0x0000007c   Code   RO         1789    i.HAL_NVIC_SetPriority  stm32f4xx_hal_cortex.o
    0x08002a20   0x08002a20   0x00000028   Code   RO         1790    i.HAL_NVIC_SetPriorityGrouping  stm32f4xx_hal_cortex.o
    0x08002a48   0x08002a48   0x00000184   Code   RO          995    i.HAL_RCC_ClockConfig  stm32f4xx_hal_rcc.o
    0x08002bcc   0x08002bcc   0x00000044   Code   RO          999    i.HAL_RCC_GetClockConfig  stm32f4xx_hal_rcc.o
    0x08002c10   0x08002c10   0x0000000c   Code   RO         1000    i.HAL_RCC_GetHCLKFreq  stm32f4xx_hal_rcc.o
    0x08002c1c   0x08002c1c   0x00000020   Code   RO         1002    i.HAL_RCC_GetPCLK1Freq  stm32f4xx_hal_rcc.o
    0x08002c3c   0x08002c3c   0x00000020   Code   RO         1003    i.HAL_RCC_GetPCLK2Freq  stm32f4xx_hal_rcc.o
    0x08002c5c   0x08002c5c   0x000000b0   Code   RO         1004    i.HAL_RCC_GetSysClockFreq  stm32f4xx_hal_rcc.o
    0x08002d0c   0x08002d0c   0x0000049c   Code   RO         1007    i.HAL_RCC_OscConfig  stm32f4xx_hal_rcc.o
    0x080031a8   0x080031a8   0x00000002   Code   RO         2893    i.HAL_TIMEx_BreakCallback  stm32f4xx_hal_tim_ex.o
    0x080031aa   0x080031aa   0x00000002   Code   RO         2894    i.HAL_TIMEx_CommutCallback  stm32f4xx_hal_tim_ex.o
    0x080031ac   0x080031ac   0x000000b4   Code   RO         2912    i.HAL_TIMEx_MasterConfigSynchronization  stm32f4xx_hal_tim_ex.o
    0x08003260   0x08003260   0x00000066   Code   RO         2178    i.HAL_TIM_Base_Init  stm32f4xx_hal_tim.o
    0x080032c6   0x080032c6   0x00000002   PAD
    0x080032c8   0x080032c8   0x00000078   Code   RO          388    i.HAL_TIM_Base_MspInit  tim.o
    0x08003340   0x08003340   0x000000a8   Code   RO         2183    i.HAL_TIM_Base_Start_IT  stm32f4xx_hal_tim.o
    0x080033e8   0x080033e8   0x0000010c   Code   RO         2187    i.HAL_TIM_ConfigClockSource  stm32f4xx_hal_tim.o
    0x080034f4   0x080034f4   0x00000002   Code   RO         2212    i.HAL_TIM_IC_CaptureCallback  stm32f4xx_hal_tim.o
    0x080034f6   0x080034f6   0x00000196   Code   RO         2226    i.HAL_TIM_IRQHandler  stm32f4xx_hal_tim.o
    0x0800368c   0x0800368c   0x00000060   Code   RO          389    i.HAL_TIM_MspPostInit  tim.o
    0x080036ec   0x080036ec   0x00000002   Code   RO         2229    i.HAL_TIM_OC_DelayElapsedCallback  stm32f4xx_hal_tim.o
    0x080036ee   0x080036ee   0x00000104   Code   RO         2250    i.HAL_TIM_PWM_ConfigChannel  stm32f4xx_hal_tim.o
    0x080037f2   0x080037f2   0x00000066   Code   RO         2253    i.HAL_TIM_PWM_Init  stm32f4xx_hal_tim.o
    0x08003858   0x08003858   0x00000002   Code   RO         2255    i.HAL_TIM_PWM_MspInit  stm32f4xx_hal_tim.o
    0x0800385a   0x0800385a   0x00000002   Code   RO         2256    i.HAL_TIM_PWM_PulseFinishedCallback  stm32f4xx_hal_tim.o
    0x0800385c   0x0800385c   0x0000010c   Code   RO         2258    i.HAL_TIM_PWM_Start  stm32f4xx_hal_tim.o
    0x08003968   0x08003968   0x00000028   Code   RO           14    i.HAL_TIM_PeriodElapsedCallback  main.o
    0x08003990   0x08003990   0x00000002   Code   RO         2269    i.HAL_TIM_TriggerCallback  stm32f4xx_hal_tim.o
    0x08003992   0x08003992   0x00000002   Code   RO         3171    i.HAL_UARTEx_RxEventCallback  stm32f4xx_hal_uart.o
    0x08003994   0x08003994   0x0000008a   Code   RO         3183    i.HAL_UART_DMAStop  stm32f4xx_hal_uart.o
    0x08003a1e   0x08003a1e   0x00000002   Code   RO         3185    i.HAL_UART_ErrorCallback  stm32f4xx_hal_uart.o
    0x08003a20   0x08003a20   0x000002e0   Code   RO         3188    i.HAL_UART_IRQHandler  stm32f4xx_hal_uart.o
    0x08003d00   0x08003d00   0x00000072   Code   RO         3189    i.HAL_UART_Init     stm32f4xx_hal_uart.o
    0x08003d72   0x08003d72   0x00000002   PAD
    0x08003d74   0x08003d74   0x00000540   Code   RO          442    i.HAL_UART_MspInit  usart.o
    0x080042b4   0x080042b4   0x00000042   Code   RO         3193    i.HAL_UART_Receive_DMA  stm32f4xx_hal_uart.o
    0x080042f6   0x080042f6   0x00000002   Code   RO         3195    i.HAL_UART_RxCpltCallback  stm32f4xx_hal_uart.o
    0x080042f8   0x080042f8   0x00000002   Code   RO         3196    i.HAL_UART_RxHalfCpltCallback  stm32f4xx_hal_uart.o
    0x080042fa   0x080042fa   0x00000002   Code   RO         3200    i.HAL_UART_TxCpltCallback  stm32f4xx_hal_uart.o
    0x080042fc   0x080042fc   0x00000004   Code   RO          524    i.HardFault_Handler  stm32f4xx_it.o
    0x08004300   0x08004300   0x00000040   Code   RO         7397    i.LaserPositionin_UART4_RxCallback  service_communication.o
    0x08004340   0x08004340   0x00000040   Code   RO         7398    i.LaserPositionin_UART6_RxCallback  service_communication.o
    0x08004380   0x08004380   0x00000044   Code   RO          316    i.MX_CAN1_Init      can.o
    0x080043c4   0x080043c4   0x00000044   Code   RO          317    i.MX_CAN2_Init      can.o
    0x08004408   0x08004408   0x000000e8   Code   RO          363    i.MX_DMA_Init       dma.o
    0x080044f0   0x080044f0   0x00000088   Code   RO          272    i.MX_FREERTOS_Init  freertos.o
    0x08004578   0x08004578   0x000000f4   Code   RO          247    i.MX_GPIO_Init      gpio.o
    0x0800466c   0x0800466c   0x0000006c   Code   RO          390    i.MX_TIM10_Init     tim.o
    0x080046d8   0x080046d8   0x0000006c   Code   RO          391    i.MX_TIM4_Init      tim.o
    0x08004744   0x08004744   0x00000038   Code   RO          443    i.MX_UART4_Init     usart.o
    0x0800477c   0x0800477c   0x00000038   Code   RO          444    i.MX_USART1_UART_Init  usart.o
    0x080047b4   0x080047b4   0x00000038   Code   RO          445    i.MX_USART2_UART_Init  usart.o
    0x080047ec   0x080047ec   0x00000038   Code   RO          446    i.MX_USART3_UART_Init  usart.o
    0x08004824   0x08004824   0x00000038   Code   RO          447    i.MX_USART6_UART_Init  usart.o
    0x0800485c   0x0800485c   0x00000004   Code   RO          525    i.MemManage_Handler  stm32f4xx_it.o
    0x08004860   0x08004860   0x00000004   Code   RO          526    i.NMI_Handler       stm32f4xx_it.o
    0x08004864   0x08004864   0x00000022   Code   RO         5558    i.PWM_ReInit        drive_tim.o
    0x08004886   0x08004886   0x00000002   PAD
    0x08004888   0x08004888   0x000000f8   Code   RO         7077    i.Position_UART3_RxCallback  position.o
    0x08004980   0x08004980   0x00000036   Code   RO         5559    i.Set_PwmDuty       drive_tim.o
    0x080049b6   0x080049b6   0x00000016   Code   RO         4705    i.SysTick_Handler   cmsis_os2.o
    0x080049cc   0x080049cc   0x000000b4   Code   RO           15    i.SystemClock_Config  main.o
    0x08004a80   0x08004a80   0x00000014   Code   RO         3528    i.SystemInit        system_stm32f4xx.o
    0x08004a94   0x08004a94   0x000000c4   Code   RO         7509    i.System_Resource_Init  service_config.o
    0x08004b58   0x08004b58   0x00000010   Code   RO          527    i.TIM3_IRQHandler   stm32f4xx_it.o
    0x08004b68   0x08004b68   0x00000010   Code   RO          528    i.TIM4_IRQHandler   stm32f4xx_it.o
    0x08004b78   0x08004b78   0x000000d8   Code   RO         2271    i.TIM_Base_SetConfig  stm32f4xx_hal_tim.o
    0x08004c50   0x08004c50   0x00000022   Code   RO         2272    i.TIM_CCxChannelCmd  stm32f4xx_hal_tim.o
    0x08004c72   0x08004c72   0x00000016   Code   RO         2282    i.TIM_ETR_SetConfig  stm32f4xx_hal_tim.o
    0x08004c88   0x08004c88   0x00000012   Code   RO         2283    i.TIM_ITRx_SetConfig  stm32f4xx_hal_tim.o
    0x08004c9a   0x08004c9a   0x00000002   PAD
    0x08004c9c   0x08004c9c   0x00000070   Code   RO         2284    i.TIM_OC1_SetConfig  stm32f4xx_hal_tim.o
    0x08004d0c   0x08004d0c   0x0000007c   Code   RO         2285    i.TIM_OC2_SetConfig  stm32f4xx_hal_tim.o
    0x08004d88   0x08004d88   0x00000078   Code   RO         2286    i.TIM_OC3_SetConfig  stm32f4xx_hal_tim.o
    0x08004e00   0x08004e00   0x00000054   Code   RO         2287    i.TIM_OC4_SetConfig  stm32f4xx_hal_tim.o
    0x08004e54   0x08004e54   0x00000026   Code   RO         2289    i.TIM_TI1_ConfigInputStage  stm32f4xx_hal_tim.o
    0x08004e7a   0x08004e7a   0x00000028   Code   RO         2291    i.TIM_TI2_ConfigInputStage  stm32f4xx_hal_tim.o
    0x08004ea2   0x08004ea2   0x00000002   PAD
    0x08004ea4   0x08004ea4   0x00000020   Code   RO         5561    i.Timer_Init        drive_tim.o
    0x08004ec4   0x08004ec4   0x00000018   Code   RO          529    i.UART4_IRQHandler  stm32f4xx_it.o
    0x08004edc   0x08004edc   0x00000014   Code   RO         3202    i.UART_DMAAbortOnError  stm32f4xx_hal_uart.o
    0x08004ef0   0x08004ef0   0x00000050   Code   RO         3203    i.UART_DMAError     stm32f4xx_hal_uart.o
    0x08004f40   0x08004f40   0x000000b0   Code   RO         3204    i.UART_DMAReceiveCplt  stm32f4xx_hal_uart.o
    0x08004ff0   0x08004ff0   0x00000020   Code   RO         3206    i.UART_DMARxHalfCplt  stm32f4xx_hal_uart.o
    0x08005010   0x08005010   0x0000006c   Code   RO         3212    i.UART_EndRxTransfer  stm32f4xx_hal_uart.o
    0x0800507c   0x0800507c   0x00000020   Code   RO         3213    i.UART_EndTransmit_IT  stm32f4xx_hal_uart.o
    0x0800509c   0x0800509c   0x00000026   Code   RO         3214    i.UART_EndTxTransfer  stm32f4xx_hal_uart.o
    0x080050c2   0x080050c2   0x000000f8   Code   RO         3215    i.UART_Receive_IT   stm32f4xx_hal_uart.o
    0x080051ba   0x080051ba   0x00000002   PAD
    0x080051bc   0x080051bc   0x0000022c   Code   RO         3216    i.UART_SetConfig    stm32f4xx_hal_uart.o
    0x080053e8   0x080053e8   0x000000d0   Code   RO         3217    i.UART_Start_Receive_DMA  stm32f4xx_hal_uart.o
    0x080054b8   0x080054b8   0x00000060   Code   RO         3219    i.UART_Transmit_IT  stm32f4xx_hal_uart.o
    0x08005518   0x08005518   0x00000018   Code   RO          530    i.USART1_IRQHandler  stm32f4xx_it.o
    0x08005530   0x08005530   0x00000018   Code   RO          531    i.USART2_IRQHandler  stm32f4xx_it.o
    0x08005548   0x08005548   0x00000018   Code   RO          532    i.USART3_IRQHandler  stm32f4xx_it.o
    0x08005560   0x08005560   0x00000018   Code   RO          533    i.USART6_IRQHandler  stm32f4xx_it.o
    0x08005578   0x08005578   0x00000194   Code   RO         5630    i.Uart_Init         drive_uart.o
    0x0800570c   0x0800570c   0x00000018   Code   RO         5631    i.Uart_Receive_Handler  drive_uart.o
    0x08005724   0x08005724   0x00000050   Code   RO         5632    i.Uart_Rx_Idle_Callback  drive_uart.o
    0x08005774   0x08005774   0x000001a8   Code   RO         7078    i.Update_RawPosition  position.o
    0x0800591c   0x0800591c   0x00000010   Code   RO         5562    i.Update_SystemTick  drive_tim.o
    0x0800592c   0x0800592c   0x00000004   Code   RO          534    i.UsageFault_Handler  stm32f4xx_it.o
    0x08005930   0x08005930   0x00000004   Code   RO         5633    i.Usart_Rx_Callback_Register  drive_uart.o
    0x08005934   0x08005934   0x0000000a   Code   RO         7546    i.User_Debug_Task   user_debug.o
    0x0800593e   0x0800593e   0x00000002   PAD
    0x08005940   0x08005940   0x000001c0   Code   RO         7810    i._Z12PidParamInitv  chassis_task.o
    0x08005b00   0x08005b00   0x00000040   Code   RO         5814    i._Z14pid_param_initP6_PID_T6pid_stffffffff  pid.o
    0x08005b40   0x08005b40   0x00000088   Code   RO         7269    i._Z15world_calculatePfS_  speed_calculate.o
    0x08005bc8   0x08005bc8   0x00000084   Code   RO         7811    i._Z16UpdatePitchLevelfi  chassis_task.o
    0x08005c4c   0x08005c4c   0x0000001c   Code   RO         5969    i._Z22_tool_buffer_get_int16PKhPi  tool.o
    0x08005c68   0x08005c68   0x00000030   Code   RO         5970    i._Z22_tool_buffer_get_int32PKhPi  tool.o
    0x08005c98   0x08005c98   0x0000002e   Code   RO         5976    i._Z25_tool_buffer_append_int32PhiPi  tool.o
    0x08005cc6   0x08005cc6   0x00000002   PAD
    0x08005cc8   0x08005cc8   0x000000dc   Code   RO         6725    i._ZN10Motor_Base12update_angleEPh  chassis_swerve.o
    0x08005da4   0x08005da4   0x0000004e   Code   RO         7651    i._ZN10Motor_C62014CanMsg_ProcessER9CAN_TxMsg  user_debug.o
    0x08005df2   0x08005df2   0x00000028   Code   RO         7467    i._ZN10Motor_C6206updateEPh  service_communication.o
    0x08005e1a   0x08005e1a   0x00000002   PAD
    0x08005e1c   0x08005e1c   0x00000034   Code   RO         7869    i._ZN10Motor_C620C1Eh  chassis_task.o
    0x08005e50   0x08005e50   0x0000000e   Code   RO         7585    i._ZN10Motor_C620D1Ev  user_debug.o
    0x08005e5e   0x08005e5e   0x0000000e   Code   RO         6759    i._ZN11Motor_Speed12update_speedEPh  chassis_swerve.o
    0x08005e6c   0x08005e6c   0x00000048   Code   RO         7579    i._ZN11Motor_SpeedC2Eh  user_debug.o
    0x08005eb4   0x08005eb4   0x00000008   Code   RO         6673    i._ZN11Motor_SpeedD2Ev  chassis_swerve.o
    0x08005ebc   0x08005ebc   0x00000024   Code   RO         6350    i._ZN12Chassis_Base25ChassisVel_Trans_MotorRPMEff  omni_chassis.o
    0x08005ee0   0x08005ee0   0x00000014   Code   RO         6296    i._ZN12Omni_Chassis13Motor_ControlEv  omni_chassis.o
    0x08005ef4   0x08005ef4   0x00000026   Code   RO         6297    i._ZN12Omni_Chassis13Pid_Mode_InitEiffbb  omni_chassis.o
    0x08005f1a   0x08005f1a   0x00000052   Code   RO         6298    i._ZN12Omni_Chassis14Pid_Param_InitEiffffff  omni_chassis.o
    0x08005f6c   0x08005f6c   0x000001e2   Code   RO         6299    i._ZN12Omni_Chassis18Velocity_CalculateE13Robot_Twist_t  omni_chassis.o
    0x0800614e   0x0800614e   0x0000009e   Code   RO         6300    i._ZN12Omni_Chassis7ControlE13Robot_Twist_t  omni_chassis.o
    0x080061ec   0x080061ec   0x00000134   Code   RO         7881    i._ZN12Omni_ChassisC1Effif  chassis_task.o
    0x08006320   0x08006320   0x0000002c   Code   RO         7905    i._ZN12Omni_ChassisD1Ev  chassis_task.o
    0x0800634c   0x0800634c   0x000002dc   Code   RO         5914    i._ZN12TrapePlanner4PlanEfff  speed_plan.o
    0x08006628   0x08006628   0x0000000c   Code   RO         5938    i._ZN12TrapePlanner5ResetEv  speed_plan.o
    0x08006634   0x08006634   0x00000048   Code   RO         7887    i._ZN12TrapePlannerC1Efffff  chassis_task.o
    0x0800667c   0x0800667c   0x0000001a   Code   RO         5711    i._ZN13LowPassFilter1fEf  filter.o
    0x08006696   0x08006696   0x0000000e   Code   RO         5712    i._ZN13LowPassFilter2inEf  filter.o
    0x080066a4   0x080066a4   0x00000022   Code   RO         5713    i._ZN13LowPassFilter3outEv  filter.o
    0x080066c6   0x080066c6   0x00000002   PAD
    0x080066c8   0x080066c8   0x00000018   Code   RO         7899    i._ZN13LowPassFilterC1Ef  chassis_task.o
    0x080066e0   0x080066e0   0x000000a8   Code   RO         6088    i._ZN15ShootController12GetShootInfoEffffPNS_12Shoot_Info_EE  shoot.o
    0x08006788   0x08006788   0x0000004e   Code   RO         6089    i._ZN15ShootController13GetShootSpeedEfi  shoot.o
    0x080067d6   0x080067d6   0x00000030   Code   RO         6090    i._ZN15ShootController4InitEPKNS_13SplineSegmentEPKfti  shoot.o
    0x08006806   0x08006806   0x00000002   PAD
    0x08006808   0x08006808   0x00000074   Code   RO         6091    i._ZN15ShootController9CalcSpeedEfPKNS_13SplineSegmentEPKft  shoot.o
    0x0800687c   0x0800687c   0x0000001a   Code   RO         6092    i._ZN15ShootControllerC1Ev  shoot.o
    0x08006896   0x08006896   0x00000012   Code   RO         6916    i._ZN3PID13PID_Mode_InitEffbb  launcher.o
    0x080068a8   0x080068a8   0x00000018   Code   RO         5819    i._ZN3PID14PID_Param_InitEffffff  pid.o
    0x080068c0   0x080068c0   0x00000298   Code   RO         5820    i._ZN3PID6AdjustEv  pid.o
    0x08006b58   0x08006b58   0x000000e0   Code   RO         7863    i._ZN3PIDC1Ev       chassis_task.o
    0x08006c38   0x08006c38   0x00000014   Code   RO         7911    i._ZN3PIDD1Ev       chassis_task.o
    0x08006c4c   0x08006c4c   0x0000002c   Code   RO         7474    i._ZN4VESC11update_vescEP13CAN_RxMessage  service_communication.o
    0x08006c78   0x08006c78   0x00000024   Code   RO         6793    i._ZN4VESC12update_angleEPh  chassis_swerve.o
    0x08006c9c   0x08006c9c   0x00000060   Code   RO         6787    i._ZN4VESC12update_speedEPh  chassis_swerve.o
    0x08006cfc   0x08006cfc   0x000000e0   Code   RO         6774    i._ZN4VESC14CanMsg_ProcessER9CAN_TxMsg  chassis_swerve.o
    0x08006ddc   0x08006ddc   0x00000030   Code   RO         6780    i._ZN4VESC6updateEPh  chassis_swerve.o
    0x08006e0c   0x08006e0c   0x00000078   Code   RO         6646    i._ZN4VESCC1ERKS_   chassis_swerve.o
    0x08006e84   0x08006e84   0x00000034   Code   RO         7875    i._ZN4VESCC1Eh      chassis_task.o
    0x08006eb8   0x08006eb8   0x00000010   Code   RO         6640    i._ZN4VESCD1Ev      chassis_swerve.o
    0x08006ec8   0x08006ec8   0x000000c8   Code   RO         6147    i._ZN6AirJoy11data_updateEtt  air_joy.o
    0x08006f90   0x08006f90   0x000000a8   Code   RO         6861    i._ZN8Launcher10Catch_CtrlEb  launcher.o
    0x08007038   0x08007038   0x000000d0   Code   RO         6862    i._ZN8Launcher12PitchControlEf  launcher.o
    0x08007108   0x08007108   0x000000f4   Code   RO         6863    i._ZN8Launcher12ShootControlEbbf  launcher.o
    0x080071fc   0x080071fc   0x00000072   Code   RO         7851    i._ZN8Launcher13Pid_Mode_InitEiffbb  chassis_task.o
    0x0800726e   0x0800726e   0x0000009e   Code   RO         7857    i._ZN8Launcher14Pid_Param_InitEiffffff  chassis_task.o
    0x0800730c   0x0800730c   0x00000234   Code   RO         6864    i._ZN8Launcher14Pitch_AutoCtrlEf  launcher.o
    0x08007540   0x08007540   0x0000007c   Code   RO         6865    i._ZN8Launcher15LaunchMotorCtrlEv  launcher.o
    0x080075bc   0x080075bc   0x000000ac   Code   RO         6866    i._ZN8Launcher5ResetEv  launcher.o
    0x08007668   0x08007668   0x00000154   Code   RO         7893    i._ZN8LauncherC1Eff  chassis_task.o
    0x080077bc   0x080077bc   0x00000060   Code   RO         7908    i._ZN8LauncherD1Ev  chassis_task.o
    0x0800781c   0x0800781c   0x0000007c   Code   RO         5821    i._ZN8PidTimer16update_timeStampEv  pid.o
    0x08007898   0x08007898   0x00000014   Code   RO         5822    i._ZN8PidTimer19getMicroTick_registEPFjvE  pid.o
    0x080078ac   0x080078ac   0x00000010   Code   RO         7588    i._ZN9DM_DriverD1Ev  user_debug.o
    0x080078bc   0x080078bc   0x00000010   Code   RO         7594    i._ZN9RM_CommonD2Ev  user_debug.o
    0x080078cc   0x080078cc   0x0000000c   Code   RO         6928    i._ZNK10Motor_Base11get_encoderEv  launcher.o
    0x080078d8   0x080078d8   0x0000000c   Code   RO         6738    i._ZNK10Motor_Base19ENCODER_ANGLE_RATIOEv  chassis_swerve.o
    0x080078e4   0x080078e4   0x00000006   Code   RO         6719    i._ZNK10Motor_Base21GET_MOTOR_DESCRIPTIONEv  chassis_swerve.o
    0x080078ea   0x080078ea   0x00000006   Code   RO         6922    i._ZNK10Motor_Base9get_angleEv  launcher.o
    0x080078f0   0x080078f0   0x0000000c   Code   RO         7645    i._ZNK10Motor_C62011MAX_CURRENTEv  user_debug.o
    0x080078fc   0x080078fc   0x00000006   Code   RO         7658    i._ZNK10Motor_C62021GET_MOTOR_DESCRIPTIONEv  user_debug.o
    0x08007902   0x08007902   0x00000008   Code   RO         6753    i._ZNK11Motor_Speed9get_speedEv  chassis_swerve.o
    0x0800790a   0x0800790a   0x00000084   Code   RO         6093    i._ZNK15ShootController11FindSegmentEfPKft  shoot.o
    0x0800798e   0x0800798e   0x00000006   Code   RO         6765    i._ZNK4VESC14GET_MOTOR_FLAGEv  chassis_swerve.o
    0x08007994   0x08007994   0x00000008   Code   RO         7633    i._ZNK9RM_Common11send_id_lowEv  user_debug.o
    0x0800799c   0x0800799c   0x00000008   Code   RO         7627    i._ZNK9RM_Common12send_id_highEv  user_debug.o
    0x080079a4   0x080079a4   0x00000070   Code   RO         7700    i._ZNK9RM_Common13prepareCANMsgER9CAN_TxMsgs  user_debug.o
    0x08007a14   0x08007a14   0x00000006   Code   RO         7612    i._ZNK9RM_Common14GET_MOTOR_FLAGEv  user_debug.o
    0x08007a1a   0x08007a1a   0x00000018   Code   RO         6661    i._ZSt3cosf         chassis_swerve.o
    0x08007a32   0x08007a32   0x00000018   Code   RO         6667    i._ZSt3sinf         chassis_swerve.o
    0x08007a4a   0x08007a4a   0x00000018   Code   RO         5926    i._ZSt4sqrtf        speed_plan.o
    0x08007a62   0x08007a62   0x00000026   Code   RO         8612    i.__ARM_fpclassifyf  m_wm.l(fpclassifyf.o)
    0x08007a88   0x08007a88   0x00000010   Code   RO         1796    i.__NVIC_GetPriorityGrouping  stm32f4xx_hal_cortex.o
    0x08007a98   0x08007a98   0x00000028   Code   RO         1797    i.__NVIC_SetPriority  stm32f4xx_hal_cortex.o
    0x08007ac0   0x08007ac0   0x00000024   Code   RO         8238    i.__aeabi_vec_ctor_nocookie_nodtor  cpprt_w.l(aeabi_vec_ctor_nocookie_nodtor.o)
    0x08007ae4   0x08007ae4   0x00000010   Code   RO         8123    i.__cxa_guard_acquire  cpprt_w.l(cxa_guard_acquire.o)
    0x08007af4   0x08007af4   0x00000006   Code   RO         4707    i.__get_IPSR        cmsis_os2.o
    0x08007afa   0x08007afa   0x00000002   PAD
    0x08007afc   0x08007afc   0x00000250   Code   RO         8279    i.__hardfp_atan2f   m_wm.l(atan2f.o)
    0x08007d4c   0x08007d4c   0x00000150   Code   RO         8291    i.__hardfp_cosf     m_wm.l(cosf.o)
    0x08007e9c   0x08007e9c   0x00000190   Code   RO         8315    i.__hardfp_sinf     m_wm.l(sinf.o)
    0x0800802c   0x0800802c   0x0000003a   Code   RO         8327    i.__hardfp_sqrtf    m_wm.l(sqrtf.o)
    0x08008066   0x08008066   0x00000006   Code   RO         8615    i.__mathlib_flt_infnan  m_wm.l(funder.o)
    0x0800806c   0x0800806c   0x00000006   Code   RO         8616    i.__mathlib_flt_infnan2  m_wm.l(funder.o)
    0x08008072   0x08008072   0x00000002   PAD
    0x08008074   0x08008074   0x00000010   Code   RO         8617    i.__mathlib_flt_invalid  m_wm.l(funder.o)
    0x08008084   0x08008084   0x00000010   Code   RO         8620    i.__mathlib_flt_underflow  m_wm.l(funder.o)
    0x08008094   0x08008094   0x00000154   Code   RO         8633    i.__mathlib_rredf2  m_wm.l(rredf.o)
    0x080081e8   0x080081e8   0x00000038   Code   RO         6148    i.__sti___11_air_joy_cpp_air_joy  air_joy.o
    0x08008220   0x08008220   0x00000018   Code   RO         7763    i.__sti___11_fsm_joy_cpp_24180372  fsm_joy.o
    0x08008238   0x08008238   0x00000018   Code   RO         6867    i.__sti___12_launcher_cpp_b92dfea1  launcher.o
    0x08008250   0x08008250   0x00000018   Code   RO         7125    i.__sti___13_circle_lock_c_W  circle_lock.o
    0x08008268   0x08008268   0x00000018   Code   RO         7323    i.__sti___13_data_pool_cpp_35791fe7  data_pool.o
    0x08008280   0x08008280   0x0000010c   Code   RO         7547    i.__sti___14_user_debug_cpp_M3508  user_debug.o
    0x0800838c   0x0800838c   0x0000008c   Code   RO         7812    i.__sti___16_chassis_task_cpp_yaw_pid  chassis_task.o
    0x08008418   0x08008418   0x00000018   Code   RO         7510    i.__sti___18_service_config_cpp_be46bf9b  service_config.o
    0x08008430   0x08008430   0x00000018   Code   RO         7401    i.__sti___25_service_communication_cpp_06a294b1  service_communication.o
    0x08008448   0x08008448   0x0000003c   Code   RO         5374    i.comm_can_transmit_extid  drive_can.o
    0x08008484   0x08008484   0x0000003a   Code   RO         5375    i.comm_can_transmit_stdid  drive_can.o
    0x080084be   0x080084be   0x00000048   Code   RO           16    i.main              main.o
    0x08008506   0x08008506   0x0000001e   Code   RO         4708    i.osDelay           cmsis_os2.o
    0x08008524   0x08008524   0x0000002c   Code   RO         4722    i.osKernelInitialize  cmsis_os2.o
    0x08008550   0x08008550   0x00000060   Code   RO         4725    i.osKernelStart     cmsis_os2.o
    0x080085b0   0x080085b0   0x000000b8   Code   RO         4767    i.osThreadNew       cmsis_os2.o
    0x08008668   0x08008668   0x0000007c   Code   RO         4145    i.prvAddCurrentTaskToDelayedList  tasks.o
    0x080086e4   0x080086e4   0x000000b8   Code   RO         4146    i.prvAddNewTaskToReadyList  tasks.o
    0x0800879c   0x0800879c   0x00000074   Code   RO         4521    i.prvCheckForValidListAndQueue  timers.o
    0x08008810   0x08008810   0x00000048   Code   RO         4147    i.prvCheckTasksWaitingTermination  tasks.o
    0x08008858   0x08008858   0x0000002a   Code   RO         3732    i.prvCopyDataFromQueue  queue.o
    0x08008882   0x08008882   0x0000007e   Code   RO         3733    i.prvCopyDataToQueue  queue.o
    0x08008900   0x08008900   0x00000050   Code   RO         4148    i.prvDeleteTCB      tasks.o
    0x08008950   0x08008950   0x00000028   Code   RO         4522    i.prvGetNextExpireTime  timers.o
    0x08008978   0x08008978   0x0000007c   Code   RO         5235    i.prvHeapInit       heap_4.o
    0x080089f4   0x080089f4   0x00000028   Code   RO         4149    i.prvIdleTask       tasks.o
    0x08008a1c   0x08008a1c   0x0000002a   Code   RO         3736    i.prvInitialiseNewQueue  queue.o
    0x08008a46   0x08008a46   0x000000be   Code   RO         4150    i.prvInitialiseNewTask  tasks.o
    0x08008b04   0x08008b04   0x00000068   Code   RO         4151    i.prvInitialiseTaskLists  tasks.o
    0x08008b6c   0x08008b6c   0x00000068   Code   RO         5236    i.prvInsertBlockIntoFreeList  heap_4.o
    0x08008bd4   0x08008bd4   0x00000058   Code   RO         4524    i.prvInsertTimerInActiveList  timers.o
    0x08008c2c   0x08008c2c   0x0000001a   Code   RO         3737    i.prvIsQueueEmpty   queue.o
    0x08008c46   0x08008c46   0x0000001e   Code   RO         3738    i.prvIsQueueFull    queue.o
    0x08008c64   0x08008c64   0x00000074   Code   RO         4525    i.prvProcessExpiredTimer  timers.o
    0x08008cd8   0x08008cd8   0x00000164   Code   RO         4526    i.prvProcessReceivedCommands  timers.o
    0x08008e3c   0x08008e3c   0x00000074   Code   RO         4527    i.prvProcessTimerOrBlockTask  timers.o
    0x08008eb0   0x08008eb0   0x00000034   Code   RO         4153    i.prvResetNextTaskUnblockTime  tasks.o
    0x08008ee4   0x08008ee4   0x0000002c   Code   RO         4528    i.prvSampleTimeNow  timers.o
    0x08008f10   0x08008f10   0x000000a4   Code   RO         4529    i.prvSwitchTimerLists  timers.o
    0x08008fb4   0x08008fb4   0x00000040   Code   RO         5291    i.prvTaskExitError  port.o
    0x08008ff4   0x08008ff4   0x0000001a   Code   RO         4530    i.prvTimerTask      timers.o
    0x0800900e   0x0800900e   0x0000007e   Code   RO         3739    i.prvUnlockQueue    queue.o
    0x0800908c   0x0800908c   0x0000014c   Code   RO         5237    i.pvPortMalloc      heap_4.o
    0x080091d8   0x080091d8   0x0000002c   Code   RO         5292    i.pxPortInitialiseStack  port.o
    0x08009204   0x08009204   0x00000028   Code   RO         3692    i.uxListRemove      list.o
    0x0800922c   0x0800922c   0x00000018   Code   RO         4779    i.vApplicationGetIdleTaskMemory  cmsis_os2.o
    0x08009244   0x08009244   0x00000018   Code   RO         4780    i.vApplicationGetTimerTaskMemory  cmsis_os2.o
    0x0800925c   0x0800925c   0x0000001a   Code   RO         3693    i.vListInitialise   list.o
    0x08009276   0x08009276   0x00000006   Code   RO         3694    i.vListInitialiseItem  list.o
    0x0800927c   0x0800927c   0x00000034   Code   RO         3695    i.vListInsert       list.o
    0x080092b0   0x080092b0   0x00000018   Code   RO         3696    i.vListInsertEnd    list.o
    0x080092c8   0x080092c8   0x00000054   Code   RO         5294    i.vPortEnterCritical  port.o
    0x0800931c   0x0800931c   0x0000003c   Code   RO         5295    i.vPortExitCritical  port.o
    0x08009358   0x08009358   0x000000a4   Code   RO         5238    i.vPortFree         heap_4.o
    0x080093fc   0x080093fc   0x00000028   Code   RO         5296    i.vPortSetupTimerInterrupt  port.o
    0x08009424   0x08009424   0x00000078   Code   RO         5297    i.vPortValidateInterruptPriority  port.o
    0x0800949c   0x0800949c   0x0000002c   Code   RO         3745    i.vQueueAddToRegistry  queue.o
    0x080094c8   0x080094c8   0x0000004a   Code   RO         3749    i.vQueueWaitForMessageRestricted  queue.o
    0x08009512   0x08009512   0x00000002   PAD
    0x08009514   0x08009514   0x0000005c   Code   RO         4166    i.vTaskDelay        tasks.o
    0x08009570   0x08009570   0x00000018   Code   RO         4171    i.vTaskInternalSetTimeOutState  tasks.o
    0x08009588   0x08009588   0x0000000c   Code   RO         4172    i.vTaskMissedYield  tasks.o
    0x08009594   0x08009594   0x00000038   Code   RO         4174    i.vTaskPlaceOnEventList  tasks.o
    0x080095cc   0x080095cc   0x00000040   Code   RO         4175    i.vTaskPlaceOnEventListRestricted  tasks.o
    0x0800960c   0x0800960c   0x000000b8   Code   RO         4183    i.vTaskStartScheduler  tasks.o
    0x080096c4   0x080096c4   0x00000010   Code   RO         4185    i.vTaskSuspendAll   tasks.o
    0x080096d4   0x080096d4   0x00000090   Code   RO         4186    i.vTaskSwitchContext  tasks.o
    0x08009764   0x08009764   0x00000168   Code   RO         5298    i.xPortStartScheduler  port.o
    0x080098cc   0x080098cc   0x00000034   Code   RO         5299    i.xPortSysTickHandler  port.o
    0x08009900   0x08009900   0x0000005a   Code   RO         3754    i.xQueueGenericCreate  queue.o
    0x0800995a   0x0800995a   0x000000e0   Code   RO         3755    i.xQueueGenericCreateStatic  queue.o
    0x08009a3a   0x08009a3a   0x00000002   PAD
    0x08009a3c   0x08009a3c   0x00000098   Code   RO         3756    i.xQueueGenericReset  queue.o
    0x08009ad4   0x08009ad4   0x000001a8   Code   RO         3757    i.xQueueGenericSend  queue.o
    0x08009c7c   0x08009c7c   0x000000fc   Code   RO         3758    i.xQueueGenericSendFromISR  queue.o
    0x08009d78   0x08009d78   0x00000168   Code   RO         3767    i.xQueueReceive     queue.o
    0x08009ee0   0x08009ee0   0x0000008c   Code   RO         4188    i.xTaskCheckForTimeOut  tasks.o
    0x08009f6c   0x08009f6c   0x00000064   Code   RO         4189    i.xTaskCreate       tasks.o
    0x08009fd0   0x08009fd0   0x000000ba   Code   RO         4190    i.xTaskCreateStatic  tasks.o
    0x0800a08a   0x0800a08a   0x00000002   PAD
    0x0800a08c   0x0800a08c   0x00000020   Code   RO         4194    i.xTaskGetSchedulerState  tasks.o
    0x0800a0ac   0x0800a0ac   0x0000000c   Code   RO         4195    i.xTaskGetTickCount  tasks.o
    0x0800a0b8   0x0800a0b8   0x00000144   Code   RO         4197    i.xTaskIncrementTick  tasks.o
    0x0800a1fc   0x0800a1fc   0x000000a4   Code   RO         4200    i.xTaskPriorityDisinherit  tasks.o
    0x0800a2a0   0x0800a2a0   0x00000098   Code   RO         4202    i.xTaskRemoveFromEventList  tasks.o
    0x0800a338   0x0800a338   0x00000104   Code   RO         4203    i.xTaskResumeAll    tasks.o
    0x0800a43c   0x0800a43c   0x00000078   Code   RO         4539    i.xTimerCreateTimerTask  timers.o
    0x0800a4b4   0x0800a4b4   0x00000084   Code   RO         4540    i.xTimerGenericCommand  timers.o
    0x0800a538   0x0800a538   0x000001a4   Code   RO         6342    t._Z14Motor_SendMsgsI10Motor_C620Li3EEvP19__CAN_HandleTypeDefRAT0__T_  omni_chassis.o
    0x0800a6dc   0x0800a6dc   0x0000002c   Code   RO         6626    t._Z14Motor_SendMsgsI4VESCEvP19__CAN_HandleTypeDefRT_  chassis_swerve.o
    0x0800a708   0x0800a708   0x00000160   Code   RO         6618    t._Z14Motor_SendMsgsI4VESCLi1EEvP19__CAN_HandleTypeDefRAT0__T_  chassis_swerve.o
    0x0800a868   0x0800a868   0x00000028   Code   RO         5891    t._Z15_tool_ConstrainIfEvPT_S0_S0_  pid.o
    0x0800a890   0x0800a890   0x00000028   Code   RO         7572    t._Z16motor_constraintIfEvPT_S0_S0_  user_debug.o
    0x0800a8b8   0x0800a8b8   0x0000001a   Code   RO         5884    t._Z9_tool_AbsIfET_S0_  pid.o
    0x0800a8d2   0x0800a8d2   0x0000000e   Code   RO         7789    t._Z9_tool_AbsIiET_S0_  fsm_joy.o
    0x0800a8e0   0x0800a8e0   0x00000062   Code   RO         8243    x$fpl$d2f           fz_wm.l(d2f.o)
    0x0800a942   0x0800a942   0x00000002   PAD
    0x0800a944   0x0800a944   0x00000150   Code   RO         8245    x$fpl$dadd          fz_wm.l(daddsub_clz.o)
    0x0800aa94   0x0800aa94   0x000002b0   Code   RO         8252    x$fpl$ddiv          fz_wm.l(ddiv.o)
    0x0800ad44   0x0800ad44   0x0000002e   Code   RO         8256    x$fpl$dflt          fz_wm.l(dflt_clz.o)
    0x0800ad72   0x0800ad72   0x00000002   PAD
    0x0800ad74   0x0800ad74   0x00000154   Code   RO         8263    x$fpl$dmul          fz_wm.l(dmul.o)
    0x0800aec8   0x0800aec8   0x0000009c   Code   RO         8578    x$fpl$dnaninf       fz_wm.l(dnaninf.o)
    0x0800af64   0x0800af64   0x0000000c   Code   RO         8580    x$fpl$dretinf       fz_wm.l(dretinf.o)
    0x0800af70   0x0800af70   0x000001d4   Code   RO         8247    x$fpl$dsub          fz_wm.l(daddsub_clz.o)
    0x0800b144   0x0800b144   0x00000056   Code   RO         8265    x$fpl$f2d           fz_wm.l(f2d.o)
    0x0800b19a   0x0800b19a   0x0000008c   Code   RO         8582    x$fpl$fnaninf       fz_wm.l(fnaninf.o)
    0x0800b226   0x0800b226   0x0000000a   Code   RO         8758    x$fpl$fpinit        fz_wm.l(fpinit.o)
    0x0800b230   0x0800b230   0x0000000a   Code   RO         8584    x$fpl$fretinf       fz_wm.l(fretinf.o)
    0x0800b23a   0x0800b23a   0x00000000   Code   RO         8594    x$fpl$usenofp       fz_wm.l(usenofp.o)
    0x0800b23a   0x0800b23a   0x00000002   PAD
    0x0800b23c   0x0800b23c   0x000000b4   Data   RO          273    .constdata          freertos.o
    0x0800b2f0   0x0800b2f0   0x00000008   Data   RO         1513    .constdata          stm32f4xx_hal_dma.o
    0x0800b2f8   0x0800b2f8   0x00000018   Data   RO         3529    .constdata          system_stm32f4xx.o
    0x0800b310   0x0800b310   0x00000014   Data   RO         6153    .constdata          air_joy.o
    0x0800b324   0x0800b324   0x00000020   Data   RO         7767    .constdata          fsm_joy.o
    0x0800b344   0x0800b344   0x00000240   Data   RO         7818    .constdata          chassis_task.o
    0x0800b584   0x0800b584   0x00000020   Data   RO         8634    .constdata          m_wm.l(rredf.o)
    0x0800b5a4   0x0800b5a4   0x00000038   Data   RO         6680    .constdata__ZTV10Motor_Base  chassis_swerve.o
    0x0800b5dc   0x0800b5dc   0x00000048   Data   RO         7603    .constdata__ZTV10Motor_C620  user_debug.o
    0x0800b624   0x0800b624   0x00000040   Data   RO         6682    .constdata__ZTV11Motor_Speed  chassis_swerve.o
    0x0800b664   0x0800b664   0x00000014   Data   RO         7915    .constdata__ZTV11PlannerBase  chassis_task.o
    0x0800b678   0x0800b678   0x00000014   Data   RO         5925    .constdata__ZTV12TrapePlanner  speed_plan.o
    0x0800b68c   0x0800b68c   0x00000040   Data   RO         6684    .constdata__ZTV4VESC  chassis_swerve.o
    0x0800b6cc   0x0800b6cc   0x00000044   Data   RO         7605    .constdata__ZTV9DM_Driver  user_debug.o
    0x0800b710   0x0800b710   0x00000048   Data   RO         7601    .constdata__ZTV9RM_Common  user_debug.o
    0x0800b758   0x0800b758   0x00000034   Data   RO          274    .conststring        freertos.o
    0x0800b78c   0x0800b78c   0x00000020   Data   RO         8917    Region$$Table       anon$$obj.o
    0x0800b7ac   0x0800b7ac   0x00000004   Data   RO         6154    .init_array         air_joy.o
    0x0800b7b0   0x0800b7ac   0x00000004   Data   RO         6876    .init_array         launcher.o
    0x0800b7b4   0x0800b7ac   0x00000004   Data   RO         7135    .init_array         circle_lock.o
    0x0800b7b8   0x0800b7ac   0x00000004   Data   RO         7328    .init_array         data_pool.o
    0x0800b7bc   0x0800b7ac   0x00000004   Data   RO         7412    .init_array         service_communication.o
    0x0800b7c0   0x0800b7ac   0x00000004   Data   RO         7515    .init_array         service_config.o
    0x0800b7c4   0x0800b7ac   0x00000004   Data   RO         7551    .init_array         user_debug.o
    0x0800b7c8   0x0800b7ac   0x00000004   Data   RO         7769    .init_array         fsm_joy.o
    0x0800b7cc   0x0800b7ac   0x00000004   Data   RO         7820    .init_array         chassis_task.o
    0x0800b7d0   0x0800b7ac   0x00000000   Data   RO         8112    .init_array         c_w.l(init_aeabi.o)


    Execution Region RW_IRAM1 (Exec base: 0x20000000, Load base: 0x0800b7d0, Size: 0x00006290, Max: 0x00020000, ABSOLUTE, COMPRESSED[0x00000018])

    Exec Addr    Load Addr    Size         Type   Attr      Idx    E Section Name        Object

    0x20000000   COMPRESSED   0x00000014   Data   RW          275    .data               freertos.o
    0x20000014   COMPRESSED   0x00000004   Data   RW          319    .data               can.o
    0x20000018   COMPRESSED   0x00000009   Data   RW         1945    .data               stm32f4xx_hal.o
    0x20000021   COMPRESSED   0x00000003   PAD
    0x20000024   COMPRESSED   0x00000004   Data   RW         3530    .data               system_stm32f4xx.o
    0x20000028   COMPRESSED   0x0000003c   Data   RW         4206    .data               tasks.o
    0x20000064   COMPRESSED   0x00000014   Data   RW         4548    .data               timers.o
    0x20000078   COMPRESSED   0x00000004   Data   RW         4782    .data               cmsis_os2.o
    0x2000007c   COMPRESSED   0x00000020   Data   RW         5244    .data               heap_4.o
    0x2000009c   COMPRESSED   0x0000000c   Data   RW         5300    .data               port.o
    0x200000a8   COMPRESSED   0x00000008   Data   RW         5377    .data               drive_can.o
    0x200000b0   COMPRESSED   0x0000000c   Data   RW         5565    .data               drive_tim.o
    0x200000bc   COMPRESSED   0x00000002   Data   RW         5637    .data               drive_uart.o
    0x200000be   COMPRESSED   0x00000002   PAD
    0x200000c0   COMPRESSED   0x00000004   Data   RW         5833    .data               pid.o
    0x200000c4   COMPRESSED   0x00000034   Data   RW         6875    .data               launcher.o
    0x200000f8   COMPRESSED   0x00000048   Data   RW         7134    .data               circle_lock.o
    0x20000140   COMPRESSED   0x00000034   Data   RW         7327    .data               data_pool.o
    0x20000174   COMPRESSED   0x00000008   Data   RW         7411    .data               service_communication.o
    0x2000017c   COMPRESSED   0x00000008   Data   RW         7514    .data               service_config.o
    0x20000184   COMPRESSED   0x0000000c   Data   RW         7768    .data               fsm_joy.o
    0x20000190   COMPRESSED   0x00000025   Data   RW         7819    .data               chassis_task.o
    0x200001b5   COMPRESSED   0x00000003   PAD
    0x200001b8        -       0x00000050   Zero   RW          318    .bss                can.o
    0x20000208        -       0x00000090   Zero   RW          392    .bss                tim.o
    0x20000298        -       0x00000514   Zero   RW          448    .bss                usart.o
    0x200007ac        -       0x00000048   Zero   RW          724    .bss                stm32f4xx_hal_timebase_tim.o
    0x200007f4        -       0x00000040   Zero   RW         3771    .bss                queue.o
    0x20000834        -       0x000004c4   Zero   RW         4205    .bss                tasks.o
    0x20000cf8        -       0x00000118   Zero   RW         4547    .bss                timers.o
    0x20000e10        -       0x000006b8   Zero   RW         4781    .bss                cmsis_os2.o
    0x200014c8        -       0x00003c00   Zero   RW         5243    .bss                heap_4.o
    0x200050c8        -       0x00000048   Zero   RW         5376    .bss                drive_can.o
    0x20005110        -       0x000000b4   Zero   RW         5636    .bss                drive_uart.o
    0x200051c4        -       0x0000003c   Zero   RW         6152    .bss                air_joy.o
    0x20005200        -       0x0000004c   Zero   RW         7079    .bss                position.o
    0x2000524c        -       0x00000064   Zero   RW         7326    .bss                data_pool.o
    0x200052b0        -       0x000000bc   Zero   RW         7550    .bss                user_debug.o
    0x2000536c        -       0x0000002c   Zero   RW         7766    .bss                fsm_joy.o
    0x20005398        -       0x00000898   Zero   RW         7817    .bss                chassis_task.o
    0x20005c30        -       0x00000060   Zero   RW         8643    .bss                c_w.l(libspace.o)
    0x20005c90        -       0x00000200   Zero   RW            2    HEAP                startup_stm32f407xx.o
    0x20005e90        -       0x00000400   Zero   RW            1    STACK               startup_stm32f407xx.o


==============================================================================

Image component sizes


      Code (inc. data)   RO Data    RW Data    ZI Data      Debug   Object Name

       276         18         24          0         60       9699   air_joy.o
       524         46          0          4         80       2514   can.o
      1258         82        184          0          0      19621   chassis_swerve.o
      3356        356        600         37       2200      30316   chassis_task.o
        24          8          4         72          0      15526   circle_lock.o
       430         38          0          4       1720      65147   cmsis_os2.o
       172         40          4         52        100      16148   data_pool.o
       232          6          0          0          0        898   dma.o
       522         60          0          8         72       5141   drive_can.o
       168         16          0         12          0       4185   drive_tim.o
       512         46          0          2        180       4269   drive_uart.o
         0          0          0          0          0      19508   event_groups.o
        74          0          0          0          0       5516   filter.o
       136         62        232         20          0       1676   freertos.o
      1050         52         36         12         44       1903   fsm_joy.o
       244          8          0          0          0       1083   gpio.o
       724         74          0         32      15360       4935   heap_4.o
      1540        166          4         52          0      17512   launcher.o
       148          0          0          0          0       3634   list.o
       298         20          0          0          0     718624   main.o
      1236         32          0          0          0     623387   omni_chassis.o
       962         24          0          4          0       9383   pid.o
      1014         92          0         12          0      11833   port.o
       672         42          0          0         76       3314   position.o
      2012         20          0          0         64      18602   queue.o
       532         66          4          8          0      15875   service_communication.o
       252         76          4          8          0       1422   service_config.o
       568         24          0          0          0       6968   shoot.o
       136         12          0          0          0        986   speed_calculate.o
       768          6         20          0          0       4115   speed_plan.o
        64         26        392          0       1536        856   startup_stm32f407xx.o
        96         20          0          9          0       8150   stm32f4xx_hal.o
      2186          6          0          0          0      14657   stm32f4xx_hal_can.o
       252         22          0          0          0      33746   stm32f4xx_hal_cortex.o
      1436         16          8          0          0       7134   stm32f4xx_hal_dma.o
       528         50          0          0          0       2123   stm32f4xx_hal_gpio.o
        84          6          0          0          0        882   stm32f4xx_hal_msp.o
      1888         94          0          0          0       6365   stm32f4xx_hal_rcc.o
      2392        142          0          0          0      16672   stm32f4xx_hal_tim.o
       184         30          0          0          0       2541   stm32f4xx_hal_tim_ex.o
       180         20          0          0         72       1499   stm32f4xx_hal_timebase_tim.o
      2658         26          0          0          0      15701   stm32f4xx_hal_uart.o
       408        136          0          0          0      14175   stm32f4xx_it.o
         0          0          0          0          0        392   stream_buffer.o
        20          6         24          4          0       1163   system_stm32f4xx.o
      2808        346          0         60       1220      27750   tasks.o
       432         40          0          0        144       3095   tim.o
      1318        124          0         20        280      30567   timers.o
       122          0          0          0          0       3622   tool.o
      1624        150          0          0       1300       5400   usart.o
       666         78        216          0        188      13693   user_debug.o

    ----------------------------------------------------------------------
     39230       2830       1788        440      24696    1853923   Object Totals
         0          0         32          0          0          0   (incl. Generated)
        44          0          0          8          0          0   (incl. Padding)

    ----------------------------------------------------------------------

      Code (inc. data)   RO Data    RW Data    ZI Data      Debug   Library Member Name

        58          0          0          0          0          0   __dczerorl.o
         8          0          0          0          0         68   __main.o
         0          0          0          0          0          0   __rtentry.o
        12          0          0          0          0          0   __rtentry2.o
         6          0          0          0          0          0   __rtentry4.o
        52          8          0          0          0          0   __scatter.o
        28          0          0          0          0          0   __scatter_zi.o
        22          0          0          0          0        100   _rserrno.o
        46          0          0          0          0         84   aeabi_atexit.o
        16          0          0          0          0         68   aeabi_memset.o
        66          0          0          0          0         84   cxa_finalize.o
        10          0          0          0          0         68   defsig_exit.o
        50          0          0          0          0         88   defsig_general.o
        80         58          0          0          0         76   defsig_rtmem_inner.o
        14          0          0          0          0         80   defsig_rtmem_outer.o
        18          0          0          0          0         80   exit.o
        94          0          0          0          0         80   h1_alloc.o
        52          0          0          0          0         68   h1_extend.o
        78          0          0          0          0         80   h1_free.o
        14          0          0          0          0         84   h1_init.o
         6          0          0          0          0        152   heapauxi.o
         4          0          0          0          0        136   hguard.o
         0          0          0          0          0          0   indicate_semi.o
        36         10          0          0          0         80   init_aeabi.o
       138          0          0          0          0        168   init_alloc.o
         2          0          0          0          0          0   libinit.o
        18          0          0          0          0          0   libinit2.o
         2          0          0          0          0          0   libshutdown.o
         8          0          0          0          0          0   libshutdown2.o
         8          4          0          0         96         68   libspace.o
       238          0          0          0          0        100   lludivv7m.o
         0          0          0          0          0          0   maybetermalloc1.o
         8          4          0          0          0         68   rt_ddtor_pointer_addr_intlibspace.o
         8          4          0          0          0         68   rt_errno_addr_intlibspace.o
         8          4          0          0          0         68   rt_heap_descriptor_intlibspace.o
        68          0          0          0          0         68   rt_memclr.o
        78          0          0          0          0         80   rt_memclr_w.o
       138          0          0          0          0         68   rt_memcpy_v6.o
       100          0          0          0          0         80   rt_memcpy_w.o
         2          0          0          0          0          0   rtexit.o
        10          0          0          0          0          0   rtexit2.o
        12          4          0          0          0         68   sys_exit.o
        74          0          0          0          0         80   sys_stackheap_outer.o
        14          0          0          0          0         76   sys_wrch.o
         2          0          0          0          0         68   use_no_semi.o
        36          0          0          0          0         84   aeabi_vec_ctor_nocookie_nodtor.o
        34          0          0          0          0         84   aeabi_vec_dtor_noexceptions.o
        16          0          0          0          0         68   cxa_guard_acquire.o
        98          4          0          0          0        140   d2f.o
       804         16          0          0          0        368   daddsub_clz.o
       688        140          0          0          0        256   ddiv.o
        46          0          0          0          0        116   dflt_clz.o
       340         12          0          0          0        152   dmul.o
       156          4          0          0          0        140   dnaninf.o
        12          0          0          0          0        116   dretinf.o
        86          4          0          0          0        132   f2d.o
       140          4          0          0          0        132   fnaninf.o
        10          0          0          0          0        116   fpinit.o
        10          0          0          0          0        116   fretinf.o
         0          0          0          0          0          0   usenofp.o
       592         90          0          0          0        184   atan2f.o
       336         56          0          0          0        136   cosf.o
        38          0          0          0          0        116   fpclassifyf.o
        44         12          0          0          0        464   funder.o
       340         24         32          0          0        160   rredf.o
       400         56          0          0          0        212   sinf.o
        58          0          0          0          0        136   sqrtf.o

    ----------------------------------------------------------------------
      6006        518         32          0         96       6032   Library Totals
        16          0          0          0          0          0   (incl. Padding)

    ----------------------------------------------------------------------

      Code (inc. data)   RO Data    RW Data    ZI Data      Debug   Library Name

      1706         96          0          0         96       2604   c_w.l
        86          0          0          0          0        236   cpprt_w.l
      2390        184          0          0          0       1784   fz_wm.l
      1808        238         32          0          0       1408   m_wm.l

    ----------------------------------------------------------------------
      6006        518         32          0         96       6032   Library Totals

    ----------------------------------------------------------------------

==============================================================================


      Code (inc. data)   RO Data    RW Data    ZI Data      Debug   

     45236       3348       1820        440      24792    1823443   Grand Totals
     45236       3348       1820         24      24792    1823443   ELF Image Totals (compressed)
     45236       3348       1820         24          0          0   ROM Totals

==============================================================================

    Total RO  Size (Code + RO Data)                47056 (  45.95kB)
    Total RW  Size (RW Data + ZI Data)             25232 (  24.64kB)
    Total ROM Size (Code + RO Data + RW Data)      47080 (  45.98kB)

==============================================================================

