Component: ARM Compiler 5.06 update 6 (build 750) Tool: armlink [4d35ed]

==============================================================================

Section Cross References

    startup_stm32f407xx.o(STACK) refers (Special) to heapauxi.o(.text) for __use_two_region_memory
    startup_stm32f407xx.o(HEAP) refers (Special) to heapauxi.o(.text) for __use_two_region_memory
    startup_stm32f407xx.o(RESET) refers (Special) to heapauxi.o(.text) for __use_two_region_memory
    startup_stm32f407xx.o(RESET) refers to startup_stm32f407xx.o(STACK) for __initial_sp
    startup_stm32f407xx.o(RESET) refers to startup_stm32f407xx.o(.text) for Reset_Handler
    startup_stm32f407xx.o(RESET) refers to stm32f4xx_it.o(i.NMI_Handler) for NMI_Handler
    startup_stm32f407xx.o(RESET) refers to stm32f4xx_it.o(i.HardFault_Handler) for HardFault_Handler
    startup_stm32f407xx.o(RESET) refers to stm32f4xx_it.o(i.MemManage_Handler) for MemManage_Handler
    startup_stm32f407xx.o(RESET) refers to stm32f4xx_it.o(i.BusFault_Handler) for BusFault_Handler
    startup_stm32f407xx.o(RESET) refers to stm32f4xx_it.o(i.UsageFault_Handler) for UsageFault_Handler
    startup_stm32f407xx.o(RESET) refers to port.o(.emb_text) for SVC_Handler
    startup_stm32f407xx.o(RESET) refers to stm32f4xx_it.o(i.DebugMon_Handler) for DebugMon_Handler
    startup_stm32f407xx.o(RESET) refers to cmsis_os2.o(i.SysTick_Handler) for SysTick_Handler
    startup_stm32f407xx.o(RESET) refers to stm32f4xx_it.o(i.DMA1_Stream1_IRQHandler) for DMA1_Stream1_IRQHandler
    startup_stm32f407xx.o(RESET) refers to stm32f4xx_it.o(i.DMA1_Stream2_IRQHandler) for DMA1_Stream2_IRQHandler
    startup_stm32f407xx.o(RESET) refers to stm32f4xx_it.o(i.DMA1_Stream3_IRQHandler) for DMA1_Stream3_IRQHandler
    startup_stm32f407xx.o(RESET) refers to stm32f4xx_it.o(i.DMA1_Stream4_IRQHandler) for DMA1_Stream4_IRQHandler
    startup_stm32f407xx.o(RESET) refers to stm32f4xx_it.o(i.DMA1_Stream5_IRQHandler) for DMA1_Stream5_IRQHandler
    startup_stm32f407xx.o(RESET) refers to stm32f4xx_it.o(i.DMA1_Stream6_IRQHandler) for DMA1_Stream6_IRQHandler
    startup_stm32f407xx.o(RESET) refers to stm32f4xx_it.o(i.CAN1_TX_IRQHandler) for CAN1_TX_IRQHandler
    startup_stm32f407xx.o(RESET) refers to stm32f4xx_it.o(i.CAN1_RX0_IRQHandler) for CAN1_RX0_IRQHandler
    startup_stm32f407xx.o(RESET) refers to stm32f4xx_it.o(i.EXTI9_5_IRQHandler) for EXTI9_5_IRQHandler
    startup_stm32f407xx.o(RESET) refers to stm32f4xx_it.o(i.TIM3_IRQHandler) for TIM3_IRQHandler
    startup_stm32f407xx.o(RESET) refers to stm32f4xx_it.o(i.TIM4_IRQHandler) for TIM4_IRQHandler
    startup_stm32f407xx.o(RESET) refers to stm32f4xx_it.o(i.USART1_IRQHandler) for USART1_IRQHandler
    startup_stm32f407xx.o(RESET) refers to stm32f4xx_it.o(i.USART2_IRQHandler) for USART2_IRQHandler
    startup_stm32f407xx.o(RESET) refers to stm32f4xx_it.o(i.USART3_IRQHandler) for USART3_IRQHandler
    startup_stm32f407xx.o(RESET) refers to stm32f4xx_it.o(i.UART4_IRQHandler) for UART4_IRQHandler
    startup_stm32f407xx.o(RESET) refers to stm32f4xx_it.o(i.DMA2_Stream1_IRQHandler) for DMA2_Stream1_IRQHandler
    startup_stm32f407xx.o(RESET) refers to stm32f4xx_it.o(i.DMA2_Stream2_IRQHandler) for DMA2_Stream2_IRQHandler
    startup_stm32f407xx.o(RESET) refers to stm32f4xx_it.o(i.CAN2_TX_IRQHandler) for CAN2_TX_IRQHandler
    startup_stm32f407xx.o(RESET) refers to stm32f4xx_it.o(i.CAN2_RX0_IRQHandler) for CAN2_RX0_IRQHandler
    startup_stm32f407xx.o(RESET) refers to stm32f4xx_it.o(i.DMA2_Stream6_IRQHandler) for DMA2_Stream6_IRQHandler
    startup_stm32f407xx.o(RESET) refers to stm32f4xx_it.o(i.DMA2_Stream7_IRQHandler) for DMA2_Stream7_IRQHandler
    startup_stm32f407xx.o(RESET) refers to stm32f4xx_it.o(i.USART6_IRQHandler) for USART6_IRQHandler
    startup_stm32f407xx.o(.text) refers (Special) to heapauxi.o(.text) for __use_two_region_memory
    startup_stm32f407xx.o(.text) refers to system_stm32f4xx.o(i.SystemInit) for SystemInit
    startup_stm32f407xx.o(.text) refers to __main.o(!!!main) for __main
    startup_stm32f407xx.o(.text) refers to startup_stm32f407xx.o(HEAP) for Heap_Mem
    startup_stm32f407xx.o(.text) refers to startup_stm32f407xx.o(STACK) for Stack_Mem
    main.o(i.HAL_TIM_PeriodElapsedCallback) refers to stm32f4xx_hal.o(i.HAL_IncTick) for HAL_IncTick
    main.o(i.HAL_TIM_PeriodElapsedCallback) refers to drive_tim.o(i.Update_SystemTick) for Update_SystemTick
    main.o(i.SystemClock_Config) refers to rt_memclr_w.o(.text) for __aeabi_memclr4
    main.o(i.SystemClock_Config) refers to stm32f4xx_hal_rcc.o(i.HAL_RCC_OscConfig) for HAL_RCC_OscConfig
    main.o(i.SystemClock_Config) refers to main.o(i.Error_Handler) for Error_Handler
    main.o(i.SystemClock_Config) refers to stm32f4xx_hal_rcc.o(i.HAL_RCC_ClockConfig) for HAL_RCC_ClockConfig
    main.o(i.main) refers to stm32f4xx_hal.o(i.HAL_Init) for HAL_Init
    main.o(i.main) refers to main.o(i.SystemClock_Config) for SystemClock_Config
[...]
    Send_ROS_Port                            0x2000012c   Data           4  data_pool.o(.data)
    Chassia_Port                             0x20000130   Data           4  data_pool.o(.data)
    Broadcast_Port                           0x20000134   Data           4  data_pool.o(.data)
    Receive_LaserModuleData_1_Port           0x20000138   Data           4  data_pool.o(.data)
    Receive_LaserModuleData_2_Port           0x2000013c   Data           4  data_pool.o(.data)
    Enable_LaserModule_Port                  0x20000140   Data           4  data_pool.o(.data)
    test_buff                                0x20000168   Data           8  chassis_task.o(.data)
    target_angle                             0x20000170   Data           4  chassis_task.o(.data)
    lock_angle                               0x20000174   Data           4  chassis_task.o(.data)
    target_speed                             0x20000178   Data           4  chassis_task.o(.data)
    HOOP_X                                   0x2000017c   Data           4  chassis_task.o(.data)
    HOOP_Y                                   0x20000180   Data           4  chassis_task.o(.data)
    pitch_level                              0x20000184   Data           4  chassis_task.o(.data)
    i                                        0x20000188   Data           4  chassis_task.o(.data)
    FrontLaserDistanceOffset_X               0x20000190   Data           2  laserpositioning_task.o(.data)
    FrontLaserDistanceOffset_Y               0x20000192   Data           2  laserpositioning_task.o(.data)
    RightLaserDistanceOffset_X               0x20000194   Data           2  laserpositioning_task.o(.data)
    RightLaserDistanceOffset_Y               0x20000196   Data           2  laserpositioning_task.o(.data)
    YawOffset                                0x20000198   Data           4  laserpositioning_task.o(.data)
    FrontLaserAngleOffset_OffsetDistance     0x2000019c   Data           2  laserpositioning_task.o(.data)
    RightLaserAngleOffset_OffsetDistance     0x2000019e   Data           2  laserpositioning_task.o(.data)
    WorldXYCoordinates                       0x200001a0   Data           8  laserpositioning_task.o(.data)
    Yaw                                      0x200001a8   Data           4  laserpositioning_task.o(.data)
    hcan1                                    0x200001ac   Data          40  can.o(.bss)
    hcan2                                    0x200001d4   Data          40  can.o(.bss)
    htim4                                    0x200001fc   Data          72  tim.o(.bss)
    htim10                                   0x20000244   Data          72  tim.o(.bss)
    huart4                                   0x2000028c   Data          68  usart.o(.bss)
    huart1                                   0x200002d0   Data          68  usart.o(.bss)
    huart2                                   0x20000314   Data          68  usart.o(.bss)
    huart3                                   0x20000358   Data          68  usart.o(.bss)
    huart6                                   0x2000039c   Data          68  usart.o(.bss)
    hdma_uart4_rx                            0x200003e0   Data          96  usart.o(.bss)
    hdma_uart4_tx                            0x20000440   Data          96  usart.o(.bss)
    hdma_usart1_tx                           0x200004a0   Data          96  usart.o(.bss)
    hdma_usart1_rx                           0x20000500   Data          96  usart.o(.bss)
    hdma_usart2_rx                           0x20000560   Data          96  usart.o(.bss)
    hdma_usart2_tx                           0x200005c0   Data          96  usart.o(.bss)
    hdma_usart3_rx                           0x20000620   Data          96  usart.o(.bss)
    hdma_usart3_tx                           0x20000680   Data          96  usart.o(.bss)
    hdma_usart6_rx                           0x200006e0   Data          96  usart.o(.bss)
    hdma_usart6_tx                           0x20000740   Data          96  usart.o(.bss)
    htim3                                    0x200007a0   Data          72  stm32f4xx_hal_timebase_tim.o(.bss)
    xQueueRegistry                           0x200007e8   Data          64  queue.o(.bss)
    usart1_manager                           0x20005124   Data          16  drive_uart.o(.bss)
    usart2_manager                           0x20005134   Data          16  drive_uart.o(.bss)
    usart3_manager                           0x20005144   Data          16  drive_uart.o(.bss)
    usart4_manager                           0x20005154   Data          16  drive_uart.o(.bss)
    usart6_manager                           0x20005164   Data          16  drive_uart.o(.bss)
    Sendbuf                                  0x20005174   Data         100  drive_uart.o(.bss)
    air_joy                                  0x200051d8   Data          60  air_joy.o(.bss)
    RawPosData                               0x20005214   Data          44  position.o(.bss)
    RealPosData                              0x20005240   Data          12  position.o(.bss)
    posture                                  0x2000524c   Data          20  position.o(.bss)
    Uart3_Rx_Buff_for_action                 0x20005260   Data          35  data_pool.o(.bss)
    Uart3_Rx_Buff_for_position               0x20005283   Data          35  data_pool.o(.bss)
    Uart6_Rx_Buff                            0x200052a6   Data          15  data_pool.o(.bss)
    Uart4_Rx_Buff                            0x200052b5   Data          15  data_pool.o(.bss)
    M3508                                    0x200052c4   Data          44  user_debug.o(.bss)
    MD4219                                   0x200052f0   Data          56  user_debug.o(.bss)
    DM43                                     0x20005328   Data          88  user_debug.o(.bss)
    yaw_pid                                  0x200053b0   Data         104  chassis_task.o(.bss)
    point_X_pid                              0x20005418   Data         104  chassis_task.o(.bss)
    point_Y_pid                              0x20005480   Data         104  chassis_task.o(.bss)
    chassis                                  0x200054e8   Data         808  chassis_task.o(.bss)
    launch                                   0x20005810   Data        1084  chassis_task.o(.bss)
    ctrl                                     0x20005c4c   Data          44  chassis_task.o(.bss)
    SHOOT                                    0x20005c78   Data          44  chassis_task.o(.bss)
    shoot_info                               0x20005ca4   Data          12  chassis_task.o(.bss)
    __libspace_start                         0x20005ce8   Data          96  libspace.o(.bss)
    __temporary_stack_top$libspace           0x20005d48   Data           0  libspace.o(.bss)



==============================================================================

Memory Map of the image

  Image Entry point : 0x08000189

  Load Region LR_IROM1 (Base: 0x08000000, Size: 0x0000e180, Max: 0x00100000, ABSOLUTE, COMPRESSED[0x0000e008])

    Execution Region ER_IROM1 (Exec base: 0x08000000, Load base: 0x08000000, Size: 0x0000dfd4, Max: 0x00100000, ABSOLUTE)

    Exec Addr    Load Addr    Size         Type   Attr      Idx    E Section Name        Object

    0x08000000   0x08000000   0x00000188   Data   RO            3    RESET               startup_stm32f407xx.o
    0x08000188   0x08000188   0x00000008   Code   RO         8702  * !!!main             c_w.l(__main.o)
    0x08000190   0x08000190   0x00000034   Code   RO         9456    !!!scatter          c_w.l(__scatter.o)
    0x080001c4   0x080001c4   0x0000003a   Code   RO         9454    !!dczerorl          c_w.l(__dczerorl.o)
    0x080001fe   0x080001fe   0x00000002   PAD
    0x08000200   0x08000200   0x0000001c   Code   RO         9458    !!handler_zi        c_w.l(__scatter_zi.o)
    0x0800021c   0x0800021c   0x00000000   Code   RO         9073    .ARM.Collect$$_printf_percent$$00000000  c_w.l(_printf_percent.o)
    0x0800021c   0x0800021c   0x00000006   Code   RO         9062    .ARM.Collect$$_printf_percent$$00000001  c_w.l(_printf_n.o)
    0x08000222   0x08000222   0x00000006   Code   RO         9064    .ARM.Collect$$_printf_percent$$00000002  c_w.l(_printf_p.o)
    0x08000228   0x08000228   0x00000006   Code   RO         9069    .ARM.Collect$$_printf_percent$$00000003  c_w.l(_printf_f.o)
    0x0800022e   0x0800022e   0x00000006   Code   RO         9070    .ARM.Collect$$_printf_percent$$00000004  c_w.l(_printf_e.o)
    0x08000234   0x08000234   0x00000006   Code   RO         9071    .ARM.Collect$$_printf_percent$$00000005  c_w.l(_printf_g.o)
    0x0800023a   0x0800023a   0x00000006   Code   RO         9072    .ARM.Collect$$_printf_percent$$00000006  c_w.l(_printf_a.o)
    0x08000240   0x08000240   0x0000000a   Code   RO         9077    .ARM.Collect$$_printf_percent$$00000007  c_w.l(_printf_ll.o)
    0x0800024a   0x0800024a   0x00000006   Code   RO         9066    .ARM.Collect$$_printf_percent$$00000008  c_w.l(_printf_i.o)
    0x08000250   0x08000250   0x00000006   Code   RO         9067    .ARM.Collect$$_printf_percent$$00000009  c_w.l(_printf_d.o)
    0x08000256   0x08000256   0x00000006   Code   RO         9068    .ARM.Collect$$_printf_percent$$0000000A  c_w.l(_printf_u.o)
    0x0800025c   0x0800025c   0x00000006   Code   RO         9065    .ARM.Collect$$_printf_percent$$0000000B  c_w.l(_printf_o.o)
    0x08000262   0x08000262   0x00000006   Code   RO         9063    .ARM.Collect$$_printf_percent$$0000000C  c_w.l(_printf_x.o)
    0x08000268   0x08000268   0x00000006   Code   RO         9074    .ARM.Collect$$_printf_percent$$0000000D  c_w.l(_printf_lli.o)
    0x0800026e   0x0800026e   0x00000006   Code   RO         9075    .ARM.Collect$$_printf_percent$$0000000E  c_w.l(_printf_lld.o)
    0x08000274   0x08000274   0x00000006   Code   RO         9076    .ARM.Collect$$_printf_percent$$0000000F  c_w.l(_printf_llu.o)
    0x0800027a   0x0800027a   0x00000006   Code   RO         9081    .ARM.Collect$$_printf_percent$$00000010  c_w.l(_printf_llo.o)
    0x08000280   0x08000280   0x00000006   Code   RO         9082    .ARM.Collect$$_printf_percent$$00000011  c_w.l(_printf_llx.o)
    0x08000286   0x08000286   0x0000000a   Code   RO         9078    .ARM.Collect$$_printf_percent$$00000012  c_w.l(_printf_l.o)
    0x08000290   0x08000290   0x00000006   Code   RO         9060    .ARM.Collect$$_printf_percent$$00000013  c_w.l(_printf_c.o)
    0x08000296   0x08000296   0x00000006   Code   RO         9061    .ARM.Collect$$_printf_percent$$00000014  c_w.l(_printf_s.o)
    0x0800029c   0x0800029c   0x00000006   Code   RO         9079    .ARM.Collect$$_printf_percent$$00000015  c_w.l(_printf_lc.o)
    0x080002a2   0x080002a2   0x00000006   Code   RO         9080    .ARM.Collect$$_printf_percent$$00000016  c_w.l(_printf_ls.o)
    0x080002a8   0x080002a8   0x00000004   Code   RO         9258    .ARM.Collect$$_printf_percent$$00000017  c_w.l(_printf_percent_end.o)
    0x080002ac   0x080002ac   0x00000002   Code   RO         9387    .ARM.Collect$$libinit$$00000000  c_w.l(libinit.o)
    0x080002ae   0x080002ae   0x00000004   Code   RO         9092    .ARM.Collect$$libinit$$00000001  c_w.l(libinit2.o)
    0x080002b2   0x080002b2   0x00000000   Code   RO         9095    .ARM.Collect$$libinit$$00000004  c_w.l(libinit2.o)
    0x080002b2   0x080002b2   0x00000008   Code   RO         9096    .ARM.Collect$$libinit$$00000005  c_w.l(libinit2.o)
    0x080002ba   0x080002ba   0x00000000   Code   RO         9098    .ARM.Collect$$libinit$$0000000A  c_w.l(libinit2.o)
    0x080002ba   0x080002ba   0x00000000   Code   RO         9100    .ARM.Collect$$libinit$$0000000C  c_w.l(libinit2.o)
    0x080002ba   0x080002ba   0x00000000   Code   RO         9102    .ARM.Collect$$libinit$$0000000E  c_w.l(libinit2.o)
    0x080002ba   0x080002ba   0x00000006   Code   RO         9103    .ARM.Collect$$libinit$$0000000F  c_w.l(libinit2.o)
    0x080002c0   0x080002c0   0x00000000   Code   RO         9105    .ARM.Collect$$libinit$$00000011  c_w.l(libinit2.o)
    0x080002c0   0x080002c0   0x0000000c   Code   RO         9106    .ARM.Collect$$libinit$$00000012  c_w.l(libinit2.o)
    0x080002cc   0x080002cc   0x00000000   Code   RO         9107    .ARM.Collect$$libinit$$00000013  c_w.l(libinit2.o)
    0x080002cc   0x080002cc   0x00000000   Code   RO         9109    .ARM.Collect$$libinit$$00000015  c_w.l(libinit2.o)
    0x080002cc   0x080002cc   0x0000000a   Code   RO         9110    .ARM.Collect$$libinit$$00000016  c_w.l(libinit2.o)
    0x080002d6   0x080002d6   0x00000000   Code   RO         9111    .ARM.Collect$$libinit$$00000017  c_w.l(libinit2.o)
    0x080002d6   0x080002d6   0x00000000   Code   RO         9113    .ARM.Collect$$libinit$$00000019  c_w.l(libinit2.o)
    0x080002d6   0x080002d6   0x00000000   Code   RO         9115    .ARM.Collect$$libinit$$0000001B  c_w.l(libinit2.o)
    0x080002d6   0x080002d6   0x00000000   Code   RO         9117    .ARM.Collect$$libinit$$0000001D  c_w.l(libinit2.o)
    0x080002d6   0x080002d6   0x00000000   Code   RO         9119    .ARM.Collect$$libinit$$0000001F  c_w.l(libinit2.o)
    0x080002d6   0x080002d6   0x00000000   Code   RO         9121    .ARM.Collect$$libinit$$00000021  c_w.l(libinit2.o)
    0x080002d6   0x080002d6   0x00000000   Code   RO         9123    .ARM.Collect$$libinit$$00000023  c_w.l(libinit2.o)
    0x080002d6   0x080002d6   0x00000000   Code   RO         9125    .ARM.Collect$$libinit$$00000025  c_w.l(libinit2.o)
    0x080002d6   0x080002d6   0x00000000   Code   RO         9129    .ARM.Collect$$libinit$$0000002C  c_w.l(libinit2.o)
    0x080002d6   0x080002d6   0x00000000   Code   RO         9131    .ARM.Collect$$libinit$$0000002E  c_w.l(libinit2.o)
    0x080002d6   0x080002d6   0x00000000   Code   RO         9133    .ARM.Collect$$libinit$$00000030  c_w.l(libinit2.o)
    0x080002d6   0x080002d6   0x00000004   Code   RO         9134    .ARM.Collect$$libinit$$00000031  c_w.l(libinit2.o)
    0x080002da   0x080002da   0x00000000   Code   RO         9135    .ARM.Collect$$libinit$$00000032  c_w.l(libinit2.o)
    0x080002da   0x080002da   0x00000002   Code   RO         9136    .ARM.Collect$$libinit$$00000033  c_w.l(libinit2.o)
    0x080002dc   0x080002dc   0x00000002   Code   RO         9451    .ARM.Collect$$libshutdown$$00000000  c_w.l(libshutdown.o)
    0x080002de   0x080002de   0x00000006   Code   RO         9269    .ARM.Collect$$libshutdown$$00000001  c_w.l(libshutdown2.o)
    0x080002e4   0x080002e4   0x00000000   Code   RO         9270    .ARM.Collect$$libshutdown$$00000002  c_w.l(libshutdown2.o)
    0x080002e4   0x080002e4   0x00000000   Code   RO         9272    .ARM.Collect$$libshutdown$$00000004  c_w.l(libshutdown2.o)
    0x080002e4   0x080002e4   0x00000000   Code   RO         9275    .ARM.Collect$$libshutdown$$00000007  c_w.l(libshutdown2.o)
    0x080002e4   0x080002e4   0x00000000   Code   RO         9278    .ARM.Collect$$libshutdown$$0000000A  c_w.l(libshutdown2.o)
    0x080002e4   0x080002e4   0x00000000   Code   RO         9280    .ARM.Collect$$libshutdown$$0000000C  c_w.l(libshutdown2.o)
    0x080002e4   0x080002e4   0x00000000   Code   RO         9283    .ARM.Collect$$libshutdown$$0000000F  c_w.l(libshutdown2.o)
    0x080002e4   0x080002e4   0x00000002   Code   RO         9284    .ARM.Collect$$libshutdown$$00000010  c_w.l(libshutdown2.o)
    0x080002e6   0x080002e6   0x00000000   Code   RO         8916    .ARM.Collect$$rtentry$$00000000  c_w.l(__rtentry.o)
    0x080002e6   0x080002e6   0x00000000   Code   RO         9195    .ARM.Collect$$rtentry$$00000002  c_w.l(__rtentry2.o)
    0x080002e6   0x080002e6   0x00000006   Code   RO         9207    .ARM.Collect$$rtentry$$00000004  c_w.l(__rtentry4.o)
    0x080002ec   0x080002ec   0x00000000   Code   RO         9197    .ARM.Collect$$rtentry$$00000009  c_w.l(__rtentry2.o)
    0x080002ec   0x080002ec   0x00000004   Code   RO         9198    .ARM.Collect$$rtentry$$0000000A  c_w.l(__rtentry2.o)
    0x080002f0   0x080002f0   0x00000000   Code   RO         9200    .ARM.Collect$$rtentry$$0000000C  c_w.l(__rtentry2.o)
    0x080002f0   0x080002f0   0x00000008   Code   RO         9201    .ARM.Collect$$rtentry$$0000000D  c_w.l(__rtentry2.o)
    0x080002f8   0x080002f8   0x00000002   Code   RO         9407    .ARM.Collect$$rtexit$$00000000  c_w.l(rtexit.o)
    0x080002fa   0x080002fa   0x00000000   Code   RO         9427    .ARM.Collect$$rtexit$$00000002  c_w.l(rtexit2.o)
    0x080002fa   0x080002fa   0x00000004   Code   RO         9428    .ARM.Collect$$rtexit$$00000003  c_w.l(rtexit2.o)
    0x080002fe   0x080002fe   0x00000006   Code   RO         9429    .ARM.Collect$$rtexit$$00000004  c_w.l(rtexit2.o)
    0x08000304   0x08000304   0x000000be   Code   RO         5430    .emb_text           port.o
    0x080003c2   0x080003c2   0x00000002   PAD
    0x080003c4   0x080003c4   0x00000000   Code   RO         9323    .emb_text           c_w.l(maybetermalloc1.o)
    0x080003c4   0x080003c4   0x00000040   Code   RO            4    .text               startup_stm32f407xx.o
    0x08000404   0x08000404   0x000000ee   Code   RO         8676    .text               c_w.l(lludivv7m.o)
    0x080004f2   0x080004f2   0x00000002   PAD
    0x080004f4   0x080004f4   0x00000034   Code   RO         8678    .text               c_w.l(vsnprintf.o)
    0x08000528   0x08000528   0x0000002e   Code   RO         8683    .text               c_w.l(aeabi_atexit.o)
    0x08000556   0x08000556   0x0000003e   Code   RO         8686    .text               c_w.l(strlen.o)
    0x08000594   0x08000594   0x0000008a   Code   RO         8688    .text               c_w.l(rt_memcpy_v6.o)
    0x0800061e   0x0800061e   0x00000064   Code   RO         8690    .text               c_w.l(rt_memcpy_w.o)
    0x08000682   0x08000682   0x00000010   Code   RO         8694    .text               c_w.l(aeabi_memset.o)
    0x08000692   0x08000692   0x0000004e   Code   RO         8696    .text               c_w.l(rt_memclr_w.o)
    0x080006e0   0x080006e0   0x00000080   Code   RO         8698    .text               c_w.l(strcmpv7m.o)
    0x08000760   0x08000760   0x00000006   Code   RO         8700    .text               c_w.l(heapauxi.o)
    0x08000766   0x08000766   0x00000002   PAD
    0x08000768   0x08000768   0x00000024   Code   RO         8707    .text               c_w.l(init_aeabi.o)
    0x0800078c   0x0800078c   0x00000022   Code   RO         8828    .text               cpprt_w.l(aeabi_vec_dtor_noexceptions.o)
    0x080007ae   0x080007ae   0x00000002   PAD
    0x080007b0   0x080007b0   0x00000008   Code   RO         8924    .text               c_w.l(rt_ddtor_pointer_addr_intlibspace.o)
    0x080007b8   0x080007b8   0x0000005e   Code   RO         8930    .text               c_w.l(h1_alloc.o)
    0x08000816   0x08000816   0x0000004e   Code   RO         8932    .text               c_w.l(h1_free.o)
    0x08000864   0x08000864   0x00000016   Code   RO         8988    .text               c_w.l(_rserrno.o)
    0x0800087a   0x0800087a   0x0000004e   Code   RO         8992    .text               c_w.l(_printf_pad.o)
    0x080008c8   0x080008c8   0x00000024   Code   RO         8994    .text               c_w.l(_printf_truncate.o)
    0x080008ec   0x080008ec   0x00000052   Code   RO         8996    .text               c_w.l(_printf_str.o)
    0x0800093e   0x0800093e   0x00000002   PAD
    0x08000940   0x08000940   0x00000078   Code   RO         8998    .text               c_w.l(_printf_dec.o)
    0x080009b8   0x080009b8   0x00000028   Code   RO         9000    .text               c_w.l(_printf_charcount.o)
    0x080009e0   0x080009e0   0x00000030   Code   RO         9002    .text               c_w.l(_printf_char_common.o)
    0x08000a10   0x08000a10   0x0000000a   Code   RO         9004    .text               c_w.l(_sputc.o)
    0x08000a1a   0x08000a1a   0x00000010   Code   RO         9006    .text               c_w.l(_snputc.o)
    0x08000a2a   0x08000a2a   0x00000002   PAD
    0x08000a2c   0x08000a2c   0x000000bc   Code   RO         9008    .text               c_w.l(_printf_wctomb.o)
    0x08000ae8   0x08000ae8   0x0000007c   Code   RO         9011    .text               c_w.l(_printf_longlong_dec.o)
    0x08000b64   0x08000b64   0x00000070   Code   RO         9017    .text               c_w.l(_printf_oct_int_ll.o)
    0x08000bd4   0x08000bd4   0x00000094   Code   RO         9037    .text               c_w.l(_printf_hex_int_ll_ptr.o)
    0x08000c68   0x08000c68   0x00000188   Code   RO         9057    .text               c_w.l(__printf_flags_ss_wp.o)
    0x08000df0   0x08000df0   0x00000042   Code   RO         9083    .text               c_w.l(cxa_finalize.o)
    0x08000e32   0x08000e32   0x00000044   Code   RO         9090    .text               c_w.l(rt_memclr.o)
    0x08000e76   0x08000e76   0x00000002   PAD
    0x08000e78   0x08000e78   0x00000008   Code   RO         9189    .text               c_w.l(libspace.o)
    0x08000e80   0x08000e80   0x00000008   Code   RO         9216    .text               c_w.l(rt_heap_descriptor_intlibspace.o)
    0x08000e88   0x08000e88   0x00000008   Code   RO         9221    .text               c_w.l(rt_errno_addr_intlibspace.o)
    0x08000e90   0x08000e90   0x00000004   Code   RO         9223    .text               c_w.l(hguard.o)
    0x08000e94   0x08000e94   0x0000008a   Code   RO         9225    .text               c_w.l(init_alloc.o)
    0x08000f1e   0x08000f1e   0x0000000e   Code   RO         9229    .text               c_w.l(h1_init.o)
    0x08000f2c   0x08000f2c   0x0000008a   Code   RO         9243    .text               c_w.l(lludiv10.o)
    0x08000fb6   0x08000fb6   0x000000b2   Code   RO         9245    .text               c_w.l(_printf_intcommon.o)
    0x08001068   0x08001068   0x0000041e   Code   RO         9247    .text               c_w.l(_printf_fp_dec.o)
    0x08001486   0x08001486   0x00000002   PAD
    0x08001488   0x08001488   0x000002fc   Code   RO         9249    .text               c_w.l(_printf_fp_hex.o)
    0x08001784   0x08001784   0x0000002c   Code   RO         9254    .text               c_w.l(_printf_char.o)
    0x080017b0   0x080017b0   0x0000002c   Code   RO         9256    .text               c_w.l(_printf_wchar.o)
    0x080017dc   0x080017dc   0x00000040   Code   RO         9259    .text               c_w.l(_wcrtomb.o)
    0x0800181c   0x0800181c   0x0000000a   Code   RO         9261    .text               c_w.l(defsig_exit.o)
    0x08001826   0x08001826   0x00000002   PAD
    0x08001828   0x08001828   0x0000000c   Code   RO         9305    .text               c_w.l(sys_exit.o)
    0x08001834   0x08001834   0x0000004a   Code   RO         9307    .text               c_w.l(sys_stackheap_outer.o)
    0x0800187e   0x0800187e   0x00000002   PAD
    0x08001880   0x08001880   0x00000010   Code   RO         9309    .text               c_w.l(rt_ctype_table.o)
    0x08001890   0x08001890   0x00000008   Code   RO         9314    .text               c_w.l(rt_locale_intlibspace.o)
    0x08001898   0x08001898   0x00000034   Code   RO         9325    .text               c_w.l(h1_extend.o)
    0x080018cc   0x080018cc   0x00000080   Code   RO         9329    .text               c_w.l(_printf_fp_infnan.o)
    0x0800194c   0x0800194c   0x000000e4   Code   RO         9331    .text               c_w.l(bigflt0.o)
    0x08001a30   0x08001a30   0x00000012   Code   RO         9359    .text               c_w.l(exit.o)
    0x08001a42   0x08001a42   0x00000032   Code   RO         9365    .text               c_w.l(defsig_general.o)
    0x08001a74   0x08001a74   0x0000000e   Code   RO         9371    .text               c_w.l(defsig_rtmem_outer.o)
    0x08001a82   0x08001a82   0x0000000e   Code   RO         9402    .text               c_w.l(sys_wrch.o)
    0x08001a90   0x08001a90   0x00000002   Code   RO         9404    .text               c_w.l(use_no_semi.o)
    0x08001a92   0x08001a92   0x00000000   Code   RO         9406    .text               c_w.l(indicate_semi.o)
    0x08001a92   0x08001a92   0x00000002   PAD
    0x08001a94   0x08001a94   0x00000050   Code   RO         9422    .text               c_w.l(defsig_rtmem_inner.o)
    0x08001ae4   0x08001ae4   0x0000003e   Code   RO         9334    CL$$btod_d2e        c_w.l(btod.o)
    0x08001b22   0x08001b22   0x00000046   Code   RO         9336    CL$$btod_d2e_denorm_low  c_w.l(btod.o)
    0x08001b68   0x08001b68   0x00000060   Code   RO         9335    CL$$btod_d2e_norm_op1  c_w.l(btod.o)
    0x08001bc8   0x08001bc8   0x00000338   Code   RO         9344    CL$$btod_div_common  c_w.l(btod.o)
    0x08001f00   0x08001f00   0x000000dc   Code   RO         9341    CL$$btod_e2e        c_w.l(btod.o)
    0x08001fdc   0x08001fdc   0x0000002a   Code   RO         9338    CL$$btod_ediv       c_w.l(btod.o)
    0x08002006   0x08002006   0x0000002a   Code   RO         9337    CL$$btod_emul       c_w.l(btod.o)
    0x08002030   0x08002030   0x00000244   Code   RO         9343    CL$$btod_mult_common  c_w.l(btod.o)
    0x08002274   0x08002274   0x000003ec   Code   RO         8256    i.Air_Joy_Task      fsm_joy.o
    0x08002660   0x08002660   0x00000020   Code   RO         7967    i.App_Init          service_config.o
    0x08002680   0x08002680   0x00000004   Code   RO          636    i.BusFault_Handler  stm32f4xx_it.o
    0x08002684   0x08002684   0x00000010   Code   RO          637    i.CAN1_RX0_IRQHandler  stm32f4xx_it.o
    0x08002694   0x08002694   0x0000007c   Code   RO         7845    i.CAN1_RxCallBack   service_communication.o
    0x08002710   0x08002710   0x00000040   Code   RO         7846    i.CAN1_Send_Task    service_communication.o
    0x08002750   0x08002750   0x00000010   Code   RO          638    i.CAN1_TX_IRQHandler  stm32f4xx_it.o
    0x08002760   0x08002760   0x00000010   Code   RO          639    i.CAN2_RX0_IRQHandler  stm32f4xx_it.o
    0x08002770   0x08002770   0x0000002c   Code   RO         7847    i.CAN2_RxCallBack   service_communication.o
    0x0800279c   0x0800279c   0x00000040   Code   RO         7848    i.CAN2_Send_Task    service_communication.o
    0x080027dc   0x080027dc   0x00000010   Code   RO          640    i.CAN2_TX_IRQHandler  stm32f4xx_it.o
    0x080027ec   0x080027ec   0x00000074   Code   RO         5510    i.CAN_Filter_Init   drive_can.o
    0x08002860   0x08002860   0x00000070   Code   RO         5511    i.CAN_Init          drive_can.o
    0x080028d0   0x080028d0   0x00000490   Code   RO         8333    i.Chassis_Task      chassis_task.o
    0x08002d60   0x08002d60   0x00000010   Code   RO          641    i.DMA1_Stream1_IRQHandler  stm32f4xx_it.o
    0x08002d70   0x08002d70   0x00000010   Code   RO          642    i.DMA1_Stream2_IRQHandler  stm32f4xx_it.o
    0x08002d80   0x08002d80   0x00000010   Code   RO          643    i.DMA1_Stream3_IRQHandler  stm32f4xx_it.o
    0x08002d90   0x08002d90   0x00000010   Code   RO          644    i.DMA1_Stream4_IRQHandler  stm32f4xx_it.o
    0x08002da0   0x08002da0   0x00000010   Code   RO          645    i.DMA1_Stream5_IRQHandler  stm32f4xx_it.o
    0x08002db0   0x08002db0   0x00000010   Code   RO          646    i.DMA1_Stream6_IRQHandler  stm32f4xx_it.o
    0x08002dc0   0x08002dc0   0x00000010   Code   RO          647    i.DMA2_Stream1_IRQHandler  stm32f4xx_it.o
    0x08002dd0   0x08002dd0   0x00000010   Code   RO          648    i.DMA2_Stream2_IRQHandler  stm32f4xx_it.o
    0x08002de0   0x08002de0   0x00000010   Code   RO          649    i.DMA2_Stream6_IRQHandler  stm32f4xx_it.o
    0x08002df0   0x08002df0   0x00000010   Code   RO          650    i.DMA2_Stream7_IRQHandler  stm32f4xx_it.o
    0x08002e00   0x08002e00   0x00000034   Code   RO         1635    i.DMA_CalcBaseAndBitshift  stm32f4xx_hal_dma.o
    0x08002e34   0x08002e34   0x000000aa   Code   RO         1636    i.DMA_CheckFifoParam  stm32f4xx_hal_dma.o
    0x08002ede   0x08002ede   0x0000002c   Code   RO         1637    i.DMA_SetConfig     stm32f4xx_hal_dma.o
    0x08002f0a   0x08002f0a   0x00000002   PAD
    0x08002f0c   0x08002f0c   0x000000b8   Code   RO         7774    i.DataPool_Init     data_pool.o
    0x08002fc4   0x08002fc4   0x00000002   Code   RO          651    i.DebugMon_Handler  stm32f4xx_it.o
    0x08002fc6   0x08002fc6   0x0000000a   Code   RO          652    i.EXTI9_5_IRQHandler  stm32f4xx_it.o
    0x08002fd0   0x08002fd0   0x00000006   Code   RO           13    i.Error_Handler     main.o
    0x08002fd6   0x08002fd6   0x00000004   Code   RO         5710    i.Error_Handler     drive_tim.o
    0x08002fda   0x08002fda   0x00000002   PAD
    0x08002fdc   0x08002fdc   0x00000028   Code   RO         8532    i.GetPositionYaw    laserpositioning_task.o
    0x08003004   0x08003004   0x0000001c   Code   RO         5711    i.Get_SystemTimer   drive_tim.o
    0x08003020   0x08003020   0x0000002a   Code   RO          898    i.HAL_CAN_ActivateNotification  stm32f4xx_hal_can.o
    0x0800304a   0x0800304a   0x00000156   Code   RO          899    i.HAL_CAN_AddTxMessage  stm32f4xx_hal_can.o
    0x080031a0   0x080031a0   0x00000124   Code   RO          900    i.HAL_CAN_ConfigFilter  stm32f4xx_hal_can.o
    0x080032c4   0x080032c4   0x00000002   Code   RO          903    i.HAL_CAN_ErrorCallback  stm32f4xx_hal_can.o
    0x080032c6   0x080032c6   0x0000017a   Code   RO          906    i.HAL_CAN_GetRxMessage  stm32f4xx_hal_can.o
    0x08003440   0x08003440   0x00000036   Code   RO          908    i.HAL_CAN_GetTxMailboxesFreeLevel  stm32f4xx_hal_can.o
    0x08003476   0x08003476   0x0000024e   Code   RO          910    i.HAL_CAN_IRQHandler  stm32f4xx_hal_can.o
    0x080036c4   0x080036c4   0x00000174   Code   RO          911    i.HAL_CAN_Init      stm32f4xx_hal_can.o
    0x08003838   0x08003838   0x00000184   Code   RO          441    i.HAL_CAN_MspInit   can.o
    0x080039bc   0x080039bc   0x00000002   Code   RO          918    i.HAL_CAN_RxFifo0FullCallback  stm32f4xx_hal_can.o
    0x080039be   0x080039be   0x00000002   PAD
    0x080039c0   0x080039c0   0x00000058   Code   RO         5512    i.HAL_CAN_RxFifo0MsgPendingCallback  drive_can.o
    0x08003a18   0x08003a18   0x00000002   Code   RO          920    i.HAL_CAN_RxFifo1FullCallback  stm32f4xx_hal_can.o
    0x08003a1a   0x08003a1a   0x00000002   PAD
    0x08003a1c   0x08003a1c   0x00000058   Code   RO         5513    i.HAL_CAN_RxFifo1MsgPendingCallback  drive_can.o
    0x08003a74   0x08003a74   0x00000002   Code   RO          922    i.HAL_CAN_SleepCallback  stm32f4xx_hal_can.o
    0x08003a76   0x08003a76   0x0000005e   Code   RO          923    i.HAL_CAN_Start     stm32f4xx_hal_can.o
    0x08003ad4   0x08003ad4   0x00000002   Code   RO          925    i.HAL_CAN_TxMailbox0AbortCallback  stm32f4xx_hal_can.o
    0x08003ad6   0x08003ad6   0x00000002   Code   RO          926    i.HAL_CAN_TxMailbox0CompleteCallback  stm32f4xx_hal_can.o
    0x08003ad8   0x08003ad8   0x00000002   Code   RO          927    i.HAL_CAN_TxMailbox1AbortCallback  stm32f4xx_hal_can.o
    0x08003ada   0x08003ada   0x00000002   Code   RO          928    i.HAL_CAN_TxMailbox1CompleteCallback  stm32f4xx_hal_can.o
    0x08003adc   0x08003adc   0x00000002   Code   RO          929    i.HAL_CAN_TxMailbox2AbortCallback  stm32f4xx_hal_can.o
    0x08003ade   0x08003ade   0x00000002   Code   RO          930    i.HAL_CAN_TxMailbox2CompleteCallback  stm32f4xx_hal_can.o
    0x08003ae0   0x08003ae0   0x00000002   Code   RO          932    i.HAL_CAN_WakeUpFromRxMsgCallback  stm32f4xx_hal_can.o
    0x08003ae2   0x08003ae2   0x000000ac   Code   RO         1638    i.HAL_DMA_Abort     stm32f4xx_hal_dma.o
    0x08003b8e   0x08003b8e   0x00000028   Code   RO         1639    i.HAL_DMA_Abort_IT  stm32f4xx_hal_dma.o
    0x08003bb6   0x08003bb6   0x00000002   PAD
    0x08003bb8   0x08003bb8   0x00000240   Code   RO         1643    i.HAL_DMA_IRQHandler  stm32f4xx_hal_dma.o
    0x08003df8   0x08003df8   0x000000ec   Code   RO         1644    i.HAL_DMA_Init      stm32f4xx_hal_dma.o
    0x08003ee4   0x08003ee4   0x00000092   Code   RO         1648    i.HAL_DMA_Start_IT  stm32f4xx_hal_dma.o
    0x08003f76   0x08003f76   0x00000002   PAD
    0x08003f78   0x08003f78   0x00000014   Code   RO         6306    i.HAL_GPIO_EXTI_Callback  air_joy.o
    0x08003f8c   0x08003f8c   0x0000001c   Code   RO         1530    i.HAL_GPIO_EXTI_IRQHandler  stm32f4xx_hal_gpio.o
    0x08003fa8   0x08003fa8   0x000001f4   Code   RO         1531    i.HAL_GPIO_Init     stm32f4xx_hal_gpio.o
    0x0800419c   0x0800419c   0x0000000c   Code   RO         2068    i.HAL_GetTick       stm32f4xx_hal.o
    0x080041a8   0x080041a8   0x00000018   Code   RO         2074    i.HAL_IncTick       stm32f4xx_hal.o
    0x080041c0   0x080041c0   0x0000003c   Code   RO         2075    i.HAL_Init          stm32f4xx_hal.o
    0x080041fc   0x080041fc   0x000000b4   Code   RO          858    i.HAL_InitTick      stm32f4xx_hal_timebase_tim.o
    0x080042b0   0x080042b0   0x00000054   Code   RO          834    i.HAL_MspInit       stm32f4xx_hal_msp.o
    0x08004304   0x08004304   0x00000020   Code   RO         1920    i.HAL_NVIC_EnableIRQ  stm32f4xx_hal_cortex.o
    0x08004324   0x08004324   0x0000007c   Code   RO         1926    i.HAL_NVIC_SetPriority  stm32f4xx_hal_cortex.o
    0x080043a0   0x080043a0   0x00000028   Code   RO         1927    i.HAL_NVIC_SetPriorityGrouping  stm32f4xx_hal_cortex.o
    0x080043c8   0x080043c8   0x00000184   Code   RO         1132    i.HAL_RCC_ClockConfig  stm32f4xx_hal_rcc.o
    0x0800454c   0x0800454c   0x00000044   Code   RO         1136    i.HAL_RCC_GetClockConfig  stm32f4xx_hal_rcc.o
    0x08004590   0x08004590   0x0000000c   Code   RO         1137    i.HAL_RCC_GetHCLKFreq  stm32f4xx_hal_rcc.o
    0x0800459c   0x0800459c   0x00000020   Code   RO         1139    i.HAL_RCC_GetPCLK1Freq  stm32f4xx_hal_rcc.o
    0x080045bc   0x080045bc   0x00000020   Code   RO         1140    i.HAL_RCC_GetPCLK2Freq  stm32f4xx_hal_rcc.o
    0x080045dc   0x080045dc   0x000000b0   Code   RO         1141    i.HAL_RCC_GetSysClockFreq  stm32f4xx_hal_rcc.o
    0x0800468c   0x0800468c   0x0000049c   Code   RO         1144    i.HAL_RCC_OscConfig  stm32f4xx_hal_rcc.o
    0x08004b28   0x08004b28   0x00000002   Code   RO         3030    i.HAL_TIMEx_BreakCallback  stm32f4xx_hal_tim_ex.o
    0x08004b2a   0x08004b2a   0x00000002   Code   RO         3031    i.HAL_TIMEx_CommutCallback  stm32f4xx_hal_tim_ex.o
    0x08004b2c   0x08004b2c   0x000000b4   Code   RO         3049    i.HAL_TIMEx_MasterConfigSynchronization  stm32f4xx_hal_tim_ex.o
    0x08004be0   0x08004be0   0x00000066   Code   RO         2315    i.HAL_TIM_Base_Init  stm32f4xx_hal_tim.o
    0x08004c46   0x08004c46   0x00000002   PAD
    0x08004c48   0x08004c48   0x00000078   Code   RO          517    i.HAL_TIM_Base_MspInit  tim.o
    0x08004cc0   0x08004cc0   0x000000a8   Code   RO         2320    i.HAL_TIM_Base_Start_IT  stm32f4xx_hal_tim.o
    0x08004d68   0x08004d68   0x0000010c   Code   RO         2324    i.HAL_TIM_ConfigClockSource  stm32f4xx_hal_tim.o
    0x08004e74   0x08004e74   0x00000002   Code   RO         2349    i.HAL_TIM_IC_CaptureCallback  stm32f4xx_hal_tim.o
    0x08004e76   0x08004e76   0x00000196   Code   RO         2363    i.HAL_TIM_IRQHandler  stm32f4xx_hal_tim.o
    0x0800500c   0x0800500c   0x00000060   Code   RO          518    i.HAL_TIM_MspPostInit  tim.o
    0x0800506c   0x0800506c   0x00000002   Code   RO         2366    i.HAL_TIM_OC_DelayElapsedCallback  stm32f4xx_hal_tim.o
    0x0800506e   0x0800506e   0x00000104   Code   RO         2387    i.HAL_TIM_PWM_ConfigChannel  stm32f4xx_hal_tim.o
    0x08005172   0x08005172   0x00000066   Code   RO         2390    i.HAL_TIM_PWM_Init  stm32f4xx_hal_tim.o
    0x080051d8   0x080051d8   0x00000002   Code   RO         2392    i.HAL_TIM_PWM_MspInit  stm32f4xx_hal_tim.o
    0x080051da   0x080051da   0x00000002   Code   RO         2393    i.HAL_TIM_PWM_PulseFinishedCallback  stm32f4xx_hal_tim.o
    0x080051dc   0x080051dc   0x0000010c   Code   RO         2395    i.HAL_TIM_PWM_Start  stm32f4xx_hal_tim.o
    0x080052e8   0x080052e8   0x00000028   Code   RO           14    i.HAL_TIM_PeriodElapsedCallback  main.o
    0x08005310   0x08005310   0x00000002   Code   RO         2406    i.HAL_TIM_TriggerCallback  stm32f4xx_hal_tim.o
    0x08005312   0x08005312   0x00000002   Code   RO         3308    i.HAL_UARTEx_RxEventCallback  stm32f4xx_hal_uart.o
    0x08005314   0x08005314   0x0000008a   Code   RO         3320    i.HAL_UART_DMAStop  stm32f4xx_hal_uart.o
    0x0800539e   0x0800539e   0x00000002   Code   RO         3322    i.HAL_UART_ErrorCallback  stm32f4xx_hal_uart.o
    0x080053a0   0x080053a0   0x000002e0   Code   RO         3325    i.HAL_UART_IRQHandler  stm32f4xx_hal_uart.o
    0x08005680   0x08005680   0x00000072   Code   RO         3326    i.HAL_UART_Init     stm32f4xx_hal_uart.o
    0x080056f2   0x080056f2   0x00000002   PAD
    0x080056f4   0x080056f4   0x00000544   Code   RO          571    i.HAL_UART_MspInit  usart.o
    0x08005c38   0x08005c38   0x00000042   Code   RO         3330    i.HAL_UART_Receive_DMA  stm32f4xx_hal_uart.o
    0x08005c7a   0x08005c7a   0x00000002   Code   RO         3332    i.HAL_UART_RxCpltCallback  stm32f4xx_hal_uart.o
    0x08005c7c   0x08005c7c   0x00000002   Code   RO         3333    i.HAL_UART_RxHalfCpltCallback  stm32f4xx_hal_uart.o
    0x08005c7e   0x08005c7e   0x000000d2   Code   RO         3334    i.HAL_UART_Transmit  stm32f4xx_hal_uart.o
    0x08005d50   0x08005d50   0x000000ac   Code   RO         3335    i.HAL_UART_Transmit_DMA  stm32f4xx_hal_uart.o
    0x08005dfc   0x08005dfc   0x00000002   Code   RO         3337    i.HAL_UART_TxCpltCallback  stm32f4xx_hal_uart.o
    0x08005dfe   0x08005dfe   0x00000002   Code   RO         3338    i.HAL_UART_TxHalfCpltCallback  stm32f4xx_hal_uart.o
    0x08005e00   0x08005e00   0x00000004   Code   RO          653    i.HardFault_Handler  stm32f4xx_it.o
    0x08005e04   0x08005e04   0x0000001c   Code   RO         8533    i.LaserModuleGroup_AnalysisModulesMeasurementResults  laserpositioning_task.o
    0x08005e20   0x08005e20   0x000000d4   Code   RO         8534    i.LaserModuleGroup_Init  laserpositioning_task.o
    0x08005ef4   0x08005ef4   0x0000007c   Code   RO         8535    i.LaserModule_AnalysisModulesMeasurementResults  laserpositioning_task.o
    0x08005f70   0x08005f70   0x00000060   Code   RO         8536    i.LaserModule_StateContinuousAutomaticMeasurement  laserpositioning_task.o
    0x08005fd0   0x08005fd0   0x00000024   Code   RO         8537    i.LaserModule_StopContinuousAutomaticMeasurement  laserpositioning_task.o
    0x08005ff4   0x08005ff4   0x00000094   Code   RO         8538    i.LaserModule_TurnOnTheLaserPointer  laserpositioning_task.o
    0x08006088   0x08006088   0x00000040   Code   RO         7849    i.LaserPositionin_UART4_RxCallback  service_communication.o
    0x080060c8   0x080060c8   0x00000040   Code   RO         7850    i.LaserPositionin_UART6_RxCallback  service_communication.o
    0x08006108   0x08006108   0x00000030   Code   RO         8539    i.LaserPositioning_GetYaw  laserpositioning_task.o
    0x08006138   0x08006138   0x0000009c   Code   RO         8540    i.LaserPositioning_SendXYWorldCoordinates  laserpositioning_task.o
    0x080061d4   0x080061d4   0x00000074   Code   RO         8541    i.LaserPositioning_Task  laserpositioning_task.o
    0x08006248   0x08006248   0x00000148   Code   RO         8542    i.LaserPositioning_XYWorldCoordinatesCalculate  laserpositioning_task.o
    0x08006390   0x08006390   0x00000044   Code   RO          442    i.MX_CAN1_Init      can.o
    0x080063d4   0x080063d4   0x00000044   Code   RO          443    i.MX_CAN2_Init      can.o
    0x08006418   0x08006418   0x000000e8   Code   RO          489    i.MX_DMA_Init       dma.o
    0x08006500   0x08006500   0x000000a0   Code   RO          368    i.MX_FREERTOS_Init  freertos.o
    0x080065a0   0x080065a0   0x00000114   Code   RO          247    i.MX_GPIO_Init      gpio.o
    0x080066b4   0x080066b4   0x0000006c   Code   RO          519    i.MX_TIM10_Init     tim.o
    0x08006720   0x08006720   0x0000006c   Code   RO          520    i.MX_TIM4_Init      tim.o
    0x0800678c   0x0800678c   0x00000038   Code   RO          572    i.MX_UART4_Init     usart.o
    0x080067c4   0x080067c4   0x00000038   Code   RO          573    i.MX_USART1_UART_Init  usart.o
    0x080067fc   0x080067fc   0x00000038   Code   RO          574    i.MX_USART2_UART_Init  usart.o
    0x08006834   0x08006834   0x00000038   Code   RO          575    i.MX_USART3_UART_Init  usart.o
    0x0800686c   0x0800686c   0x00000038   Code   RO          576    i.MX_USART6_UART_Init  usart.o
    0x080068a4   0x080068a4   0x00000004   Code   RO          654    i.MemManage_Handler  stm32f4xx_it.o
    0x080068a8   0x080068a8   0x0000002e   Code   RO         8544    i.MyUART_Transmit   laserpositioning_task.o
    0x080068d6   0x080068d6   0x00000004   Code   RO          655    i.NMI_Handler       stm32f4xx_it.o
    0x080068da   0x080068da   0x00000022   Code   RO         5712    i.PWM_ReInit        drive_tim.o
    0x080068fc   0x080068fc   0x000000f8   Code   RO         7421    i.Position_UART3_RxCallback  position.o
    0x080069f4   0x080069f4   0x00000002   Code   RO         8546    i.SendPositionXYCoordinates  laserpositioning_task.o
    0x080069f6   0x080069f6   0x00000036   Code   RO         5713    i.Set_PwmDuty       drive_tim.o
    0x08006a2c   0x08006a2c   0x00000016   Code   RO         4845    i.SysTick_Handler   cmsis_os2.o
    0x08006a42   0x08006a42   0x00000002   PAD
    0x08006a44   0x08006a44   0x000000b4   Code   RO           15    i.SystemClock_Config  main.o
    0x08006af8   0x08006af8   0x00000014   Code   RO         3665    i.SystemInit        system_stm32f4xx.o
    0x08006b0c   0x08006b0c   0x000000c4   Code   RO         7968    i.System_Resource_Init  service_config.o
    0x08006bd0   0x08006bd0   0x00000010   Code   RO          656    i.TIM3_IRQHandler   stm32f4xx_it.o
    0x08006be0   0x08006be0   0x00000010   Code   RO          657    i.TIM4_IRQHandler   stm32f4xx_it.o
    0x08006bf0   0x08006bf0   0x000000d8   Code   RO         2408    i.TIM_Base_SetConfig  stm32f4xx_hal_tim.o
    0x08006cc8   0x08006cc8   0x00000022   Code   RO         2409    i.TIM_CCxChannelCmd  stm32f4xx_hal_tim.o
    0x08006cea   0x08006cea   0x00000016   Code   RO         2419    i.TIM_ETR_SetConfig  stm32f4xx_hal_tim.o
    0x08006d00   0x08006d00   0x00000012   Code   RO         2420    i.TIM_ITRx_SetConfig  stm32f4xx_hal_tim.o
    0x08006d12   0x08006d12   0x00000002   PAD
    0x08006d14   0x08006d14   0x00000070   Code   RO         2421    i.TIM_OC1_SetConfig  stm32f4xx_hal_tim.o
    0x08006d84   0x08006d84   0x0000007c   Code   RO         2422    i.TIM_OC2_SetConfig  stm32f4xx_hal_tim.o
    0x08006e00   0x08006e00   0x00000078   Code   RO         2423    i.TIM_OC3_SetConfig  stm32f4xx_hal_tim.o
    0x08006e78   0x08006e78   0x00000054   Code   RO         2424    i.TIM_OC4_SetConfig  stm32f4xx_hal_tim.o
    0x08006ecc   0x08006ecc   0x00000026   Code   RO         2426    i.TIM_TI1_ConfigInputStage  stm32f4xx_hal_tim.o
    0x08006ef2   0x08006ef2   0x00000028   Code   RO         2428    i.TIM_TI2_ConfigInputStage  stm32f4xx_hal_tim.o
    0x08006f1a   0x08006f1a   0x00000002   PAD
    0x08006f1c   0x08006f1c   0x00000020   Code   RO         5715    i.Timer_Init        drive_tim.o
    0x08006f3c   0x08006f3c   0x00000018   Code   RO          658    i.UART4_IRQHandler  stm32f4xx_it.o
    0x08006f54   0x08006f54   0x00000014   Code   RO         3339    i.UART_DMAAbortOnError  stm32f4xx_hal_uart.o
    0x08006f68   0x08006f68   0x00000050   Code   RO         3340    i.UART_DMAError     stm32f4xx_hal_uart.o
    0x08006fb8   0x08006fb8   0x000000b0   Code   RO         3341    i.UART_DMAReceiveCplt  stm32f4xx_hal_uart.o
    0x08007068   0x08007068   0x00000020   Code   RO         3343    i.UART_DMARxHalfCplt  stm32f4xx_hal_uart.o
    0x08007088   0x08007088   0x00000058   Code   RO         3345    i.UART_DMATransmitCplt  stm32f4xx_hal_uart.o
    0x080070e0   0x080070e0   0x0000000e   Code   RO         3347    i.UART_DMATxHalfCplt  stm32f4xx_hal_uart.o
    0x080070ee   0x080070ee   0x0000006c   Code   RO         3349    i.UART_EndRxTransfer  stm32f4xx_hal_uart.o
    0x0800715a   0x0800715a   0x00000020   Code   RO         3350    i.UART_EndTransmit_IT  stm32f4xx_hal_uart.o
    0x0800717a   0x0800717a   0x00000026   Code   RO         3351    i.UART_EndTxTransfer  stm32f4xx_hal_uart.o
    0x080071a0   0x080071a0   0x000000f8   Code   RO         3352    i.UART_Receive_IT   stm32f4xx_hal_uart.o
    0x08007298   0x08007298   0x0000022c   Code   RO         3353    i.UART_SetConfig    stm32f4xx_hal_uart.o
    0x080074c4   0x080074c4   0x000000d0   Code   RO         3354    i.UART_Start_Receive_DMA  stm32f4xx_hal_uart.o
    0x08007594   0x08007594   0x00000060   Code   RO         3356    i.UART_Transmit_IT  stm32f4xx_hal_uart.o
    0x080075f4   0x080075f4   0x00000092   Code   RO         3357    i.UART_WaitOnFlagUntilTimeout  stm32f4xx_hal_uart.o
    0x08007686   0x08007686   0x00000002   PAD
    0x08007688   0x08007688   0x00000018   Code   RO          659    i.USART1_IRQHandler  stm32f4xx_it.o
    0x080076a0   0x080076a0   0x00000018   Code   RO          660    i.USART2_IRQHandler  stm32f4xx_it.o
    0x080076b8   0x080076b8   0x00000018   Code   RO          661    i.USART3_IRQHandler  stm32f4xx_it.o
    0x080076d0   0x080076d0   0x00000018   Code   RO          662    i.USART6_IRQHandler  stm32f4xx_it.o
    0x080076e8   0x080076e8   0x00000194   Code   RO         5784    i.Uart_Init         drive_uart.o
    0x0800787c   0x0800787c   0x00000018   Code   RO         5785    i.Uart_Receive_Handler  drive_uart.o
    0x08007894   0x08007894   0x00000050   Code   RO         5786    i.Uart_Rx_Idle_Callback  drive_uart.o
    0x080078e4   0x080078e4   0x000001a0   Code   RO         7422    i.Update_RawPosition  position.o
    0x08007a84   0x08007a84   0x00000010   Code   RO         5716    i.Update_SystemTick  drive_tim.o
    0x08007a94   0x08007a94   0x00000004   Code   RO          663    i.UsageFault_Handler  stm32f4xx_it.o
    0x08007a98   0x08007a98   0x00000004   Code   RO         5787    i.Usart_Rx_Callback_Register  drive_uart.o
    0x08007a9c   0x08007a9c   0x0000000a   Code   RO         8040    i.User_Debug_Task   user_debug.o
    0x08007aa6   0x08007aa6   0x00000002   PAD
    0x08007aa8   0x08007aa8   0x000001c0   Code   RO         8334    i._Z12PidParamInitv  chassis_task.o
    0x08007c68   0x08007c68   0x00000040   Code   RO         5968    i._Z14pid_param_initP6_PID_T6pid_stffffffff  pid.o
    0x08007ca8   0x08007ca8   0x00000084   Code   RO         8335    i._Z16UpdatePitchLevelfi  chassis_task.o
    0x08007d2c   0x08007d2c   0x0000001c   Code   RO         6126    i._Z22_tool_buffer_get_int16PKhPi  tool.o
    0x08007d48   0x08007d48   0x00000030   Code   RO         6127    i._Z22_tool_buffer_get_int32PKhPi  tool.o
    0x08007d78   0x08007d78   0x0000002e   Code   RO         6133    i._Z25_tool_buffer_append_int32PhiPi  tool.o
    0x08007da6   0x08007da6   0x00000002   PAD
    0x08007da8   0x08007da8   0x000000dc   Code   RO         6921    i._ZN10Motor_Base12update_angleEPh  chassis_swerve.o
    0x08007e84   0x08007e84   0x0000004e   Code   RO         8145    i._ZN10Motor_C62014CanMsg_ProcessER9CAN_TxMsg  user_debug.o
    0x08007ed2   0x08007ed2   0x00000028   Code   RO         7919    i._ZN10Motor_C6206updateEPh  service_communication.o
    0x08007efa   0x08007efa   0x00000002   PAD
    0x08007efc   0x08007efc   0x00000034   Code   RO         8393    i._ZN10Motor_C620C1Eh  chassis_task.o
    0x08007f30   0x08007f30   0x0000000e   Code   RO         8079    i._ZN10Motor_C620D1Ev  user_debug.o
    0x08007f3e   0x08007f3e   0x0000000e   Code   RO         6955    i._ZN11Motor_Speed12update_speedEPh  chassis_swerve.o
    0x08007f4c   0x08007f4c   0x00000048   Code   RO         8073    i._ZN11Motor_SpeedC2Eh  user_debug.o
    0x08007f94   0x08007f94   0x00000008   Code   RO         6869    i._ZN11Motor_SpeedD2Ev  chassis_swerve.o
    0x08007f9c   0x08007f9c   0x00000024   Code   RO         6510    i._ZN12Chassis_Base25ChassisVel_Trans_MotorRPMEff  omni_chassis.o
    0x08007fc0   0x08007fc0   0x00000014   Code   RO         6456    i._ZN12Omni_Chassis13Motor_ControlEv  omni_chassis.o
    0x08007fd4   0x08007fd4   0x00000026   Code   RO         6457    i._ZN12Omni_Chassis13Pid_Mode_InitEiffbb  omni_chassis.o
    0x08007ffa   0x08007ffa   0x00000052   Code   RO         6458    i._ZN12Omni_Chassis14Pid_Param_InitEiffffff  omni_chassis.o
    0x0800804c   0x0800804c   0x00000384   Code   RO         6459    i._ZN12Omni_Chassis18Velocity_CalculateE13Robot_Twist_t  omni_chassis.o
    0x080083d0   0x080083d0   0x0000009e   Code   RO         6460    i._ZN12Omni_Chassis7ControlE13Robot_Twist_t  omni_chassis.o
    0x0800846e   0x0800846e   0x00000002   PAD
    0x08008470   0x08008470   0x00000134   Code   RO         8405    i._ZN12Omni_ChassisC1Effif  chassis_task.o
    0x080085a4   0x080085a4   0x0000002c   Code   RO         8429    i._ZN12Omni_ChassisD1Ev  chassis_task.o
    0x080085d0   0x080085d0   0x000002dc   Code   RO         6071    i._ZN12TrapePlanner4PlanEfff  speed_plan.o
    0x080088ac   0x080088ac   0x0000000c   Code   RO         6095    i._ZN12TrapePlanner5ResetEv  speed_plan.o
    0x080088b8   0x080088b8   0x00000048   Code   RO         8411    i._ZN12TrapePlannerC1Efffff  chassis_task.o
    0x08008900   0x08008900   0x0000001a   Code   RO         5865    i._ZN13LowPassFilter1fEf  filter.o
    0x0800891a   0x0800891a   0x0000000e   Code   RO         5866    i._ZN13LowPassFilter2inEf  filter.o
    0x08008928   0x08008928   0x00000022   Code   RO         5867    i._ZN13LowPassFilter3outEv  filter.o
    0x0800894a   0x0800894a   0x00000002   PAD
    0x0800894c   0x0800894c   0x00000018   Code   RO         8423    i._ZN13LowPassFilterC1Ef  chassis_task.o
    0x08008964   0x08008964   0x000000a8   Code   RO         6248    i._ZN15ShootController12GetShootInfoEffffPNS_12Shoot_Info_EE  shoot.o
    0x08008a0c   0x08008a0c   0x0000004e   Code   RO         6249    i._ZN15ShootController13GetShootSpeedEfi  shoot.o
    0x08008a5a   0x08008a5a   0x00000030   Code   RO         6250    i._ZN15ShootController4InitEPKNS_13SplineSegmentEPKfti  shoot.o
    0x08008a8a   0x08008a8a   0x00000002   PAD
    0x08008a8c   0x08008a8c   0x00000074   Code   RO         6251    i._ZN15ShootController9CalcSpeedEfPKNS_13SplineSegmentEPKft  shoot.o
    0x08008b00   0x08008b00   0x0000001a   Code   RO         6252    i._ZN15ShootControllerC1Ev  shoot.o
    0x08008b1a   0x08008b1a   0x00000012   Code   RO         7304    i._ZN3PID13PID_Mode_InitEffbb  launcher.o
    0x08008b2c   0x08008b2c   0x00000018   Code   RO         5973    i._ZN3PID14PID_Param_InitEffffff  pid.o
    0x08008b44   0x08008b44   0x00000298   Code   RO         5974    i._ZN3PID6AdjustEv  pid.o
    0x08008ddc   0x08008ddc   0x000000e0   Code   RO         8387    i._ZN3PIDC1Ev       chassis_task.o
    0x08008ebc   0x08008ebc   0x00000014   Code   RO         8435    i._ZN3PIDD1Ev       chassis_task.o
    0x08008ed0   0x08008ed0   0x0000002c   Code   RO         7926    i._ZN4VESC11update_vescEP13CAN_RxMessage  service_communication.o
    0x08008efc   0x08008efc   0x00000024   Code   RO         6989    i._ZN4VESC12update_angleEPh  chassis_swerve.o
    0x08008f20   0x08008f20   0x00000060   Code   RO         6983    i._ZN4VESC12update_speedEPh  chassis_swerve.o
    0x08008f80   0x08008f80   0x000000e0   Code   RO         6970    i._ZN4VESC14CanMsg_ProcessER9CAN_TxMsg  chassis_swerve.o
    0x08009060   0x08009060   0x00000030   Code   RO         6976    i._ZN4VESC6updateEPh  chassis_swerve.o
    0x08009090   0x08009090   0x00000078   Code   RO         6842    i._ZN4VESCC1ERKS_   chassis_swerve.o
    0x08009108   0x08009108   0x00000034   Code   RO         8399    i._ZN4VESCC1Eh      chassis_task.o
    0x0800913c   0x0800913c   0x00000010   Code   RO         6836    i._ZN4VESCD1Ev      chassis_swerve.o
    0x0800914c   0x0800914c   0x000000c8   Code   RO         6307    i._ZN6AirJoy11data_updateEtt  air_joy.o
    0x08009214   0x08009214   0x000000a8   Code   RO         7249    i._ZN8Launcher10Catch_CtrlEb  launcher.o
    0x080092bc   0x080092bc   0x000000e4   Code   RO         7250    i._ZN8Launcher12PitchControlEf  launcher.o
    0x080093a0   0x080093a0   0x000000f4   Code   RO         7251    i._ZN8Launcher12ShootControlEbbf  launcher.o
    0x08009494   0x08009494   0x00000072   Code   RO         8375    i._ZN8Launcher13Pid_Mode_InitEiffbb  chassis_task.o
    0x08009506   0x08009506   0x0000009e   Code   RO         8381    i._ZN8Launcher14Pid_Param_InitEiffffff  chassis_task.o
    0x080095a4   0x080095a4   0x00000234   Code   RO         7252    i._ZN8Launcher14Pitch_AutoCtrlEf  launcher.o
    0x080097d8   0x080097d8   0x0000007c   Code   RO         7253    i._ZN8Launcher15LaunchMotorCtrlEv  launcher.o
    0x08009854   0x08009854   0x000000ac   Code   RO         7254    i._ZN8Launcher5ResetEv  launcher.o
    0x08009900   0x08009900   0x00000154   Code   RO         8417    i._ZN8LauncherC1Eff  chassis_task.o
    0x08009a54   0x08009a54   0x00000060   Code   RO         8432    i._ZN8LauncherD1Ev  chassis_task.o
    0x08009ab4   0x08009ab4   0x0000007c   Code   RO         5975    i._ZN8PidTimer16update_timeStampEv  pid.o
    0x08009b30   0x08009b30   0x00000014   Code   RO         5976    i._ZN8PidTimer19getMicroTick_registEPFjvE  pid.o
    0x08009b44   0x08009b44   0x00000010   Code   RO         8082    i._ZN9DM_DriverD1Ev  user_debug.o
    0x08009b54   0x08009b54   0x00000010   Code   RO         8088    i._ZN9RM_CommonD2Ev  user_debug.o
    0x08009b64   0x08009b64   0x0000000c   Code   RO         7316    i._ZNK10Motor_Base11get_encoderEv  launcher.o
    0x08009b70   0x08009b70   0x0000000c   Code   RO         6934    i._ZNK10Motor_Base19ENCODER_ANGLE_RATIOEv  chassis_swerve.o
    0x08009b7c   0x08009b7c   0x00000006   Code   RO         6915    i._ZNK10Motor_Base21GET_MOTOR_DESCRIPTIONEv  chassis_swerve.o
    0x08009b82   0x08009b82   0x00000006   Code   RO         7310    i._ZNK10Motor_Base9get_angleEv  launcher.o
    0x08009b88   0x08009b88   0x0000000c   Code   RO         8139    i._ZNK10Motor_C62011MAX_CURRENTEv  user_debug.o
    0x08009b94   0x08009b94   0x00000006   Code   RO         8152    i._ZNK10Motor_C62021GET_MOTOR_DESCRIPTIONEv  user_debug.o
    0x08009b9a   0x08009b9a   0x00000008   Code   RO         6949    i._ZNK11Motor_Speed9get_speedEv  chassis_swerve.o
    0x08009ba2   0x08009ba2   0x00000084   Code   RO         6253    i._ZNK15ShootController11FindSegmentEfPKft  shoot.o
    0x08009c26   0x08009c26   0x00000006   Code   RO         6961    i._ZNK4VESC14GET_MOTOR_FLAGEv  chassis_swerve.o
    0x08009c2c   0x08009c2c   0x00000008   Code   RO         8127    i._ZNK9RM_Common11send_id_lowEv  user_debug.o
    0x08009c34   0x08009c34   0x00000008   Code   RO         8121    i._ZNK9RM_Common12send_id_highEv  user_debug.o
    0x08009c3c   0x08009c3c   0x00000070   Code   RO         8194    i._ZNK9RM_Common13prepareCANMsgER9CAN_TxMsgs  user_debug.o
    0x08009cac   0x08009cac   0x00000006   Code   RO         8106    i._ZNK9RM_Common14GET_MOTOR_FLAGEv  user_debug.o
    0x08009cb2   0x08009cb2   0x00000018   Code   RO         6857    i._ZSt3cosf         chassis_swerve.o
    0x08009cca   0x08009cca   0x00000018   Code   RO         6863    i._ZSt3sinf         chassis_swerve.o
    0x08009ce2   0x08009ce2   0x00000018   Code   RO         6083    i._ZSt4sqrtf        speed_plan.o
    0x08009cfa   0x08009cfa   0x00000030   Code   RO         9400    i.__ARM_fpclassify  m_wm.l(fpclassify.o)
    0x08009d2a   0x08009d2a   0x00000026   Code   RO         9170    i.__ARM_fpclassifyf  m_wm.l(fpclassifyf.o)
    0x08009d50   0x08009d50   0x00000010   Code   RO         1933    i.__NVIC_GetPriorityGrouping  stm32f4xx_hal_cortex.o
    0x08009d60   0x08009d60   0x00000028   Code   RO         1934    i.__NVIC_SetPriority  stm32f4xx_hal_cortex.o
    0x08009d88   0x08009d88   0x00000024   Code   RO         8831    i.__aeabi_vec_ctor_nocookie_nodtor  cpprt_w.l(aeabi_vec_ctor_nocookie_nodtor.o)
    0x08009dac   0x08009dac   0x00000010   Code   RO         8716    i.__cxa_guard_acquire  cpprt_w.l(cxa_guard_acquire.o)
    0x08009dbc   0x08009dbc   0x00000006   Code   RO         4847    i.__get_IPSR        cmsis_os2.o
    0x08009dc2   0x08009dc2   0x00000002   PAD
    0x08009dc4   0x08009dc4   0x0000012c   Code   RO         8856    i.__hardfp_asinf    m_wm.l(asinf.o)
    0x08009ef0   0x08009ef0   0x00000250   Code   RO         8868    i.__hardfp_atan2f   m_wm.l(atan2f.o)
    0x0800a140   0x0800a140   0x00000150   Code   RO         8880    i.__hardfp_cosf     m_wm.l(cosf.o)
    0x0800a290   0x0800a290   0x00000190   Code   RO         8892    i.__hardfp_sinf     m_wm.l(sinf.o)
    0x0800a420   0x0800a420   0x0000003a   Code   RO         8904    i.__hardfp_sqrtf    m_wm.l(sqrtf.o)
    0x0800a45a   0x0800a45a   0x00000006   Code   RO         9173    i.__mathlib_flt_infnan  m_wm.l(funder.o)
    0x0800a460   0x0800a460   0x00000006   Code   RO         9174    i.__mathlib_flt_infnan2  m_wm.l(funder.o)
    0x0800a466   0x0800a466   0x00000002   PAD
    0x0800a468   0x0800a468   0x00000010   Code   RO         9175    i.__mathlib_flt_invalid  m_wm.l(funder.o)
    0x0800a478   0x0800a478   0x00000010   Code   RO         9178    i.__mathlib_flt_underflow  m_wm.l(funder.o)
    0x0800a488   0x0800a488   0x00000154   Code   RO         9186    i.__mathlib_rredf2  m_wm.l(rredf.o)
    0x0800a5dc   0x0800a5dc   0x00000038   Code   RO         6308    i.__sti___11_air_joy_cpp_air_joy  air_joy.o
    0x0800a614   0x0800a614   0x00000018   Code   RO         8257    i.__sti___11_fsm_joy_cpp_24180372  fsm_joy.o
    0x0800a62c   0x0800a62c   0x00000018   Code   RO         7255    i.__sti___12_launcher_cpp_b92dfea1  launcher.o
    0x0800a644   0x0800a644   0x00000018   Code   RO         7775    i.__sti___13_data_pool_cpp_35791fe7  data_pool.o
    0x0800a65c   0x0800a65c   0x0000010c   Code   RO         8041    i.__sti___14_user_debug_cpp_M3508  user_debug.o
    0x0800a768   0x0800a768   0x0000008c   Code   RO         8336    i.__sti___16_chassis_task_cpp_705e68ac  chassis_task.o
    0x0800a7f4   0x0800a7f4   0x00000018   Code   RO         7969    i.__sti___18_service_config_cpp_be46bf9b  service_config.o
    0x0800a80c   0x0800a80c   0x00000018   Code   RO         7853    i.__sti___25_service_communication_cpp_06a294b1  service_communication.o
    0x0800a824   0x0800a824   0x0000000e   Code   RO         9050    i._is_digit         c_w.l(__printf_wp.o)
    0x0800a832   0x0800a832   0x0000003c   Code   RO         5514    i.comm_can_transmit_extid  drive_can.o
    0x0800a86e   0x0800a86e   0x0000003a   Code   RO         5515    i.comm_can_transmit_stdid  drive_can.o
    0x0800a8a8   0x0800a8a8   0x00000048   Code   RO           16    i.main              main.o
    0x0800a8f0   0x0800a8f0   0x0000001e   Code   RO         4848    i.osDelay           cmsis_os2.o
    0x0800a90e   0x0800a90e   0x00000002   PAD
    0x0800a910   0x0800a910   0x0000002c   Code   RO         4862    i.osKernelInitialize  cmsis_os2.o
    0x0800a93c   0x0800a93c   0x00000060   Code   RO         4865    i.osKernelStart     cmsis_os2.o
    0x0800a99c   0x0800a99c   0x000000b8   Code   RO         4907    i.osThreadNew       cmsis_os2.o
    0x0800aa54   0x0800aa54   0x00000044   Code   RO         5788    i.printf_DMA        drive_uart.o
    0x0800aa98   0x0800aa98   0x0000007c   Code   RO         4282    i.prvAddCurrentTaskToDelayedList  tasks.o
    0x0800ab14   0x0800ab14   0x000000b8   Code   RO         4283    i.prvAddNewTaskToReadyList  tasks.o
    0x0800abcc   0x0800abcc   0x00000074   Code   RO         4658    i.prvCheckForValidListAndQueue  timers.o
    0x0800ac40   0x0800ac40   0x00000048   Code   RO         4284    i.prvCheckTasksWaitingTermination  tasks.o
    0x0800ac88   0x0800ac88   0x0000002a   Code   RO         3869    i.prvCopyDataFromQueue  queue.o
    0x0800acb2   0x0800acb2   0x0000007e   Code   RO         3870    i.prvCopyDataToQueue  queue.o
    0x0800ad30   0x0800ad30   0x00000050   Code   RO         4285    i.prvDeleteTCB      tasks.o
    0x0800ad80   0x0800ad80   0x00000028   Code   RO         4659    i.prvGetNextExpireTime  timers.o
    0x0800ada8   0x0800ada8   0x0000007c   Code   RO         5375    i.prvHeapInit       heap_4.o
    0x0800ae24   0x0800ae24   0x00000028   Code   RO         4286    i.prvIdleTask       tasks.o
    0x0800ae4c   0x0800ae4c   0x0000002a   Code   RO         3873    i.prvInitialiseNewQueue  queue.o
    0x0800ae76   0x0800ae76   0x000000be   Code   RO         4287    i.prvInitialiseNewTask  tasks.o
    0x0800af34   0x0800af34   0x00000068   Code   RO         4288    i.prvInitialiseTaskLists  tasks.o
    0x0800af9c   0x0800af9c   0x00000068   Code   RO         5376    i.prvInsertBlockIntoFreeList  heap_4.o
    0x0800b004   0x0800b004   0x00000058   Code   RO         4661    i.prvInsertTimerInActiveList  timers.o
    0x0800b05c   0x0800b05c   0x0000001a   Code   RO         3874    i.prvIsQueueEmpty   queue.o
    0x0800b076   0x0800b076   0x0000001e   Code   RO         3875    i.prvIsQueueFull    queue.o
    0x0800b094   0x0800b094   0x00000074   Code   RO         4662    i.prvProcessExpiredTimer  timers.o
    0x0800b108   0x0800b108   0x00000164   Code   RO         4663    i.prvProcessReceivedCommands  timers.o
    0x0800b26c   0x0800b26c   0x00000074   Code   RO         4664    i.prvProcessTimerOrBlockTask  timers.o
    0x0800b2e0   0x0800b2e0   0x00000034   Code   RO         4290    i.prvResetNextTaskUnblockTime  tasks.o
    0x0800b314   0x0800b314   0x0000002c   Code   RO         4665    i.prvSampleTimeNow  timers.o
    0x0800b340   0x0800b340   0x000000a4   Code   RO         4666    i.prvSwitchTimerLists  timers.o
    0x0800b3e4   0x0800b3e4   0x00000040   Code   RO         5431    i.prvTaskExitError  port.o
    0x0800b424   0x0800b424   0x0000001a   Code   RO         4667    i.prvTimerTask      timers.o
    0x0800b43e   0x0800b43e   0x0000007e   Code   RO         3876    i.prvUnlockQueue    queue.o
    0x0800b4bc   0x0800b4bc   0x0000014c   Code   RO         5377    i.pvPortMalloc      heap_4.o
    0x0800b608   0x0800b608   0x0000002c   Code   RO         5432    i.pxPortInitialiseStack  port.o
    0x0800b634   0x0800b634   0x0000003e   Code   RO         8906    i.sqrtf             m_wm.l(sqrtf.o)
    0x0800b672   0x0800b672   0x00000028   Code   RO         3829    i.uxListRemove      list.o
    0x0800b69a   0x0800b69a   0x00000002   PAD
    0x0800b69c   0x0800b69c   0x00000018   Code   RO         4919    i.vApplicationGetIdleTaskMemory  cmsis_os2.o
    0x0800b6b4   0x0800b6b4   0x00000018   Code   RO         4920    i.vApplicationGetTimerTaskMemory  cmsis_os2.o
    0x0800b6cc   0x0800b6cc   0x0000001a   Code   RO         3830    i.vListInitialise   list.o
    0x0800b6e6   0x0800b6e6   0x00000006   Code   RO         3831    i.vListInitialiseItem  list.o
    0x0800b6ec   0x0800b6ec   0x00000034   Code   RO         3832    i.vListInsert       list.o
    0x0800b720   0x0800b720   0x00000018   Code   RO         3833    i.vListInsertEnd    list.o
    0x0800b738   0x0800b738   0x00000054   Code   RO         5434    i.vPortEnterCritical  port.o
    0x0800b78c   0x0800b78c   0x0000003c   Code   RO         5435    i.vPortExitCritical  port.o
    0x0800b7c8   0x0800b7c8   0x000000a4   Code   RO         5378    i.vPortFree         heap_4.o
    0x0800b86c   0x0800b86c   0x00000028   Code   RO         5436    i.vPortSetupTimerInterrupt  port.o
    0x0800b894   0x0800b894   0x00000078   Code   RO         5437    i.vPortValidateInterruptPriority  port.o
    0x0800b90c   0x0800b90c   0x0000002c   Code   RO         3882    i.vQueueAddToRegistry  queue.o
    0x0800b938   0x0800b938   0x0000004a   Code   RO         3886    i.vQueueWaitForMessageRestricted  queue.o
    0x0800b982   0x0800b982   0x00000002   PAD
    0x0800b984   0x0800b984   0x0000005c   Code   RO         4303    i.vTaskDelay        tasks.o
    0x0800b9e0   0x0800b9e0   0x000000d4   Code   RO         4304    i.vTaskDelayUntil   tasks.o
    0x0800bab4   0x0800bab4   0x00000018   Code   RO         4308    i.vTaskInternalSetTimeOutState  tasks.o
    0x0800bacc   0x0800bacc   0x0000000c   Code   RO         4309    i.vTaskMissedYield  tasks.o
    0x0800bad8   0x0800bad8   0x00000038   Code   RO         4311    i.vTaskPlaceOnEventList  tasks.o
    0x0800bb10   0x0800bb10   0x00000040   Code   RO         4312    i.vTaskPlaceOnEventListRestricted  tasks.o
    0x0800bb50   0x0800bb50   0x000000b8   Code   RO         4320    i.vTaskStartScheduler  tasks.o
    0x0800bc08   0x0800bc08   0x00000010   Code   RO         4322    i.vTaskSuspendAll   tasks.o
    0x0800bc18   0x0800bc18   0x00000090   Code   RO         4323    i.vTaskSwitchContext  tasks.o
    0x0800bca8   0x0800bca8   0x00000168   Code   RO         5438    i.xPortStartScheduler  port.o
    0x0800be10   0x0800be10   0x00000034   Code   RO         5439    i.xPortSysTickHandler  port.o
    0x0800be44   0x0800be44   0x0000005a   Code   RO         3891    i.xQueueGenericCreate  queue.o
    0x0800be9e   0x0800be9e   0x000000e0   Code   RO         3892    i.xQueueGenericCreateStatic  queue.o
    0x0800bf7e   0x0800bf7e   0x00000002   PAD
    0x0800bf80   0x0800bf80   0x00000098   Code   RO         3893    i.xQueueGenericReset  queue.o
    0x0800c018   0x0800c018   0x000001a8   Code   RO         3894    i.xQueueGenericSend  queue.o
    0x0800c1c0   0x0800c1c0   0x000000fc   Code   RO         3895    i.xQueueGenericSendFromISR  queue.o
    0x0800c2bc   0x0800c2bc   0x00000168   Code   RO         3904    i.xQueueReceive     queue.o
    0x0800c424   0x0800c424   0x0000008c   Code   RO         4325    i.xTaskCheckForTimeOut  tasks.o
    0x0800c4b0   0x0800c4b0   0x00000064   Code   RO         4326    i.xTaskCreate       tasks.o
    0x0800c514   0x0800c514   0x000000ba   Code   RO         4327    i.xTaskCreateStatic  tasks.o
    0x0800c5ce   0x0800c5ce   0x00000002   PAD
    0x0800c5d0   0x0800c5d0   0x00000020   Code   RO         4331    i.xTaskGetSchedulerState  tasks.o
    0x0800c5f0   0x0800c5f0   0x0000000c   Code   RO         4332    i.xTaskGetTickCount  tasks.o
    0x0800c5fc   0x0800c5fc   0x00000144   Code   RO         4334    i.xTaskIncrementTick  tasks.o
    0x0800c740   0x0800c740   0x000000a4   Code   RO         4337    i.xTaskPriorityDisinherit  tasks.o
    0x0800c7e4   0x0800c7e4   0x00000098   Code   RO         4339    i.xTaskRemoveFromEventList  tasks.o
    0x0800c87c   0x0800c87c   0x00000104   Code   RO         4340    i.xTaskResumeAll    tasks.o
    0x0800c980   0x0800c980   0x00000078   Code   RO         4676    i.xTimerCreateTimerTask  timers.o
    0x0800c9f8   0x0800c9f8   0x00000084   Code   RO         4677    i.xTimerGenericCommand  timers.o
    0x0800ca7c   0x0800ca7c   0x0000002c   Code   RO         9357    locale$$code        c_w.l(lc_numeric_c.o)
    0x0800caa8   0x0800caa8   0x0000002c   Code   RO         9412    locale$$code        c_w.l(lc_ctype_c.o)
    0x0800cad4   0x0800cad4   0x000001a4   Code   RO         6502    t._Z14Motor_SendMsgsI10Motor_C620Li3EEvP19__CAN_HandleTypeDefRAT0__T_  omni_chassis.o
    0x0800cc78   0x0800cc78   0x0000002c   Code   RO         6822    t._Z14Motor_SendMsgsI4VESCEvP19__CAN_HandleTypeDefRT_  chassis_swerve.o
    0x0800cca4   0x0800cca4   0x00000160   Code   RO         6814    t._Z14Motor_SendMsgsI4VESCLi1EEvP19__CAN_HandleTypeDefRAT0__T_  chassis_swerve.o
    0x0800ce04   0x0800ce04   0x00000028   Code   RO         6045    t._Z15_tool_ConstrainIfEvPT_S0_S0_  pid.o
    0x0800ce2c   0x0800ce2c   0x00000028   Code   RO         8066    t._Z16motor_constraintIfEvPT_S0_S0_  user_debug.o
    0x0800ce54   0x0800ce54   0x0000001a   Code   RO         6038    t._Z9_tool_AbsIfET_S0_  pid.o
    0x0800ce6e   0x0800ce6e   0x0000000e   Code   RO         8283    t._Z9_tool_AbsIiET_S0_  fsm_joy.o
    0x0800ce7c   0x0800ce7c   0x00000062   Code   RO         8834    x$fpl$d2f           fz_wm.l(d2f.o)
    0x0800cede   0x0800cede   0x00000002   PAD
    0x0800cee0   0x0800cee0   0x00000150   Code   RO         8836    x$fpl$dadd          fz_wm.l(daddsub_clz.o)
    0x0800d030   0x0800d030   0x000002b0   Code   RO         8843    x$fpl$ddiv          fz_wm.l(ddiv.o)
    0x0800d2e0   0x0800d2e0   0x0000002e   Code   RO         8847    x$fpl$dflt          fz_wm.l(dflt_clz.o)
    0x0800d30e   0x0800d30e   0x00000002   PAD
    0x0800d310   0x0800d310   0x00000154   Code   RO         8852    x$fpl$dmul          fz_wm.l(dmul.o)
    0x0800d464   0x0800d464   0x0000009c   Code   RO         9153    x$fpl$dnaninf       fz_wm.l(dnaninf.o)
    0x0800d500   0x0800d500   0x0000000c   Code   RO         9155    x$fpl$dretinf       fz_wm.l(dretinf.o)
    0x0800d50c   0x0800d50c   0x000001d4   Code   RO         8838    x$fpl$dsub          fz_wm.l(daddsub_clz.o)
    0x0800d6e0   0x0800d6e0   0x00000056   Code   RO         8854    x$fpl$f2d           fz_wm.l(f2d.o)
    0x0800d736   0x0800d736   0x0000008c   Code   RO         9157    x$fpl$fnaninf       fz_wm.l(fnaninf.o)
    0x0800d7c2   0x0800d7c2   0x0000000a   Code   RO         9301    x$fpl$fpinit        fz_wm.l(fpinit.o)
    0x0800d7cc   0x0800d7cc   0x0000000a   Code   RO         9159    x$fpl$fretinf       fz_wm.l(fretinf.o)
    0x0800d7d6   0x0800d7d6   0x00000004   Code   RO         9161    x$fpl$printf1       fz_wm.l(printf1.o)
    0x0800d7da   0x0800d7da   0x00000004   Code   RO         9163    x$fpl$printf2       fz_wm.l(printf2.o)
    0x0800d7de   0x0800d7de   0x00000000   Code   RO         9169    x$fpl$usenofp       fz_wm.l(usenofp.o)
    0x0800d7de   0x0800d7de   0x00000002   PAD
    0x0800d7e0   0x0800d7e0   0x000000d8   Data   RO          369    .constdata          freertos.o
    0x0800d8b8   0x0800d8b8   0x00000008   Data   RO         1650    .constdata          stm32f4xx_hal_dma.o
    0x0800d8c0   0x0800d8c0   0x00000018   Data   RO         3666    .constdata          system_stm32f4xx.o
    0x0800d8d8   0x0800d8d8   0x00000014   Data   RO         6313    .constdata          air_joy.o
    0x0800d8ec   0x0800d8ec   0x00000020   Data   RO         8261    .constdata          fsm_joy.o
    0x0800d90c   0x0800d90c   0x00000240   Data   RO         8342    .constdata          chassis_task.o
    0x0800db4c   0x0800db4c   0x00000008   Data   RO         9009    .constdata          c_w.l(_printf_wctomb.o)
    0x0800db54   0x0800db54   0x00000028   Data   RO         9038    .constdata          c_w.l(_printf_hex_int_ll_ptr.o)
    0x0800db7c   0x0800db7c   0x00000011   Data   RO         9058    .constdata          c_w.l(__printf_flags_ss_wp.o)
    0x0800db8d   0x0800db8d   0x00000003   PAD
    0x0800db90   0x0800db90   0x00000020   Data   RO         9187    .constdata          m_wm.l(rredf.o)
    0x0800dbb0   0x0800dbb0   0x00000026   Data   RO         9250    .constdata          c_w.l(_printf_fp_hex.o)
    0x0800dbd6   0x0800dbd6   0x00000002   PAD
    0x0800dbd8   0x0800dbd8   0x00000094   Data   RO         9332    .constdata          c_w.l(bigflt0.o)
    0x0800dc6c   0x0800dc6c   0x00000038   Data   RO         6876    .constdata__ZTV10Motor_Base  chassis_swerve.o
    0x0800dca4   0x0800dca4   0x00000048   Data   RO         8097    .constdata__ZTV10Motor_C620  user_debug.o
    0x0800dcec   0x0800dcec   0x00000040   Data   RO         6878    .constdata__ZTV11Motor_Speed  chassis_swerve.o
    0x0800dd2c   0x0800dd2c   0x00000014   Data   RO         8439    .constdata__ZTV11PlannerBase  chassis_task.o
    0x0800dd40   0x0800dd40   0x00000014   Data   RO         6082    .constdata__ZTV12TrapePlanner  speed_plan.o
    0x0800dd54   0x0800dd54   0x00000040   Data   RO         6880    .constdata__ZTV4VESC  chassis_swerve.o
    0x0800dd94   0x0800dd94   0x00000044   Data   RO         8099    .constdata__ZTV9DM_Driver  user_debug.o
    0x0800ddd8   0x0800ddd8   0x00000048   Data   RO         8095    .constdata__ZTV9RM_Common  user_debug.o
    0x0800de20   0x0800de20   0x00000048   Data   RO          370    .conststring        freertos.o
    0x0800de68   0x0800de68   0x00000020   Data   RO         9452    Region$$Table       anon$$obj.o
    0x0800de88   0x0800de88   0x0000001c   Data   RO         9356    locale$$data        c_w.l(lc_numeric_c.o)
    0x0800dea4   0x0800dea4   0x00000110   Data   RO         9411    locale$$data        c_w.l(lc_ctype_c.o)
    0x0800dfb4   0x0800dfb4   0x00000004   Data   RO         6314    .init_array         air_joy.o
    0x0800dfb8   0x0800dfb4   0x00000004   Data   RO         7264    .init_array         launcher.o
    0x0800dfbc   0x0800dfb4   0x00000004   Data   RO         7780    .init_array         data_pool.o
    0x0800dfc0   0x0800dfb4   0x00000004   Data   RO         7864    .init_array         service_communication.o
    0x0800dfc4   0x0800dfb4   0x00000004   Data   RO         7974    .init_array         service_config.o
    0x0800dfc8   0x0800dfb4   0x00000004   Data   RO         8045    .init_array         user_debug.o
    0x0800dfcc   0x0800dfb4   0x00000004   Data   RO         8263    .init_array         fsm_joy.o
    0x0800dfd0   0x0800dfb4   0x00000004   Data   RO         8344    .init_array         chassis_task.o
    0x0800dfd4   0x0800dfb4   0x00000000   Data   RO         8705    .init_array         c_w.l(init_aeabi.o)


    Execution Region RW_IRAM1 (Exec base: 0x20000000, Load base: 0x0800dfd4, Size: 0x00006348, Max: 0x00020000, ABSOLUTE, COMPRESSED[0x00000034])

    Exec Addr    Load Addr    Size         Type   Attr      Idx    E Section Name        Object

    0x20000000   COMPRESSED   0x00000018   Data   RW          371    .data               freertos.o
    0x20000018   COMPRESSED   0x00000004   Data   RW          445    .data               can.o
    0x2000001c   COMPRESSED   0x00000009   Data   RW         2082    .data               stm32f4xx_hal.o
    0x20000025   COMPRESSED   0x00000003   PAD
    0x20000028   COMPRESSED   0x00000004   Data   RW         3667    .data               system_stm32f4xx.o
    0x2000002c   COMPRESSED   0x0000003c   Data   RW         4343    .data               tasks.o
    0x20000068   COMPRESSED   0x00000014   Data   RW         4685    .data               timers.o
    0x2000007c   COMPRESSED   0x00000004   Data   RW         4922    .data               cmsis_os2.o
    0x20000080   COMPRESSED   0x00000020   Data   RW         5384    .data               heap_4.o
    0x200000a0   COMPRESSED   0x0000000c   Data   RW         5440    .data               port.o
    0x200000ac   COMPRESSED   0x00000008   Data   RW         5517    .data               drive_can.o
    0x200000b4   COMPRESSED   0x0000000c   Data   RW         5719    .data               drive_tim.o
    0x200000c0   COMPRESSED   0x00000002   Data   RW         5791    .data               drive_uart.o
    0x200000c2   COMPRESSED   0x00000002   PAD
    0x200000c4   COMPRESSED   0x00000004   Data   RW         5987    .data               pid.o
    0x200000c8   COMPRESSED   0x00000048   Data   RW         7263    .data               launcher.o
    0x20000110   COMPRESSED   0x00000034   Data   RW         7779    .data               data_pool.o
    0x20000144   COMPRESSED   0x00000008   Data   RW         7863    .data               service_communication.o
    0x2000014c   COMPRESSED   0x00000008   Data   RW         7973    .data               service_config.o
    0x20000154   COMPRESSED   0x0000000c   Data   RW         8262    .data               fsm_joy.o
    0x20000160   COMPRESSED   0x0000002d   Data   RW         8343    .data               chassis_task.o
    0x2000018d   COMPRESSED   0x00000003   PAD
    0x20000190   COMPRESSED   0x0000001c   Data   RW         8548    .data               laserpositioning_task.o
    0x200001ac        -       0x00000050   Zero   RW          444    .bss                can.o
    0x200001fc        -       0x00000090   Zero   RW          521    .bss                tim.o
    0x2000028c        -       0x00000514   Zero   RW          577    .bss                usart.o
    0x200007a0        -       0x00000048   Zero   RW          861    .bss                stm32f4xx_hal_timebase_tim.o
    0x200007e8        -       0x00000040   Zero   RW         3908    .bss                queue.o
    0x20000828        -       0x000004c4   Zero   RW         4342    .bss                tasks.o
    0x20000cec        -       0x00000118   Zero   RW         4684    .bss                timers.o
    0x20000e04        -       0x000006d8   Zero   RW         4921    .bss                cmsis_os2.o
    0x200014dc        -       0x00003c00   Zero   RW         5383    .bss                heap_4.o
    0x200050dc        -       0x00000048   Zero   RW         5516    .bss                drive_can.o
    0x20005124        -       0x000000b4   Zero   RW         5790    .bss                drive_uart.o
    0x200051d8        -       0x0000003c   Zero   RW         6312    .bss                air_joy.o
    0x20005214        -       0x0000004c   Zero   RW         7423    .bss                position.o
    0x20005260        -       0x00000064   Zero   RW         7778    .bss                data_pool.o
    0x200052c4        -       0x000000bc   Zero   RW         8044    .bss                user_debug.o
    0x20005380        -       0x0000002c   Zero   RW         8260    .bss                fsm_joy.o
    0x200053ac   COMPRESSED   0x00000004   PAD
    0x200053b0        -       0x00000900   Zero   RW         8341    .bss                chassis_task.o
    0x20005cb0        -       0x00000038   Zero   RW         8547    .bss                laserpositioning_task.o
    0x20005ce8        -       0x00000060   Zero   RW         9190    .bss                c_w.l(libspace.o)
    0x20005d48        -       0x00000200   Zero   RW            2    HEAP                startup_stm32f407xx.o
    0x20005f48        -       0x00000400   Zero   RW            1    STACK               startup_stm32f407xx.o


==============================================================================

Image component sizes


      Code (inc. data)   RO Data    RW Data    ZI Data      Debug   Object Name

       276         18         24          0         60       9735   air_joy.o
       524         46          0          4         80       2514   can.o
      1258         82        184          0          0     623380   chassis_swerve.o
      3392        368        600         45       2304      30026   chassis_task.o
       430         38          0          4       1752      65147   cmsis_os2.o
       208         48          4         52        100      16188   data_pool.o
       232          6          0          0          0        898   dma.o
       522         60          0          8         72       6437   drive_can.o
         0          0          0          0          0        516   drive_iic.o
       168         16          0         12          0       4185   drive_tim.o
       580         54          0          2        180       5482   drive_uart.o
         0          0          0          0          0      19508   event_groups.o
        74          0          0          0          0       5516   filter.o
       160         72        288         24          0      12607   freertos.o
      1042         52         36         12         44       1855   fsm_joy.o
       276         10          0          0          0     697339   gpio.o
       724         74          0         32      15360       4935   heap_4.o
      1380        138          0         28         56      16805   laserpositioning_task.o
      1560        176          4         72          0      19515   launcher.o
       148          0          0          0          0       3634   list.o
       298         20          0          0          0     676396   main.o
      1654         42          0          0          0     625487   omni_chassis.o
       962         24          0          4          0      10199   pid.o
      1014         92          0         12          0      11833   port.o
       664         50          0          0         76     586486   position.o
      2012         20          0          0         64      18602   queue.o
       532         66          4          8          0      15955   service_communication.o
       252         76          4          8          0      18122   service_config.o
       568         24          0          0          0       6968   shoot.o
       768          6         20          0          0       4135   speed_plan.o
        64         26        392          0       1536        856   startup_stm32f407xx.o
        96         20          0          9          0       8150   stm32f4xx_hal.o
      2186          6          0          0          0      14657   stm32f4xx_hal_can.o
       252         22          0          0          0      33746   stm32f4xx_hal_cortex.o
      1436         16          8          0          0       7134   stm32f4xx_hal_dma.o
       528         50          0          0          0       2123   stm32f4xx_hal_gpio.o
        84          6          0          0          0        882   stm32f4xx_hal_msp.o
      1888         94          0          0          0       6365   stm32f4xx_hal_rcc.o
      2392        142          0          0          0      16672   stm32f4xx_hal_tim.o
       184         30          0          0          0       2541   stm32f4xx_hal_tim_ex.o
       180         20          0          0         72       1499   stm32f4xx_hal_timebase_tim.o
      3290         38          0          0          0      20659   stm32f4xx_hal_uart.o
       408        136          0          0          0      14175   stm32f4xx_it.o
         0          0          0          0          0        392   stream_buffer.o
        20          6         24          4          0       1163   system_stm32f4xx.o
      3020        358          0         60       1220      29020   tasks.o
       432         40          0          0        144       3095   tim.o
      1318        124          0         20        280      33067   timers.o
       122          0          0          0          0       3622   tool.o
      1628        152          0          0       1300       5400   usart.o
       666         78        216          0        188      13805   user_debug.o

    ----------------------------------------------------------------------
     41922       3042       1840        428      24892    3739428   Object Totals
         0          0         32          0          0          0   (incl. Generated)
        50          0          0          8          4          0   (incl. Padding)

    ----------------------------------------------------------------------

      Code (inc. data)   RO Data    RW Data    ZI Data      Debug   Library Member Name

        58          0          0          0          0          0   __dczerorl.o
         8          0          0          0          0         68   __main.o
       392          4         17          0          0         92   __printf_flags_ss_wp.o
        14          0          0          0          0         68   __printf_wp.o
         0          0          0          0          0          0   __rtentry.o
        12          0          0          0          0          0   __rtentry2.o
         6          0          0          0          0          0   __rtentry4.o
        52          8          0          0          0          0   __scatter.o
        28          0          0          0          0          0   __scatter_zi.o
         6          0          0          0          0          0   _printf_a.o
         6          0          0          0          0          0   _printf_c.o
        44          0          0          0          0        108   _printf_char.o
        48          6          0          0          0         96   _printf_char_common.o
        40          0          0          0          0         68   _printf_charcount.o
         6          0          0          0          0          0   _printf_d.o
       120         16          0          0          0         92   _printf_dec.o
         6          0          0          0          0          0   _printf_e.o
         6          0          0          0          0          0   _printf_f.o
      1054          0          0          0          0        216   _printf_fp_dec.o
       764          8         38          0          0        100   _printf_fp_hex.o
       128         16          0          0          0         84   _printf_fp_infnan.o
         6          0          0          0          0          0   _printf_g.o
       148          4         40          0          0        160   _printf_hex_int_ll_ptr.o
         6          0          0          0          0          0   _printf_i.o
       178          0          0          0          0         88   _printf_intcommon.o
        10          0          0          0          0          0   _printf_l.o
         6          0          0          0          0          0   _printf_lc.o
        10          0          0          0          0          0   _printf_ll.o
         6          0          0          0          0          0   _printf_lld.o
         6          0          0          0          0          0   _printf_lli.o
         6          0          0          0          0          0   _printf_llo.o
         6          0          0          0          0          0   _printf_llu.o
         6          0          0          0          0          0   _printf_llx.o
       124         16          0          0          0         92   _printf_longlong_dec.o
         6          0          0          0          0          0   _printf_ls.o
         6          0          0          0          0          0   _printf_n.o
         6          0          0          0          0          0   _printf_o.o
       112         10          0          0          0        124   _printf_oct_int_ll.o
         6          0          0          0          0          0   _printf_p.o
        78          0          0          0          0        108   _printf_pad.o
         0          0          0          0          0          0   _printf_percent.o
         4          0          0          0          0          0   _printf_percent_end.o
         6          0          0          0          0          0   _printf_s.o
        82          0          0          0          0         80   _printf_str.o
        36          0          0          0          0         84   _printf_truncate.o
         6          0          0          0          0          0   _printf_u.o
        44          0          0          0          0        108   _printf_wchar.o
       188          6          8          0          0         92   _printf_wctomb.o
         6          0          0          0          0          0   _printf_x.o
        22          0          0          0          0        100   _rserrno.o
        16          0          0          0          0         68   _snputc.o
        10          0          0          0          0         68   _sputc.o
        64          0          0          0          0         92   _wcrtomb.o
        46          0          0          0          0         84   aeabi_atexit.o
        16          0          0          0          0         68   aeabi_memset.o
       228          4        148          0          0         96   bigflt0.o
      1936        128          0          0          0        672   btod.o
        66          0          0          0          0         84   cxa_finalize.o
        10          0          0          0          0         68   defsig_exit.o
        50          0          0          0          0         88   defsig_general.o
        80         58          0          0          0         76   defsig_rtmem_inner.o
        14          0          0          0          0         80   defsig_rtmem_outer.o
        18          0          0          0          0         80   exit.o
        94          0          0          0          0         80   h1_alloc.o
        52          0          0          0          0         68   h1_extend.o
        78          0          0          0          0         80   h1_free.o
        14          0          0          0          0         84   h1_init.o
         6          0          0          0          0        152   heapauxi.o
         4          0          0          0          0        136   hguard.o
         0          0          0          0          0          0   indicate_semi.o
        36         10          0          0          0         80   init_aeabi.o
       138          0          0          0          0        168   init_alloc.o
        44         10        272          0          0         76   lc_ctype_c.o
        44         10         28          0          0         76   lc_numeric_c.o
         2          0          0          0          0          0   libinit.o
        46          0          0          0          0          0   libinit2.o
         2          0          0          0          0          0   libshutdown.o
         8          0          0          0          0          0   libshutdown2.o
         8          4          0          0         96         68   libspace.o
       138          0          0          0          0         80   lludiv10.o
       238          0          0          0          0        100   lludivv7m.o
         0          0          0          0          0          0   maybetermalloc1.o
        16          4          0          0          0         76   rt_ctype_table.o
         8          4          0          0          0         68   rt_ddtor_pointer_addr_intlibspace.o
         8          4          0          0          0         68   rt_errno_addr_intlibspace.o
         8          4          0          0          0         68   rt_heap_descriptor_intlibspace.o
         8          4          0          0          0         68   rt_locale_intlibspace.o
        68          0          0          0          0         68   rt_memclr.o
        78          0          0          0          0         80   rt_memclr_w.o
       138          0          0          0          0         68   rt_memcpy_v6.o
       100          0          0          0          0         80   rt_memcpy_w.o
         2          0          0          0          0          0   rtexit.o
        10          0          0          0          0          0   rtexit2.o
       128          0          0          0          0         68   strcmpv7m.o
        62          0          0          0          0         76   strlen.o
        12          4          0          0          0         68   sys_exit.o
        74          0          0          0          0         80   sys_stackheap_outer.o
        14          0          0          0          0         76   sys_wrch.o
         2          0          0          0          0         68   use_no_semi.o
        52          4          0          0          0         80   vsnprintf.o
        36          0          0          0          0         84   aeabi_vec_ctor_nocookie_nodtor.o
        34          0          0          0          0         84   aeabi_vec_dtor_noexceptions.o
        16          0          0          0          0         68   cxa_guard_acquire.o
        98          4          0          0          0        140   d2f.o
       804         16          0          0          0        368   daddsub_clz.o
       688        140          0          0          0        256   ddiv.o
        46          0          0          0          0        116   dflt_clz.o
       340         12          0          0          0        152   dmul.o
       156          4          0          0          0        140   dnaninf.o
        12          0          0          0          0        116   dretinf.o
        86          4          0          0          0        132   f2d.o
       140          4          0          0          0        132   fnaninf.o
        10          0          0          0          0        116   fpinit.o
        10          0          0          0          0        116   fretinf.o
         4          0          0          0          0        116   printf1.o
         4          0          0          0          0        116   printf2.o
         0          0          0          0          0          0   usenofp.o
       300         42          0          0          0        176   asinf.o
       592         90          0          0          0        184   atan2f.o
       336         56          0          0          0        136   cosf.o
        48          0          0          0          0        124   fpclassify.o
        38          0          0          0          0        116   fpclassifyf.o
        44         12          0          0          0        464   funder.o
       340         24         32          0          0        160   rredf.o
       400         56          0          0          0        212   sinf.o
       120          0          0          0          0        272   sqrtf.o

    ----------------------------------------------------------------------
     12950        810        588          0         96      10156   Library Totals
        30          0          5          0          0          0   (incl. Padding)

    ----------------------------------------------------------------------

      Code (inc. data)   RO Data    RW Data    ZI Data      Debug   Library Name

      8218        346        551          0         96       6060   c_w.l
        86          0          0          0          0        236   cpprt_w.l
      2398        184          0          0          0       2016   fz_wm.l
      2218        280         32          0          0       1844   m_wm.l

    ----------------------------------------------------------------------
     12950        810        588          0         96      10156   Library Totals

    ----------------------------------------------------------------------

==============================================================================


      Code (inc. data)   RO Data    RW Data    ZI Data      Debug   

     54872       3852       2428        428      24988    3708644   Grand Totals
     54872       3852       2428         52      24988    3708644   ELF Image Totals (compressed)
     54872       3852       2428         52          0          0   ROM Totals

==============================================================================

    Total RO  Size (Code + RO Data)                57300 (  55.96kB)
    Total RW  Size (RW Data + ZI Data)             25416 (  24.82kB)
    Total ROM Size (Code + RO Data + RW Data)      57352 (  56.01kB)

==============================================================================

