<html>
<body>
<pre>
<h1>µVision Build Log</h1>
<h2>Tool Versions:</h2>
IDE-Version: ¦ÌVision V5.24.2.0
Copyright (C) 2017 ARM Ltd and ARM Germany GmbH. All rights reserved.
License Information: you a, GDUT, LIC=21E4T-RRAT6-VETHA-1ZHMQ-E3BTI-I5M57
 
Tool Versions:
Toolchain:       MDK-ARM Plus  Version: 5.24.1
Toolchain Path:  D:\Keil_v5\ARM\ARMCC\Bin
C Compiler:      Armcc.exe V5.06 update 5 (build 528)
Assembler:       Armasm.exe V5.06 update 5 (build 528)
Linker/Locator:  ArmLink.exe V5.06 update 5 (build 528)
Library Manager: ArmAr.exe V5.06 update 5 (build 528)
Hex Converter:   FromElf.exe V5.06 update 5 (build 528)
CPU DLL:         SARMCM3.DLL V5.24.1
Dialog DLL:      DCM.DLL V1.16.0.0
Target DLL:      UL2CM3.DLL V1.160.3.0
Dialog DLL:      TCM.DLL V1.32.0.0
 
<h2>Project:</h2>
D:\desktop\2025 Challenge Competition Materials\2025RC-GDUT2-R1\2025RC_CODE-main\2025RC_CODE-main\SWERVE_play\MDK-ARM\MOTOR_CPP.uvprojx
Project File Date:  05/19/2025

<h2>Output:</h2>
*** Using Compiler 'V5.06 update 5 (build 528)', folder: 'D:\Keil_v5\ARM\ARMCC\Bin'
Rebuild target 'MOTOR_CPP'
assembling startup_stm32f407xx.s...
compiling tim.c...
compiling stm32f4xx_hal_msp.c...
compiling stm32f4xx_it.c...
compiling usart.c...
compiling stm32f4xx_hal_can.c...
compiling freertos.c...
compiling gpio.c...
compiling can.c...
compiling stm32f4xx_hal_timebase_tim.c...
compiling main.c...
compiling stm32f4xx_hal_flash.c...
compiling stm32f4xx_hal_rcc.c...
compiling stm32f4xx_hal_flash_ramfunc.c...
compiling stm32f4xx_hal_rcc_ex.c...
compiling dma.c...
compiling stm32f4xx_hal_flash_ex.c...
compiling croutine.c...
compiling event_groups.c...
compiling list.c...
compiling queue.c...
compiling timers.c...
compiling stream_buffer.c...
compiling tasks.c...
compiling heap_4.c...
compiling port.c...
compiling stm32f4xx_hal_pwr.c...
compiling stm32f4xx_hal_gpio.c...
compiling stm32f4xx_hal_cortex.c...
compiling stm32f4xx_hal.c...
compiling stm32f4xx_hal_pwr_ex.c...
compiling stm32f4xx_hal_exti.c...
compiling system_stm32f4xx.c...
compiling stm32f4xx_hal_dma.c...
compiling stm32f4xx_hal_dma_ex.c...
compiling stm32f4xx_hal_uart.c...
compiling stm32f4xx_hal_tim_ex.c...
compiling filter.cpp...
compiling pid.cpp...
compiling speed_plan.cpp...
compiling stm32f4xx_hal_tim.c...
compiling tool.cpp...
compiling cmsis_os2.c...
compiling drive_can.c...
compiling drive_tim.c...
compiling drive_iic.c...
compiling drive_uart.c...
compiling drive_exti.c...
compiling air_joy.cpp...
compiling service_config.cpp...
compiling omni_chassis.cpp...
compiling launcher.cpp...
compiling service_communication.cpp...
compiling user_debug.cpp...
compiling chassis_swerve.cpp...
compiling chassis_task.cpp...
compiling fsm_joy.cpp...
compiling data_pool.cpp...
linking...
Program Size: Code=32336 RO-data=1192 RW-data=244 ZI-data=23564  
FromELF: creating hex file...
"MOTOR_CPP\MOTOR_CPP.axf" - 0 Error(s), 0 Warning(s).

<h2>Software Packages used:</h2>

Package Vendor: ARM
                http://www.keil.com/pack/ARM.CMSIS.5.0.1.pack
                ARM.CMSIS.5.0.1
                CMSIS (Cortex Microcontroller Software Interface Standard)
   * Component: CORE Version: 5.0.1

Package Vendor: Keil
                http://www.keil.com/pack/Keil.STM32F4xx_DFP.1.0.8.pack
                Keil.STM32F4xx_DFP.1.0.8
                STMicroelectronics STM32F4 Series Device Support, Drivers and Examples

<h2>Collection of Component include folders:</h2>
  .\RTE\_MOTOR_CPP
  D:\Keil_v5\ARM\PACK\ARM\CMSIS\5.0.1\CMSIS\Include
  D:\Keil_v5\ARM\PACK\Keil\STM32F4xx_DFP\1.0.8\Device\Include

<h2>Collection of Component Files used:</h2>

   * Component: ARM::CMSIS:CORE:5.0.1
Build Time Elapsed:  00:00:12
</pre>
</body>
</html>
